<?xml version="1.0"?>
<link_info>
   <banner>TI ARM Linker PC v5.2.2</banner>
   <copyright>Copyright (c) 1996-2015 Texas Instruments Incorporated</copyright>
   <link_time>0x564fa87f</link_time>
   <link_errors>0x0</link_errors>
   <output_file>getting_started_with_wlan_station.out</output_file>
   <entry_point>
      <name>_c_int00</name>
      <address>0x5d9d</address>
   </entry_point>
   <input_file_list>
      <input_file id="fl-2">
         <path>.\</path>
         <kind>object</kind>
         <file>main.obj</file>
         <name>main.obj</name>
      </input_file>
      <input_file id="fl-3">
         <path>.\</path>
         <kind>object</kind>
         <file>tm4c1294ncpdt_startup_ccs.obj</file>
         <name>tm4c1294ncpdt_startup_ccs.obj</name>
      </input_file>
      <input_file id="fl-4">
         <path>.\spi\</path>
         <kind>object</kind>
         <file>spi.obj</file>
         <name>spi.obj</name>
      </input_file>
      <input_file id="fl-5">
         <path>.\simplelink\source\</path>
         <kind>object</kind>
         <file>device.obj</file>
         <name>device.obj</name>
      </input_file>
      <input_file id="fl-6">
         <path>.\simplelink\source\</path>
         <kind>object</kind>
         <file>driver.obj</file>
         <name>driver.obj</name>
      </input_file>
      <input_file id="fl-7">
         <path>.\simplelink\source\</path>
         <kind>object</kind>
         <file>flowcont.obj</file>
         <name>flowcont.obj</name>
      </input_file>
      <input_file id="fl-8">
         <path>.\simplelink\source\</path>
         <kind>object</kind>
         <file>fs.obj</file>
         <name>fs.obj</name>
      </input_file>
      <input_file id="fl-9">
         <path>.\simplelink\source\</path>
         <kind>object</kind>
         <file>netapp.obj</file>
         <name>netapp.obj</name>
      </input_file>
      <input_file id="fl-a">
         <path>.\simplelink\source\</path>
         <kind>object</kind>
         <file>netcfg.obj</file>
         <name>netcfg.obj</name>
      </input_file>
      <input_file id="fl-b">
         <path>.\simplelink\source\</path>
         <kind>object</kind>
         <file>nonos.obj</file>
         <name>nonos.obj</name>
      </input_file>
      <input_file id="fl-c">
         <path>.\simplelink\source\</path>
         <kind>object</kind>
         <file>socket.obj</file>
         <name>socket.obj</name>
      </input_file>
      <input_file id="fl-d">
         <path>.\simplelink\source\</path>
         <kind>object</kind>
         <file>spawn.obj</file>
         <name>spawn.obj</name>
      </input_file>
      <input_file id="fl-e">
         <path>.\simplelink\source\</path>
         <kind>object</kind>
         <file>wlan.obj</file>
         <name>wlan.obj</name>
      </input_file>
      <input_file id="fl-f">
         <path>.\cli_uart\</path>
         <kind>object</kind>
         <file>cli_uart.obj</file>
         <name>cli_uart.obj</name>
      </input_file>
      <input_file id="fl-10">
         <path>.\board\</path>
         <kind>object</kind>
         <file>board.obj</file>
         <name>board.obj</name>
      </input_file>
      <input_file id="fl-137">
         <path>C:\CCSV6\ccsv6\tools\compiler\ti-cgt-arm_5.2.2\lib\</path>
         <kind>archive</kind>
         <file>rtsv7M4_T_le_v4SPD16_eabi.lib</file>
         <name>boot.obj</name>
      </input_file>
      <input_file id="fl-138">
         <path>C:\CCSV6\ccsv6\tools\compiler\ti-cgt-arm_5.2.2\lib\</path>
         <kind>archive</kind>
         <file>rtsv7M4_T_le_v4SPD16_eabi.lib</file>
         <name>copy_decompress_none.obj</name>
      </input_file>
      <input_file id="fl-139">
         <path>C:\CCSV6\ccsv6\tools\compiler\ti-cgt-arm_5.2.2\lib\</path>
         <kind>archive</kind>
         <file>rtsv7M4_T_le_v4SPD16_eabi.lib</file>
         <name>copy_decompress_rle.obj</name>
      </input_file>
      <input_file id="fl-13a">
         <path>C:\CCSV6\ccsv6\tools\compiler\ti-cgt-arm_5.2.2\lib\</path>
         <kind>archive</kind>
         <file>rtsv7M4_T_le_v4SPD16_eabi.lib</file>
         <name>copy_zero_init.obj</name>
      </input_file>
      <input_file id="fl-13b">
         <path>C:\CCSV6\ccsv6\tools\compiler\ti-cgt-arm_5.2.2\lib\</path>
         <kind>archive</kind>
         <file>rtsv7M4_T_le_v4SPD16_eabi.lib</file>
         <name>exit.obj</name>
      </input_file>
      <input_file id="fl-13c">
         <path>C:\CCSV6\ccsv6\tools\compiler\ti-cgt-arm_5.2.2\lib\</path>
         <kind>archive</kind>
         <file>rtsv7M4_T_le_v4SPD16_eabi.lib</file>
         <name>memcpy_t2.obj</name>
      </input_file>
      <input_file id="fl-13d">
         <path>C:\CCSV6\ccsv6\tools\compiler\ti-cgt-arm_5.2.2\lib\</path>
         <kind>archive</kind>
         <file>rtsv7M4_T_le_v4SPD16_eabi.lib</file>
         <name>memset_t2.obj</name>
      </input_file>
      <input_file id="fl-13e">
         <path>C:\CCSV6\ccsv6\tools\compiler\ti-cgt-arm_5.2.2\lib\</path>
         <kind>archive</kind>
         <file>rtsv7M4_T_le_v4SPD16_eabi.lib</file>
         <name>pre_init.obj</name>
      </input_file>
      <input_file id="fl-13f">
         <path>C:\CCSV6\ccsv6\tools\compiler\ti-cgt-arm_5.2.2\lib\</path>
         <kind>archive</kind>
         <file>rtsv7M4_T_le_v4SPD16_eabi.lib</file>
         <name>stkdepth_vars.obj</name>
      </input_file>
      <input_file id="fl-140">
         <path>C:\CCSV6\ccsv6\tools\compiler\ti-cgt-arm_5.2.2\lib\</path>
         <kind>archive</kind>
         <file>rtsv7M4_T_le_v4SPD16_eabi.lib</file>
         <name>strlen.obj</name>
      </input_file>
      <input_file id="fl-141">
         <path>C:\CCSV6\ccsv6\tools\compiler\ti-cgt-arm_5.2.2\lib\</path>
         <kind>archive</kind>
         <file>rtsv7M4_T_le_v4SPD16_eabi.lib</file>
         <name>_lock.obj</name>
      </input_file>
      <input_file id="fl-142">
         <path>C:\CCSV6\ccsv6\tools\compiler\ti-cgt-arm_5.2.2\lib\</path>
         <kind>archive</kind>
         <file>rtsv7M4_T_le_v4SPD16_eabi.lib</file>
         <name>args_main.obj</name>
      </input_file>
      <input_file id="fl-143">
         <path>C:\CCSV6\ccsv6\tools\compiler\ti-cgt-arm_5.2.2\lib\</path>
         <kind>archive</kind>
         <file>rtsv7M4_T_le_v4SPD16_eabi.lib</file>
         <name>autoinit.obj</name>
      </input_file>
      <input_file id="fl-144">
         <path>C:\CCSV6\ccsv6\tools\compiler\ti-cgt-arm_5.2.2\lib\</path>
         <kind>archive</kind>
         <file>rtsv7M4_T_le_v4SPD16_eabi.lib</file>
         <name>cpy_tbl.obj</name>
      </input_file>
      <input_file id="fl-145">
         <path>C:\EK-TM4C129\driverlib\ccs\Debug\</path>
         <kind>archive</kind>
         <file>driverlib.lib</file>
         <name>sysctl.obj</name>
      </input_file>
      <input_file id="fl-146">
         <path>C:\EK-TM4C129\driverlib\ccs\Debug\</path>
         <kind>archive</kind>
         <file>driverlib.lib</file>
         <name>ssi.obj</name>
      </input_file>
      <input_file id="fl-147">
         <path>C:\EK-TM4C129\driverlib\ccs\Debug\</path>
         <kind>archive</kind>
         <file>driverlib.lib</file>
         <name>interrupt.obj</name>
      </input_file>
      <input_file id="fl-148">
         <path>C:\EK-TM4C129\driverlib\ccs\Debug\</path>
         <kind>archive</kind>
         <file>driverlib.lib</file>
         <name>gpio.obj</name>
      </input_file>
      <input_file id="fl-149">
         <path>C:\EK-TM4C129\driverlib\ccs\Debug\</path>
         <kind>archive</kind>
         <file>driverlib.lib</file>
         <name>fpu.obj</name>
      </input_file>
      <input_file id="fl-14a">
         <path>C:\EK-TM4C129\driverlib\ccs\Debug\</path>
         <kind>archive</kind>
         <file>driverlib.lib</file>
         <name>cpu.obj</name>
      </input_file>
   </input_file_list>
   <object_component_list>
      <object_component id="oc-f">
         <name>.intvecs</name>
         <load_address>0x0</load_address>
         <run_address>0x0</run_address>
         <size>0x208</size>
         <input_file_ref idref="fl-3"/>
      </object_component>
      <object_component id="oc-1c2">
         <name>.text</name>
         <load_address>0x208</load_address>
         <run_address>0x208</run_address>
         <size>0x1bfc</size>
         <input_file_ref idref="fl-6"/>
      </object_component>
      <object_component id="oc-5e">
         <name>.text</name>
         <load_address>0x1e04</load_address>
         <run_address>0x1e04</run_address>
         <size>0x4</size>
         <input_file_ref idref="fl-13e"/>
      </object_component>
      <object_component id="oc-2af">
         <name>.text</name>
         <load_address>0x1e08</load_address>
         <run_address>0x1e08</run_address>
         <size>0xd58</size>
         <input_file_ref idref="fl-c"/>
      </object_component>
      <object_component id="oc-14c">
         <name>.text</name>
         <load_address>0x2b60</load_address>
         <run_address>0x2b60</run_address>
         <size>0xbb4</size>
         <input_file_ref idref="fl-e"/>
      </object_component>
      <object_component id="oc-158">
         <name>.text</name>
         <load_address>0x3718</load_address>
         <run_address>0x3718</run_address>
         <size>0xaa8</size>
         <input_file_ref idref="fl-9"/>
      </object_component>
      <object_component id="oc-da">
         <name>.text</name>
         <load_address>0x41c0</load_address>
         <run_address>0x41c0</run_address>
         <size>0xa58</size>
         <input_file_ref idref="fl-2"/>
      </object_component>
      <object_component id="oc-140">
         <name>.text</name>
         <load_address>0x4c18</load_address>
         <run_address>0x4c18</run_address>
         <size>0x4b0</size>
         <input_file_ref idref="fl-5"/>
      </object_component>
      <object_component id="oc-1c8">
         <name>.text</name>
         <load_address>0x50c8</load_address>
         <run_address>0x50c8</run_address>
         <size>0x230</size>
         <input_file_ref idref="fl-4"/>
      </object_component>
      <object_component id="oc-87">
         <name>.text:SysCtlClockFreqSet</name>
         <load_address>0x52f8</load_address>
         <run_address>0x52f8</run_address>
         <size>0x1fc</size>
         <input_file_ref idref="fl-145"/>
      </object_component>
      <object_component id="oc-137">
         <name>.text</name>
         <load_address>0x54f8</load_address>
         <run_address>0x54f8</run_address>
         <size>0x170</size>
         <input_file_ref idref="fl-f"/>
      </object_component>
      <object_component id="oc-146">
         <name>.text</name>
         <load_address>0x5668</load_address>
         <run_address>0x5668</run_address>
         <size>0x144</size>
         <input_file_ref idref="fl-b"/>
      </object_component>
      <object_component id="oc-2be">
         <name>.text:GPIOPadConfigSet</name>
         <load_address>0x57ac</load_address>
         <run_address>0x57ac</run_address>
         <size>0x130</size>
         <input_file_ref idref="fl-148"/>
      </object_component>
      <object_component id="oc-152">
         <name>.text</name>
         <load_address>0x58e0</load_address>
         <run_address>0x58e0</run_address>
         <size>0x128</size>
         <input_file_ref idref="fl-a"/>
      </object_component>
      <object_component id="oc-30">
         <name>.text</name>
         <load_address>0x5a08</load_address>
         <run_address>0x5a08</run_address>
         <size>0xec</size>
         <input_file_ref idref="fl-10"/>
      </object_component>
      <object_component id="oc-39">
         <name>.text</name>
         <load_address>0x5af4</load_address>
         <run_address>0x5af4</run_address>
         <size>0x9c</size>
         <input_file_ref idref="fl-13c"/>
      </object_component>
      <object_component id="oc-52">
         <name>.text</name>
         <load_address>0x5b90</load_address>
         <run_address>0x5b90</run_address>
         <size>0x7a</size>
         <input_file_ref idref="fl-13d"/>
      </object_component>
      <object_component id="oc-64">
         <name>.text</name>
         <load_address>0x5c0c</load_address>
         <run_address>0x5c0c</run_address>
         <size>0x6c</size>
         <input_file_ref idref="fl-143"/>
      </object_component>
      <object_component id="oc-45">
         <name>.text</name>
         <load_address>0x5c78</load_address>
         <run_address>0x5c78</run_address>
         <size>0x6a</size>
         <input_file_ref idref="fl-139"/>
      </object_component>
      <object_component id="oc-258">
         <name>.text:IntEnable</name>
         <load_address>0x5ce4</load_address>
         <run_address>0x5ce4</run_address>
         <size>0x60</size>
         <input_file_ref idref="fl-147"/>
      </object_component>
      <object_component id="oc-252">
         <name>.text:GPIOIntTypeSet</name>
         <load_address>0x5d44</load_address>
         <run_address>0x5d44</run_address>
         <size>0x56</size>
         <input_file_ref idref="fl-148"/>
      </object_component>
      <object_component id="oc-24">
         <name>.text</name>
         <load_address>0x5d9c</load_address>
         <run_address>0x5d9c</run_address>
         <size>0x50</size>
         <input_file_ref idref="fl-137"/>
      </object_component>
      <object_component id="oc-d2">
         <name>.text</name>
         <load_address>0x5dec</load_address>
         <run_address>0x5dec</run_address>
         <size>0x4c</size>
         <input_file_ref idref="fl-144"/>
      </object_component>
      <object_component id="oc-1b1">
         <name>.text:GPIOPinConfigure</name>
         <load_address>0x5e38</load_address>
         <run_address>0x5e38</run_address>
         <size>0x48</size>
         <input_file_ref idref="fl-148"/>
      </object_component>
      <object_component id="oc-f5">
         <name>.text:_SysCtlFrequencyGet</name>
         <load_address>0x5e80</load_address>
         <run_address>0x5e80</run_address>
         <size>0x48</size>
         <input_file_ref idref="fl-145"/>
      </object_component>
      <object_component id="oc-70">
         <name>.text</name>
         <load_address>0x5ec8</load_address>
         <run_address>0x5ec8</run_address>
         <size>0x44</size>
         <input_file_ref idref="fl-13b"/>
      </object_component>
      <object_component id="oc-240">
         <name>.text:SSIConfigSetExpClk</name>
         <load_address>0x5f0c</load_address>
         <run_address>0x5f0c</run_address>
         <size>0x42</size>
         <input_file_ref idref="fl-146"/>
      </object_component>
      <object_component id="oc-234">
         <name>.text:SysCtlPeripheralEnable</name>
         <load_address>0x5f50</load_address>
         <run_address>0x5f50</run_address>
         <size>0x34</size>
         <input_file_ref idref="fl-145"/>
      </object_component>
      <object_component id="oc-2b8">
         <name>.text:GPIODirModeSet</name>
         <load_address>0x5f84</load_address>
         <run_address>0x5f84</run_address>
         <size>0x2a</size>
         <input_file_ref idref="fl-148"/>
      </object_component>
      <object_component id="oc-ef">
         <name>.text:_SysCtlMemTimingGet</name>
         <load_address>0x5fb0</load_address>
         <run_address>0x5fb0</run_address>
         <size>0x1c</size>
         <input_file_ref idref="fl-145"/>
      </object_component>
      <object_component id="oc-2a">
         <name>.text</name>
         <load_address>0x5fd0</load_address>
         <run_address>0x5fd0</run_address>
         <size>0x1a</size>
         <input_file_ref idref="fl-3"/>
      </object_component>
      <object_component id="oc-6a">
         <name>.text</name>
         <load_address>0x5fec</load_address>
         <run_address>0x5fec</run_address>
         <size>0x18</size>
         <input_file_ref idref="fl-142"/>
      </object_component>
      <object_component id="oc-176">
         <name>.text</name>
         <load_address>0x6004</load_address>
         <run_address>0x6004</run_address>
         <size>0x14</size>
         <input_file_ref idref="fl-141"/>
      </object_component>
      <object_component id="oc-1ab">
         <name>.text</name>
         <load_address>0x6018</load_address>
         <run_address>0x6018</run_address>
         <size>0x14</size>
         <input_file_ref idref="fl-140"/>
      </object_component>
      <object_component id="oc-24c">
         <name>.text:GPIOPinTypeGPIOInput</name>
         <load_address>0x602c</load_address>
         <run_address>0x602c</run_address>
         <size>0x12</size>
         <input_file_ref idref="fl-148"/>
      </object_component>
      <object_component id="oc-23a">
         <name>.text:GPIOPinTypeSSI</name>
         <load_address>0x603e</load_address>
         <run_address>0x603e</run_address>
         <size>0x12</size>
         <input_file_ref idref="fl-148"/>
      </object_component>
      <object_component id="oc-271">
         <name>.text:SSIDataGetNonBlocking</name>
         <load_address>0x6050</load_address>
         <run_address>0x6050</run_address>
         <size>0x12</size>
         <input_file_ref idref="fl-146"/>
      </object_component>
      <object_component id="oc-7b">
         <name>.text:FPUEnable</name>
         <load_address>0x6064</load_address>
         <run_address>0x6064</run_address>
         <size>0x10</size>
         <input_file_ref idref="fl-149"/>
      </object_component>
      <object_component id="oc-81">
         <name>.text:FPULazyStackingEnable</name>
         <load_address>0x6074</load_address>
         <run_address>0x6074</run_address>
         <size>0x10</size>
         <input_file_ref idref="fl-149"/>
      </object_component>
      <object_component id="oc-93">
         <name>.text:GPIOIntDisable</name>
         <load_address>0x6084</load_address>
         <run_address>0x6084</run_address>
         <size>0xe</size>
         <input_file_ref idref="fl-148"/>
      </object_component>
      <object_component id="oc-99">
         <name>.text:GPIOIntStatus</name>
         <load_address>0x6092</load_address>
         <run_address>0x6092</run_address>
         <size>0xe</size>
         <input_file_ref idref="fl-148"/>
      </object_component>
      <object_component id="oc-26b">
         <name>.text:SSIDataPutNonBlocking</name>
         <load_address>0x60a0</load_address>
         <run_address>0x60a0</run_address>
         <size>0xe</size>
         <input_file_ref idref="fl-146"/>
      </object_component>
      <object_component id="oc-12">
         <name>.text:decompress:none</name>
         <load_address>0x60ae</load_address>
         <run_address>0x60ae</run_address>
         <size>0xe</size>
         <input_file_ref idref="fl-138"/>
      </object_component>
      <object_component id="oc-2cf">
         <name>.text:CPUcpsie</name>
         <load_address>0x60bc</load_address>
         <run_address>0x60bc</run_address>
         <size>0xc</size>
         <input_file_ref idref="fl-14a"/>
      </object_component>
      <object_component id="oc-8d">
         <name>.text:GPIOIntEnable</name>
         <load_address>0x60c8</load_address>
         <run_address>0x60c8</run_address>
         <size>0xc</size>
         <input_file_ref idref="fl-148"/>
      </object_component>
      <object_component id="oc-1e">
         <name>.text:decompress:ZI</name>
         <load_address>0x60d4</load_address>
         <run_address>0x60d4</run_address>
         <size>0xc</size>
         <input_file_ref idref="fl-13a"/>
      </object_component>
      <object_component id="oc-25e">
         <name>.text:IntMasterEnable</name>
         <load_address>0x60e0</load_address>
         <run_address>0x60e0</run_address>
         <size>0xa</size>
         <input_file_ref idref="fl-147"/>
      </object_component>
      <object_component id="oc-246">
         <name>.text:SSIEnable</name>
         <load_address>0x60ea</load_address>
         <run_address>0x60ea</run_address>
         <size>0xa</size>
         <input_file_ref idref="fl-146"/>
      </object_component>
      <object_component id="oc-277">
         <name>.text:SSIBusy</name>
         <load_address>0x60f4</load_address>
         <run_address>0x60f4</run_address>
         <size>0x8</size>
         <input_file_ref idref="fl-146"/>
      </object_component>
      <object_component id="oc-9f">
         <name>.text:GPIOIntClear</name>
         <load_address>0x60fc</load_address>
         <run_address>0x60fc</run_address>
         <size>0x6</size>
         <input_file_ref idref="fl-148"/>
      </object_component>
      <object_component id="oc-265">
         <name>.text:GPIOPinWrite</name>
         <load_address>0x6102</load_address>
         <run_address>0x6102</run_address>
         <size>0x6</size>
         <input_file_ref idref="fl-148"/>
      </object_component>
      <object_component id="oc-264">
         <name>.text:SysCtlDelay</name>
         <load_address>0x6108</load_address>
         <run_address>0x6108</run_address>
         <size>0x6</size>
         <input_file_ref idref="fl-145"/>
      </object_component>
      <object_component id="oc-18">
         <name>.text:decompress:rle24</name>
         <load_address>0x610e</load_address>
         <run_address>0x610e</run_address>
         <size>0x6</size>
         <input_file_ref idref="fl-139"/>
      </object_component>
      <object_component id="oc-fe">
         <name>.const:g_pppui32XTALtoVCO</name>
         <load_address>0x6114</load_address>
         <run_address>0x6114</run_address>
         <size>0x120</size>
         <input_file_ref idref="fl-145"/>
      </object_component>
      <object_component id="oc-1f0">
         <name>.const:$P$T0$1</name>
         <load_address>0x6234</load_address>
         <run_address>0x6234</run_address>
         <size>0xb0</size>
         <input_file_ref idref="fl-e"/>
      </object_component>
      <object_component id="oc-21c">
         <name>.const:g_pui32GPIOBaseAddrs</name>
         <load_address>0x62e4</load_address>
         <run_address>0x62e4</run_address>
         <size>0x90</size>
         <input_file_ref idref="fl-148"/>
      </object_component>
      <object_component id="oc-161">
         <name>.const</name>
         <load_address>0x6374</load_address>
         <run_address>0x6374</run_address>
         <size>0x88</size>
         <input_file_ref idref="fl-2"/>
      </object_component>
      <object_component id="oc-2ca">
         <name>.const</name>
         <load_address>0x63fc</load_address>
         <run_address>0x63fc</run_address>
         <size>0x70</size>
         <input_file_ref idref="fl-147"/>
      </object_component>
      <object_component id="oc-fb">
         <name>.const:g_pui32Xtals</name>
         <load_address>0x646c</load_address>
         <run_address>0x646c</run_address>
         <size>0x6c</size>
         <input_file_ref idref="fl-145"/>
      </object_component>
      <object_component id="oc-228">
         <name>.const:OpcodeTranslateTable</name>
         <load_address>0x64d8</load_address>
         <run_address>0x64d8</run_address>
         <size>0x3c</size>
         <input_file_ref idref="fl-6"/>
      </object_component>
      <object_component id="oc-1f3">
         <name>.const</name>
         <load_address>0x6514</load_address>
         <run_address>0x6514</run_address>
         <size>0x3c</size>
         <input_file_ref idref="fl-e"/>
      </object_component>
      <object_component id="oc-22b">
         <name>.const:_SlActionLookupTable</name>
         <load_address>0x6550</load_address>
         <run_address>0x6550</run_address>
         <size>0x38</size>
         <input_file_ref idref="fl-6"/>
      </object_component>
      <object_component id="oc-225">
         <name>.const</name>
         <load_address>0x6588</load_address>
         <run_address>0x6588</run_address>
         <size>0x34</size>
         <input_file_ref idref="fl-6"/>
      </object_component>
      <object_component id="oc-2df">
         <name>.const</name>
         <load_address>0x65bc</load_address>
         <run_address>0x65bc</run_address>
         <size>0x34</size>
         <input_file_ref idref="fl-c"/>
      </object_component>
      <object_component id="oc-184">
         <name>.const:g_sXTALtoMEMTIM</name>
         <load_address>0x65f0</load_address>
         <run_address>0x65f0</run_address>
         <size>0x30</size>
         <input_file_ref idref="fl-145"/>
      </object_component>
      <object_component id="oc-15e">
         <name>.const:$P$T0$1</name>
         <load_address>0x6620</load_address>
         <run_address>0x6620</run_address>
         <size>0x2c</size>
         <input_file_ref idref="fl-2"/>
      </object_component>
      <object_component id="oc-207">
         <name>.const</name>
         <load_address>0x664c</load_address>
         <run_address>0x664c</run_address>
         <size>0x28</size>
         <input_file_ref idref="fl-9"/>
      </object_component>
      <object_component id="oc-1d4">
         <name>.const</name>
         <load_address>0x6674</load_address>
         <run_address>0x6674</run_address>
         <size>0x14</size>
         <input_file_ref idref="fl-5"/>
      </object_component>
      <object_component id="oc-2dc">
         <name>.const:.string</name>
         <load_address>0x6688</load_address>
         <run_address>0x6688</run_address>
         <size>0x10</size>
         <input_file_ref idref="fl-c"/>
      </object_component>
      <object_component id="oc-1ce">
         <name>.const:.string</name>
         <load_address>0x6698</load_address>
         <run_address>0x6698</run_address>
         <size>0x8</size>
         <input_file_ref idref="fl-5"/>
      </object_component>
      <object_component id="oc-101">
         <name>.const</name>
         <load_address>0x66a0</load_address>
         <run_address>0x66a0</run_address>
         <size>0x8</size>
         <input_file_ref idref="fl-145"/>
      </object_component>
      <object_component id="oc-1fd">
         <name>.const</name>
         <load_address>0x66a8</load_address>
         <run_address>0x66a8</run_address>
         <size>0x8</size>
         <input_file_ref idref="fl-a"/>
      </object_component>
      <object_component id="oc-31b">
         <name>.cinit..data.load</name>
         <load_address>0x66b0</load_address>
         <run_address>0x66b0</run_address>
         <size>0x12</size>
      </object_component>
      <object_component id="oc-319">
         <name>__TI_handler_table</name>
         <load_address>0x66c4</load_address>
         <run_address>0x66c4</run_address>
         <size>0xc</size>
      </object_component>
      <object_component id="oc-31c">
         <name>.cinit..bss.load</name>
         <load_address>0x66d0</load_address>
         <run_address>0x66d0</run_address>
         <size>0x8</size>
      </object_component>
      <object_component id="oc-31a">
         <name>__TI_cinit_table</name>
         <load_address>0x66d8</load_address>
         <run_address>0x66d8</run_address>
         <size>0x10</size>
      </object_component>
      <object_component id="oc-29">
         <name>.stack</name>
         <uninitialized>true</uninitialized>
         <run_address>0x20000000</run_address>
         <size>0x0</size>
         <input_file_ref idref="fl-137"/>
      </object_component>
      <object_component id="oc-31d">
         <name>.stack</name>
         <uninitialized>true</uninitialized>
         <run_address>0x20000000</run_address>
         <size>0x0</size>
      </object_component>
      <object_component id="oc-222">
         <name>.bss:g_StatMem</name>
         <uninitialized>true</uninitialized>
         <run_address>0x20000258</run_address>
         <size>0x168</size>
         <input_file_ref idref="fl-6"/>
      </object_component>
      <object_component id="oc-1e8">
         <name>.bss:g__SlNonOsCB</name>
         <uninitialized>true</uninitialized>
         <run_address>0x200003c0</run_address>
         <size>0x28</size>
         <input_file_ref idref="fl-b"/>
      </object_component>
      <object_component id="oc-1eb">
         <name>.common:RxIrqCnt</name>
         <uninitialized>true</uninitialized>
         <run_address>0x200003f1</run_address>
         <size>0x1</size>
      </object_component>
      <object_component id="oc-1b7">
         <name>.common:g_ucUARTBuffer</name>
         <uninitialized>true</uninitialized>
         <run_address>0x200003ec</run_address>
         <size>0x4</size>
      </object_component>
      <object_component id="oc-ab">
         <name>.common:IntIsMasked</name>
         <uninitialized>true</uninitialized>
         <run_address>0x200003f0</run_address>
         <size>0x1</size>
      </object_component>
      <object_component id="oc-a5">
         <name>.common:g_SysClock</name>
         <uninitialized>true</uninitialized>
         <run_address>0x200003e8</run_address>
         <size>0x4</size>
      </object_component>
      <object_component id="oc-13d">
         <name>.data</name>
         <load_address>0x200003f4</load_address>
         <run_address>0x200003f4</run_address>
         <size>0xc</size>
         <input_file_ref idref="fl-2"/>
      </object_component>
      <object_component id="oc-1d1">
         <name>.data</name>
         <load_address>0x20000400</load_address>
         <run_address>0x20000400</run_address>
         <size>0x9</size>
         <input_file_ref idref="fl-6"/>
      </object_component>
      <object_component id="oc-a8">
         <name>.data</name>
         <load_address>0x2000041c</load_address>
         <run_address>0x2000041c</run_address>
         <size>0x4</size>
         <input_file_ref idref="fl-10"/>
      </object_component>
      <object_component id="oc-e5">
         <name>.data</name>
         <load_address>0x20000414</load_address>
         <run_address>0x20000414</run_address>
         <size>0x8</size>
         <input_file_ref idref="fl-13b"/>
      </object_component>
      <object_component id="oc-76">
         <name>.data</name>
         <load_address>0x20000420</load_address>
         <run_address>0x20000420</run_address>
         <size>0x4</size>
         <input_file_ref idref="fl-13f"/>
      </object_component>
      <object_component id="oc-e2">
         <name>.data</name>
         <load_address>0x2000040c</load_address>
         <run_address>0x2000040c</run_address>
         <size>0x8</size>
         <input_file_ref idref="fl-141"/>
      </object_component>
      <object_component id="oc-128">
         <name>.debug_info</name>
         <load_address>0x0</load_address>
         <run_address>0x0</run_address>
         <size>0x860</size>
         <input_file_ref idref="fl-2"/>
      </object_component>
      <object_component id="oc-13e">
         <name>.debug_info</name>
         <load_address>0x860</load_address>
         <run_address>0x860</run_address>
         <size>0x144</size>
         <input_file_ref idref="fl-2"/>
      </object_component>
      <object_component id="oc-15f">
         <name>.debug_info</name>
         <load_address>0x9a4</load_address>
         <run_address>0x9a4</run_address>
         <size>0xe8</size>
         <input_file_ref idref="fl-2"/>
      </object_component>
      <object_component id="oc-162">
         <name>.debug_info</name>
         <load_address>0xa8c</load_address>
         <run_address>0xa8c</run_address>
         <size>0x183</size>
         <input_file_ref idref="fl-2"/>
      </object_component>
      <object_component id="oc-db">
         <name>.debug_info</name>
         <load_address>0xc0f</load_address>
         <run_address>0xc0f</run_address>
         <size>0xeba</size>
         <input_file_ref idref="fl-2"/>
      </object_component>
      <object_component id="oc-165">
         <name>.debug_info</name>
         <load_address>0x1ac9</load_address>
         <run_address>0x1ac9</run_address>
         <size>0x370</size>
         <input_file_ref idref="fl-2"/>
      </object_component>
      <object_component id="oc-117">
         <name>.debug_info</name>
         <load_address>0x1e39</load_address>
         <run_address>0x1e39</run_address>
         <size>0xe6</size>
         <input_file_ref idref="fl-2"/>
      </object_component>
      <object_component id="oc-19a">
         <name>.debug_info</name>
         <load_address>0x1f1f</load_address>
         <run_address>0x1f1f</run_address>
         <size>0x87f</size>
         <input_file_ref idref="fl-2"/>
      </object_component>
      <object_component id="oc-11c">
         <name>.debug_info</name>
         <load_address>0x279e</load_address>
         <run_address>0x279e</run_address>
         <size>0x611</size>
         <input_file_ref idref="fl-2"/>
      </object_component>
      <object_component id="oc-16a">
         <name>.debug_info</name>
         <load_address>0x2daf</load_address>
         <run_address>0x2daf</run_address>
         <size>0x92b</size>
         <input_file_ref idref="fl-2"/>
      </object_component>
      <object_component id="oc-121">
         <name>.debug_info</name>
         <load_address>0x36da</load_address>
         <run_address>0x36da</run_address>
         <size>0x6c8</size>
         <input_file_ref idref="fl-2"/>
      </object_component>
      <object_component id="oc-ad">
         <name>.debug_info</name>
         <load_address>0x3da2</load_address>
         <run_address>0x3da2</run_address>
         <size>0x84</size>
         <input_file_ref idref="fl-2"/>
      </object_component>
      <object_component id="oc-b2">
         <name>.debug_info</name>
         <load_address>0x3e26</load_address>
         <run_address>0x3e26</run_address>
         <size>0x2c</size>
         <input_file_ref idref="fl-2"/>
      </object_component>
      <object_component id="oc-19f">
         <name>.debug_info</name>
         <load_address>0x3e52</load_address>
         <run_address>0x3e52</run_address>
         <size>0x46</size>
         <input_file_ref idref="fl-2"/>
      </object_component>
      <object_component id="oc-27e">
         <name>.debug_info</name>
         <load_address>0x3e98</load_address>
         <run_address>0x3e98</run_address>
         <size>0x2c</size>
         <input_file_ref idref="fl-2"/>
      </object_component>
      <object_component id="oc-c9">
         <name>.debug_info</name>
         <load_address>0x3ec4</load_address>
         <run_address>0x3ec4</run_address>
         <size>0x2c</size>
         <input_file_ref idref="fl-2"/>
      </object_component>
      <object_component id="oc-38">
         <name>.debug_info</name>
         <load_address>0x3ef0</load_address>
         <run_address>0x3ef0</run_address>
         <size>0x14a</size>
         <input_file_ref idref="fl-3"/>
      </object_component>
      <object_component id="oc-10">
         <name>.debug_info</name>
         <load_address>0x403a</load_address>
         <run_address>0x403a</run_address>
         <size>0x107</size>
         <input_file_ref idref="fl-3"/>
      </object_component>
      <object_component id="oc-2b">
         <name>.debug_info</name>
         <load_address>0x4141</load_address>
         <run_address>0x4141</run_address>
         <size>0x286</size>
         <input_file_ref idref="fl-3"/>
      </object_component>
      <object_component id="oc-b9">
         <name>.debug_info</name>
         <load_address>0x43c7</load_address>
         <run_address>0x43c7</run_address>
         <size>0x18b</size>
         <input_file_ref idref="fl-3"/>
      </object_component>
      <object_component id="oc-283">
         <name>.debug_info</name>
         <load_address>0x4552</load_address>
         <run_address>0x4552</run_address>
         <size>0x792</size>
         <input_file_ref idref="fl-4"/>
      </object_component>
      <object_component id="oc-1c9">
         <name>.debug_info</name>
         <load_address>0x4ce4</load_address>
         <run_address>0x4ce4</run_address>
         <size>0x8c2</size>
         <input_file_ref idref="fl-4"/>
      </object_component>
      <object_component id="oc-1d8">
         <name>.debug_info</name>
         <load_address>0x55a6</load_address>
         <run_address>0x55a6</run_address>
         <size>0x82f</size>
         <input_file_ref idref="fl-5"/>
      </object_component>
      <object_component id="oc-1cf">
         <name>.debug_info</name>
         <load_address>0x5dd5</load_address>
         <run_address>0x5dd5</run_address>
         <size>0x12c</size>
         <input_file_ref idref="fl-5"/>
      </object_component>
      <object_component id="oc-1d5">
         <name>.debug_info</name>
         <load_address>0x5f01</load_address>
         <run_address>0x5f01</run_address>
         <size>0x214</size>
         <input_file_ref idref="fl-5"/>
      </object_component>
      <object_component id="oc-141">
         <name>.debug_info</name>
         <load_address>0x6115</load_address>
         <run_address>0x6115</run_address>
         <size>0x1380</size>
         <input_file_ref idref="fl-5"/>
      </object_component>
      <object_component id="oc-1e3">
         <name>.debug_info</name>
         <load_address>0x7495</load_address>
         <run_address>0x7495</run_address>
         <size>0x5c0</size>
         <input_file_ref idref="fl-5"/>
      </object_component>
      <object_component id="oc-1d9">
         <name>.debug_info</name>
         <load_address>0x7a55</load_address>
         <run_address>0x7a55</run_address>
         <size>0x236f</size>
         <input_file_ref idref="fl-5"/>
      </object_component>
      <object_component id="oc-1de">
         <name>.debug_info</name>
         <load_address>0x9dc4</load_address>
         <run_address>0x9dc4</run_address>
         <size>0x178</size>
         <input_file_ref idref="fl-5"/>
      </object_component>
      <object_component id="oc-1ec">
         <name>.debug_info</name>
         <load_address>0x9f3c</load_address>
         <run_address>0x9f3c</run_address>
         <size>0x919</size>
         <input_file_ref idref="fl-6"/>
      </object_component>
      <object_component id="oc-223">
         <name>.debug_info</name>
         <load_address>0xa855</load_address>
         <run_address>0xa855</run_address>
         <size>0x11f</size>
         <input_file_ref idref="fl-6"/>
      </object_component>
      <object_component id="oc-226">
         <name>.debug_info</name>
         <load_address>0xa974</load_address>
         <run_address>0xa974</run_address>
         <size>0x1aa</size>
         <input_file_ref idref="fl-6"/>
      </object_component>
      <object_component id="oc-22c">
         <name>.debug_info</name>
         <load_address>0xab1e</load_address>
         <run_address>0xab1e</run_address>
         <size>0x135</size>
         <input_file_ref idref="fl-6"/>
      </object_component>
      <object_component id="oc-229">
         <name>.debug_info</name>
         <load_address>0xac53</load_address>
         <run_address>0xac53</run_address>
         <size>0x135</size>
         <input_file_ref idref="fl-6"/>
      </object_component>
      <object_component id="oc-1d2">
         <name>.debug_info</name>
         <load_address>0xad88</load_address>
         <run_address>0xad88</run_address>
         <size>0x177</size>
         <input_file_ref idref="fl-6"/>
      </object_component>
      <object_component id="oc-1c3">
         <name>.debug_info</name>
         <load_address>0xaeff</load_address>
         <run_address>0xaeff</run_address>
         <size>0x3636</size>
         <input_file_ref idref="fl-6"/>
      </object_component>
      <object_component id="oc-22f">
         <name>.debug_info</name>
         <load_address>0xe535</load_address>
         <run_address>0xe535</run_address>
         <size>0x12d</size>
         <input_file_ref idref="fl-6"/>
      </object_component>
      <object_component id="oc-20b">
         <name>.debug_info</name>
         <load_address>0xe662</load_address>
         <run_address>0xe662</run_address>
         <size>0x84a</size>
         <input_file_ref idref="fl-9"/>
      </object_component>
      <object_component id="oc-208">
         <name>.debug_info</name>
         <load_address>0xeeac</load_address>
         <run_address>0xeeac</run_address>
         <size>0x335</size>
         <input_file_ref idref="fl-9"/>
      </object_component>
      <object_component id="oc-159">
         <name>.debug_info</name>
         <load_address>0xf1e1</load_address>
         <run_address>0xf1e1</run_address>
         <size>0x25b4</size>
         <input_file_ref idref="fl-9"/>
      </object_component>
      <object_component id="oc-20c">
         <name>.debug_info</name>
         <load_address>0x11795</load_address>
         <run_address>0x11795</run_address>
         <size>0x5ca</size>
         <input_file_ref idref="fl-9"/>
      </object_component>
      <object_component id="oc-201">
         <name>.debug_info</name>
         <load_address>0x11d5f</load_address>
         <run_address>0x11d5f</run_address>
         <size>0x40a</size>
         <input_file_ref idref="fl-a"/>
      </object_component>
      <object_component id="oc-1fe">
         <name>.debug_info</name>
         <load_address>0x12169</load_address>
         <run_address>0x12169</run_address>
         <size>0x169</size>
         <input_file_ref idref="fl-a"/>
      </object_component>
      <object_component id="oc-153">
         <name>.debug_info</name>
         <load_address>0x122d2</load_address>
         <run_address>0x122d2</run_address>
         <size>0x4fd</size>
         <input_file_ref idref="fl-a"/>
      </object_component>
      <object_component id="oc-202">
         <name>.debug_info</name>
         <load_address>0x127cf</load_address>
         <run_address>0x127cf</run_address>
         <size>0xaa</size>
         <input_file_ref idref="fl-a"/>
      </object_component>
      <object_component id="oc-1ef">
         <name>.debug_info</name>
         <load_address>0x12879</load_address>
         <run_address>0x12879</run_address>
         <size>0x3e6</size>
         <input_file_ref idref="fl-b"/>
      </object_component>
      <object_component id="oc-1e9">
         <name>.debug_info</name>
         <load_address>0x12c5f</load_address>
         <run_address>0x12c5f</run_address>
         <size>0x123</size>
         <input_file_ref idref="fl-b"/>
      </object_component>
      <object_component id="oc-147">
         <name>.debug_info</name>
         <load_address>0x12d82</load_address>
         <run_address>0x12d82</run_address>
         <size>0x5ff</size>
         <input_file_ref idref="fl-b"/>
      </object_component>
      <object_component id="oc-28e">
         <name>.debug_info</name>
         <load_address>0x13381</load_address>
         <run_address>0x13381</run_address>
         <size>0x96</size>
         <input_file_ref idref="fl-b"/>
      </object_component>
      <object_component id="oc-2e3">
         <name>.debug_info</name>
         <load_address>0x13417</load_address>
         <run_address>0x13417</run_address>
         <size>0x6d0</size>
         <input_file_ref idref="fl-c"/>
      </object_component>
      <object_component id="oc-2dd">
         <name>.debug_info</name>
         <load_address>0x13ae7</load_address>
         <run_address>0x13ae7</run_address>
         <size>0x13a</size>
         <input_file_ref idref="fl-c"/>
      </object_component>
      <object_component id="oc-2e0">
         <name>.debug_info</name>
         <load_address>0x13c21</load_address>
         <run_address>0x13c21</run_address>
         <size>0x362</size>
         <input_file_ref idref="fl-c"/>
      </object_component>
      <object_component id="oc-2b0">
         <name>.debug_info</name>
         <load_address>0x13f83</load_address>
         <run_address>0x13f83</run_address>
         <size>0x25eb</size>
         <input_file_ref idref="fl-c"/>
      </object_component>
      <object_component id="oc-2e4">
         <name>.debug_info</name>
         <load_address>0x1656e</load_address>
         <run_address>0x1656e</run_address>
         <size>0x372</size>
         <input_file_ref idref="fl-c"/>
      </object_component>
      <object_component id="oc-1f7">
         <name>.debug_info</name>
         <load_address>0x168e0</load_address>
         <run_address>0x168e0</run_address>
         <size>0x55d</size>
         <input_file_ref idref="fl-e"/>
      </object_component>
      <object_component id="oc-1f4">
         <name>.debug_info</name>
         <load_address>0x16e3d</load_address>
         <run_address>0x16e3d</run_address>
         <size>0x428</size>
         <input_file_ref idref="fl-e"/>
      </object_component>
      <object_component id="oc-1f1">
         <name>.debug_info</name>
         <load_address>0x17265</load_address>
         <run_address>0x17265</run_address>
         <size>0x117</size>
         <input_file_ref idref="fl-e"/>
      </object_component>
      <object_component id="oc-14d">
         <name>.debug_info</name>
         <load_address>0x1737c</load_address>
         <run_address>0x1737c</run_address>
         <size>0x21bf</size>
         <input_file_ref idref="fl-e"/>
      </object_component>
      <object_component id="oc-1f8">
         <name>.debug_info</name>
         <load_address>0x1953b</load_address>
         <run_address>0x1953b</run_address>
         <size>0x49c</size>
         <input_file_ref idref="fl-e"/>
      </object_component>
      <object_component id="oc-1b8">
         <name>.debug_info</name>
         <load_address>0x199d7</load_address>
         <run_address>0x199d7</run_address>
         <size>0x212</size>
         <input_file_ref idref="fl-f"/>
      </object_component>
      <object_component id="oc-138">
         <name>.debug_info</name>
         <load_address>0x19be9</load_address>
         <run_address>0x19be9</run_address>
         <size>0x4a9</size>
         <input_file_ref idref="fl-f"/>
      </object_component>
      <object_component id="oc-1bb">
         <name>.debug_info</name>
         <load_address>0x1a092</load_address>
         <run_address>0x1a092</run_address>
         <size>0x8b</size>
         <input_file_ref idref="fl-f"/>
      </object_component>
      <object_component id="oc-a6">
         <name>.debug_info</name>
         <load_address>0x1a11d</load_address>
         <run_address>0x1a11d</run_address>
         <size>0x4ef</size>
         <input_file_ref idref="fl-10"/>
      </object_component>
      <object_component id="oc-a9">
         <name>.debug_info</name>
         <load_address>0x1a60c</load_address>
         <run_address>0x1a60c</run_address>
         <size>0x13d</size>
         <input_file_ref idref="fl-10"/>
      </object_component>
      <object_component id="oc-31">
         <name>.debug_info</name>
         <load_address>0x1a749</load_address>
         <run_address>0x1a749</run_address>
         <size>0xb89</size>
         <input_file_ref idref="fl-10"/>
      </object_component>
      <object_component id="oc-26">
         <name>.debug_info</name>
         <load_address>0x1b2d2</load_address>
         <run_address>0x1b2d2</run_address>
         <size>0x138</size>
         <input_file_ref idref="fl-137"/>
      </object_component>
      <object_component id="oc-44">
         <name>.debug_info</name>
         <load_address>0x1b40a</load_address>
         <run_address>0x1b40a</run_address>
         <size>0x123</size>
         <input_file_ref idref="fl-138"/>
      </object_component>
      <object_component id="oc-13">
         <name>.debug_info</name>
         <load_address>0x1b52d</load_address>
         <run_address>0x1b52d</run_address>
         <size>0x1c2</size>
         <input_file_ref idref="fl-138"/>
      </object_component>
      <object_component id="oc-3f">
         <name>.debug_info</name>
         <load_address>0x1b6ef</load_address>
         <run_address>0x1b6ef</run_address>
         <size>0x46</size>
         <input_file_ref idref="fl-138"/>
      </object_component>
      <object_component id="oc-bf">
         <name>.debug_info</name>
         <load_address>0x1b735</load_address>
         <run_address>0x1b735</run_address>
         <size>0x2c</size>
         <input_file_ref idref="fl-138"/>
      </object_component>
      <object_component id="oc-4c">
         <name>.debug_info</name>
         <load_address>0x1b761</load_address>
         <run_address>0x1b761</run_address>
         <size>0x117</size>
         <input_file_ref idref="fl-139"/>
      </object_component>
      <object_component id="oc-48">
         <name>.debug_info</name>
         <load_address>0x1b878</load_address>
         <run_address>0x1b878</run_address>
         <size>0x22a</size>
         <input_file_ref idref="fl-139"/>
      </object_component>
      <object_component id="oc-1b">
         <name>.debug_info</name>
         <load_address>0x1baa2</load_address>
         <run_address>0x1baa2</run_address>
         <size>0x1bc</size>
         <input_file_ref idref="fl-139"/>
      </object_component>
      <object_component id="oc-4d">
         <name>.debug_info</name>
         <load_address>0x1bc5e</load_address>
         <run_address>0x1bc5e</run_address>
         <size>0x39</size>
         <input_file_ref idref="fl-139"/>
      </object_component>
      <object_component id="oc-5d">
         <name>.debug_info</name>
         <load_address>0x1bc97</load_address>
         <run_address>0x1bc97</run_address>
         <size>0x112</size>
         <input_file_ref idref="fl-13a"/>
      </object_component>
      <object_component id="oc-1f">
         <name>.debug_info</name>
         <load_address>0x1bda9</load_address>
         <run_address>0x1bda9</run_address>
         <size>0x18d</size>
         <input_file_ref idref="fl-13a"/>
      </object_component>
      <object_component id="oc-58">
         <name>.debug_info</name>
         <load_address>0x1bf36</load_address>
         <run_address>0x1bf36</run_address>
         <size>0x46</size>
         <input_file_ref idref="fl-13a"/>
      </object_component>
      <object_component id="oc-e9">
         <name>.debug_info</name>
         <load_address>0x1bf7c</load_address>
         <run_address>0x1bf7c</run_address>
         <size>0x174</size>
         <input_file_ref idref="fl-13b"/>
      </object_component>
      <object_component id="oc-e6">
         <name>.debug_info</name>
         <load_address>0x1c0f0</load_address>
         <run_address>0x1c0f0</run_address>
         <size>0x119</size>
         <input_file_ref idref="fl-13b"/>
      </object_component>
      <object_component id="oc-71">
         <name>.debug_info</name>
         <load_address>0x1c209</load_address>
         <run_address>0x1c209</run_address>
         <size>0x1f0</size>
         <input_file_ref idref="fl-13b"/>
      </object_component>
      <object_component id="oc-3a">
         <name>.debug_info</name>
         <load_address>0x1c3f9</load_address>
         <run_address>0x1c3f9</run_address>
         <size>0xfa</size>
         <input_file_ref idref="fl-13c"/>
      </object_component>
      <object_component id="oc-53">
         <name>.debug_info</name>
         <load_address>0x1c4f3</load_address>
         <run_address>0x1c4f3</run_address>
         <size>0x12a</size>
         <input_file_ref idref="fl-13d"/>
      </object_component>
      <object_component id="oc-5f">
         <name>.debug_info</name>
         <load_address>0x1c61d</load_address>
         <run_address>0x1c61d</run_address>
         <size>0x12b</size>
         <input_file_ref idref="fl-13e"/>
      </object_component>
      <object_component id="oc-77">
         <name>.debug_info</name>
         <load_address>0x1c748</load_address>
         <run_address>0x1c748</run_address>
         <size>0xec</size>
         <input_file_ref idref="fl-13f"/>
      </object_component>
      <object_component id="oc-21b">
         <name>.debug_info</name>
         <load_address>0x1c834</load_address>
         <run_address>0x1c834</run_address>
         <size>0xcd</size>
         <input_file_ref idref="fl-140"/>
      </object_component>
      <object_component id="oc-1af">
         <name>.debug_info</name>
         <load_address>0x1c901</load_address>
         <run_address>0x1c901</run_address>
         <size>0x1dd</size>
         <input_file_ref idref="fl-140"/>
      </object_component>
      <object_component id="oc-17e">
         <name>.debug_info</name>
         <load_address>0x1cade</load_address>
         <run_address>0x1cade</run_address>
         <size>0x107</size>
         <input_file_ref idref="fl-141"/>
      </object_component>
      <object_component id="oc-e3">
         <name>.debug_info</name>
         <load_address>0x1cbe5</load_address>
         <run_address>0x1cbe5</run_address>
         <size>0xf6</size>
         <input_file_ref idref="fl-141"/>
      </object_component>
      <object_component id="oc-178">
         <name>.debug_info</name>
         <load_address>0x1ccdb</load_address>
         <run_address>0x1ccdb</run_address>
         <size>0x202</size>
         <input_file_ref idref="fl-141"/>
      </object_component>
      <object_component id="oc-e1">
         <name>.debug_info</name>
         <load_address>0x1cedd</load_address>
         <run_address>0x1cedd</run_address>
         <size>0x149</size>
         <input_file_ref idref="fl-142"/>
      </object_component>
      <object_component id="oc-6c">
         <name>.debug_info</name>
         <load_address>0x1d026</load_address>
         <run_address>0x1d026</run_address>
         <size>0x14a</size>
         <input_file_ref idref="fl-142"/>
      </object_component>
      <object_component id="oc-171">
         <name>.debug_info</name>
         <load_address>0x1d170</load_address>
         <run_address>0x1d170</run_address>
         <size>0x5e</size>
         <input_file_ref idref="fl-142"/>
      </object_component>
      <object_component id="oc-d9">
         <name>.debug_info</name>
         <load_address>0x1d1ce</load_address>
         <run_address>0x1d1ce</run_address>
         <size>0x2a0</size>
         <input_file_ref idref="fl-143"/>
      </object_component>
      <object_component id="oc-68">
         <name>.debug_info</name>
         <load_address>0x1d46e</load_address>
         <run_address>0x1d46e</run_address>
         <size>0x15a</size>
         <input_file_ref idref="fl-143"/>
      </object_component>
      <object_component id="oc-12d">
         <name>.debug_info</name>
         <load_address>0x1d5c8</load_address>
         <run_address>0x1d5c8</run_address>
         <size>0x39</size>
         <input_file_ref idref="fl-143"/>
      </object_component>
      <object_component id="oc-132">
         <name>.debug_info</name>
         <load_address>0x1d601</load_address>
         <run_address>0x1d601</run_address>
         <size>0xcd</size>
         <input_file_ref idref="fl-143"/>
      </object_component>
      <object_component id="oc-12a">
         <name>.debug_info</name>
         <load_address>0x1d6ce</load_address>
         <run_address>0x1d6ce</run_address>
         <size>0x1c3</size>
         <input_file_ref idref="fl-144"/>
      </object_component>
      <object_component id="oc-d6">
         <name>.debug_info</name>
         <load_address>0x1d891</load_address>
         <run_address>0x1d891</run_address>
         <size>0x17f</size>
         <input_file_ref idref="fl-144"/>
      </object_component>
      <object_component id="oc-1a6">
         <name>.debug_info</name>
         <load_address>0x1da10</load_address>
         <run_address>0x1da10</run_address>
         <size>0x2c</size>
         <input_file_ref idref="fl-144"/>
      </object_component>
      <object_component id="oc-10f">
         <name>.debug_info</name>
         <load_address>0x1da3c</load_address>
         <run_address>0x1da3c</run_address>
         <size>0x226</size>
         <input_file_ref idref="fl-145"/>
      </object_component>
      <object_component id="oc-fc">
         <name>.debug_info</name>
         <load_address>0x1dc62</load_address>
         <run_address>0x1dc62</run_address>
         <size>0xff</size>
         <input_file_ref idref="fl-145"/>
      </object_component>
      <object_component id="oc-ff">
         <name>.debug_info</name>
         <load_address>0x1dd61</load_address>
         <run_address>0x1dd61</run_address>
         <size>0x10b</size>
         <input_file_ref idref="fl-145"/>
      </object_component>
      <object_component id="oc-185">
         <name>.debug_info</name>
         <load_address>0x1de6c</load_address>
         <run_address>0x1de6c</run_address>
         <size>0x105</size>
         <input_file_ref idref="fl-145"/>
      </object_component>
      <object_component id="oc-102">
         <name>.debug_info</name>
         <load_address>0x1df71</load_address>
         <run_address>0x1df71</run_address>
         <size>0x112</size>
         <input_file_ref idref="fl-145"/>
      </object_component>
      <object_component id="oc-235">
         <name>.debug_info</name>
         <load_address>0x1e083</load_address>
         <run_address>0x1e083</run_address>
         <size>0x1e1</size>
         <input_file_ref idref="fl-145"/>
      </object_component>
      <object_component id="oc-f3">
         <name>.debug_info</name>
         <load_address>0x1e264</load_address>
         <run_address>0x1e264</run_address>
         <size>0x264</size>
         <input_file_ref idref="fl-145"/>
      </object_component>
      <object_component id="oc-f9">
         <name>.debug_info</name>
         <load_address>0x1e4c8</load_address>
         <run_address>0x1e4c8</run_address>
         <size>0x21e</size>
         <input_file_ref idref="fl-145"/>
      </object_component>
      <object_component id="oc-8b">
         <name>.debug_info</name>
         <load_address>0x1e6e6</load_address>
         <run_address>0x1e6e6</run_address>
         <size>0x4c5</size>
         <input_file_ref idref="fl-145"/>
      </object_component>
      <object_component id="oc-191">
         <name>.debug_info</name>
         <load_address>0x1ebab</load_address>
         <run_address>0x1ebab</run_address>
         <size>0x5f</size>
         <input_file_ref idref="fl-145"/>
      </object_component>
      <object_component id="oc-10a">
         <name>.debug_info</name>
         <load_address>0x1ec0a</load_address>
         <run_address>0x1ec0a</run_address>
         <size>0x90</size>
         <input_file_ref idref="fl-145"/>
      </object_component>
      <object_component id="oc-105">
         <name>.debug_info</name>
         <load_address>0x1ec9a</load_address>
         <run_address>0x1ec9a</run_address>
         <size>0x18b</size>
         <input_file_ref idref="fl-145"/>
      </object_component>
      <object_component id="oc-2c6">
         <name>.debug_info</name>
         <load_address>0x1ee25</load_address>
         <run_address>0x1ee25</run_address>
         <size>0x1c3</size>
         <input_file_ref idref="fl-146"/>
      </object_component>
      <object_component id="oc-24a">
         <name>.debug_info</name>
         <load_address>0x1efe8</load_address>
         <run_address>0x1efe8</run_address>
         <size>0x1a6</size>
         <input_file_ref idref="fl-146"/>
      </object_component>
      <object_component id="oc-26f">
         <name>.debug_info</name>
         <load_address>0x1f18e</load_address>
         <run_address>0x1f18e</run_address>
         <size>0x1f4</size>
         <input_file_ref idref="fl-146"/>
      </object_component>
      <object_component id="oc-275">
         <name>.debug_info</name>
         <load_address>0x1f382</load_address>
         <run_address>0x1f382</run_address>
         <size>0x1fe</size>
         <input_file_ref idref="fl-146"/>
      </object_component>
      <object_component id="oc-244">
         <name>.debug_info</name>
         <load_address>0x1f580</load_address>
         <run_address>0x1f580</run_address>
         <size>0x3c2</size>
         <input_file_ref idref="fl-146"/>
      </object_component>
      <object_component id="oc-27b">
         <name>.debug_info</name>
         <load_address>0x1f942</load_address>
         <run_address>0x1f942</run_address>
         <size>0x1a6</size>
         <input_file_ref idref="fl-146"/>
      </object_component>
      <object_component id="oc-2ce">
         <name>.debug_info</name>
         <load_address>0x1fae8</load_address>
         <run_address>0x1fae8</run_address>
         <size>0x1ba</size>
         <input_file_ref idref="fl-147"/>
      </object_component>
      <object_component id="oc-2cb">
         <name>.debug_info</name>
         <load_address>0x1fca2</load_address>
         <run_address>0x1fca2</run_address>
         <size>0x1c2</size>
         <input_file_ref idref="fl-147"/>
      </object_component>
      <object_component id="oc-25f">
         <name>.debug_info</name>
         <load_address>0x1fe64</load_address>
         <run_address>0x1fe64</run_address>
         <size>0x1a2</size>
         <input_file_ref idref="fl-147"/>
      </object_component>
      <object_component id="oc-259">
         <name>.debug_info</name>
         <load_address>0x20006</load_address>
         <run_address>0x20006</run_address>
         <size>0x1cc</size>
         <input_file_ref idref="fl-147"/>
      </object_component>
      <object_component id="oc-111">
         <name>.debug_info</name>
         <load_address>0x201d2</load_address>
         <run_address>0x201d2</run_address>
         <size>0x1d7</size>
         <input_file_ref idref="fl-148"/>
      </object_component>
      <object_component id="oc-21d">
         <name>.debug_info</name>
         <load_address>0x203a9</load_address>
         <run_address>0x203a9</run_address>
         <size>0x10d</size>
         <input_file_ref idref="fl-148"/>
      </object_component>
      <object_component id="oc-266">
         <name>.debug_info</name>
         <load_address>0x204b6</load_address>
         <run_address>0x204b6</run_address>
         <size>0x207</size>
         <input_file_ref idref="fl-148"/>
      </object_component>
      <object_component id="oc-2b9">
         <name>.debug_info</name>
         <load_address>0x206bd</load_address>
         <run_address>0x206bd</run_address>
         <size>0x217</size>
         <input_file_ref idref="fl-148"/>
      </object_component>
      <object_component id="oc-2bf">
         <name>.debug_info</name>
         <load_address>0x208d4</load_address>
         <run_address>0x208d4</run_address>
         <size>0x312</size>
         <input_file_ref idref="fl-148"/>
      </object_component>
      <object_component id="oc-23b">
         <name>.debug_info</name>
         <load_address>0x20be6</load_address>
         <run_address>0x20be6</run_address>
         <size>0x1dd</size>
         <input_file_ref idref="fl-148"/>
      </object_component>
      <object_component id="oc-24e">
         <name>.debug_info</name>
         <load_address>0x20dc3</load_address>
         <run_address>0x20dc3</run_address>
         <size>0x1e9</size>
         <input_file_ref idref="fl-148"/>
      </object_component>
      <object_component id="oc-1b3">
         <name>.debug_info</name>
         <load_address>0x20fac</load_address>
         <run_address>0x20fac</run_address>
         <size>0x1e4</size>
         <input_file_ref idref="fl-148"/>
      </object_component>
      <object_component id="oc-254">
         <name>.debug_info</name>
         <load_address>0x21190</load_address>
         <run_address>0x21190</run_address>
         <size>0x21f</size>
         <input_file_ref idref="fl-148"/>
      </object_component>
      <object_component id="oc-9b">
         <name>.debug_info</name>
         <load_address>0x213af</load_address>
         <run_address>0x213af</run_address>
         <size>0x1e3</size>
         <input_file_ref idref="fl-148"/>
      </object_component>
      <object_component id="oc-8f">
         <name>.debug_info</name>
         <load_address>0x21592</load_address>
         <run_address>0x21592</run_address>
         <size>0x1f3</size>
         <input_file_ref idref="fl-148"/>
      </object_component>
      <object_component id="oc-95">
         <name>.debug_info</name>
         <load_address>0x21785</load_address>
         <run_address>0x21785</run_address>
         <size>0x1f5</size>
         <input_file_ref idref="fl-148"/>
      </object_component>
      <object_component id="oc-a1">
         <name>.debug_info</name>
         <load_address>0x2197a</load_address>
         <run_address>0x2197a</run_address>
         <size>0x1f1</size>
         <input_file_ref idref="fl-148"/>
      </object_component>
      <object_component id="oc-82">
         <name>.debug_info</name>
         <load_address>0x21b6b</load_address>
         <run_address>0x21b6b</run_address>
         <size>0x189</size>
         <input_file_ref idref="fl-149"/>
      </object_component>
      <object_component id="oc-7c">
         <name>.debug_info</name>
         <load_address>0x21cf4</load_address>
         <run_address>0x21cf4</run_address>
         <size>0x171</size>
         <input_file_ref idref="fl-149"/>
      </object_component>
      <object_component id="oc-2d0">
         <name>.debug_info</name>
         <load_address>0x21e65</load_address>
         <run_address>0x21e65</run_address>
         <size>0x176</size>
         <input_file_ref idref="fl-14a"/>
      </object_component>
      <object_component id="oc-31e">
         <name>.debug_info</name>
         <load_address>0x21fdb</load_address>
         <run_address>0x21fdb</run_address>
         <size>0xc0</size>
      </object_component>
      <object_component id="oc-199">
         <name>.debug_line</name>
         <load_address>0x0</load_address>
         <run_address>0x0</run_address>
         <size>0x282</size>
         <input_file_ref idref="fl-2"/>
      </object_component>
      <object_component id="oc-1c1">
         <name>.debug_line</name>
         <load_address>0x282</load_address>
         <run_address>0x282</run_address>
         <size>0x2d</size>
         <input_file_ref idref="fl-2"/>
      </object_component>
      <object_component id="oc-212">
         <name>.debug_line</name>
         <load_address>0x2af</load_address>
         <run_address>0x2af</run_address>
         <size>0x2d</size>
         <input_file_ref idref="fl-2"/>
      </object_component>
      <object_component id="oc-214">
         <name>.debug_line</name>
         <load_address>0x2dc</load_address>
         <run_address>0x2dc</run_address>
         <size>0x2d</size>
         <input_file_ref idref="fl-2"/>
      </object_component>
      <object_component id="oc-de">
         <name>.debug_line</name>
         <load_address>0x309</load_address>
         <run_address>0x309</run_address>
         <size>0x309</size>
         <input_file_ref idref="fl-2"/>
      </object_component>
      <object_component id="oc-168">
         <name>.debug_line</name>
         <load_address>0x612</load_address>
         <run_address>0x612</run_address>
         <size>0x60</size>
         <input_file_ref idref="fl-2"/>
      </object_component>
      <object_component id="oc-11a">
         <name>.debug_line</name>
         <load_address>0x672</load_address>
         <run_address>0x672</run_address>
         <size>0x64</size>
         <input_file_ref idref="fl-2"/>
      </object_component>
      <object_component id="oc-19d">
         <name>.debug_line</name>
         <load_address>0x6d6</load_address>
         <run_address>0x6d6</run_address>
         <size>0x60</size>
         <input_file_ref idref="fl-2"/>
      </object_component>
      <object_component id="oc-11f">
         <name>.debug_line</name>
         <load_address>0x736</load_address>
         <run_address>0x736</run_address>
         <size>0x60</size>
         <input_file_ref idref="fl-2"/>
      </object_component>
      <object_component id="oc-16d">
         <name>.debug_line</name>
         <load_address>0x796</load_address>
         <run_address>0x796</run_address>
         <size>0x5e</size>
         <input_file_ref idref="fl-2"/>
      </object_component>
      <object_component id="oc-124">
         <name>.debug_line</name>
         <load_address>0x7f4</load_address>
         <run_address>0x7f4</run_address>
         <size>0x69</size>
         <input_file_ref idref="fl-2"/>
      </object_component>
      <object_component id="oc-b0">
         <name>.debug_line</name>
         <load_address>0x85d</load_address>
         <run_address>0x85d</run_address>
         <size>0x20</size>
         <input_file_ref idref="fl-2"/>
      </object_component>
      <object_component id="oc-b5">
         <name>.debug_line</name>
         <load_address>0x87d</load_address>
         <run_address>0x87d</run_address>
         <size>0x66</size>
         <input_file_ref idref="fl-2"/>
      </object_component>
      <object_component id="oc-1a2">
         <name>.debug_line</name>
         <load_address>0x8e3</load_address>
         <run_address>0x8e3</run_address>
         <size>0x69</size>
         <input_file_ref idref="fl-2"/>
      </object_component>
      <object_component id="oc-281">
         <name>.debug_line</name>
         <load_address>0x94c</load_address>
         <run_address>0x94c</run_address>
         <size>0x64</size>
         <input_file_ref idref="fl-2"/>
      </object_component>
      <object_component id="oc-cc">
         <name>.debug_line</name>
         <load_address>0x9b0</load_address>
         <run_address>0x9b0</run_address>
         <size>0x63</size>
         <input_file_ref idref="fl-2"/>
      </object_component>
      <object_component id="oc-b8">
         <name>.debug_line</name>
         <load_address>0xa13</load_address>
         <run_address>0xa13</run_address>
         <size>0x42</size>
         <input_file_ref idref="fl-3"/>
      </object_component>
      <object_component id="oc-37">
         <name>.debug_line</name>
         <load_address>0xa55</load_address>
         <run_address>0xa55</run_address>
         <size>0x42</size>
         <input_file_ref idref="fl-3"/>
      </object_component>
      <object_component id="oc-2e">
         <name>.debug_line</name>
         <load_address>0xa97</load_address>
         <run_address>0xa97</run_address>
         <size>0xa2</size>
         <input_file_ref idref="fl-3"/>
      </object_component>
      <object_component id="oc-bc">
         <name>.debug_line</name>
         <load_address>0xb39</load_address>
         <run_address>0xb39</run_address>
         <size>0x63</size>
         <input_file_ref idref="fl-3"/>
      </object_component>
      <object_component id="oc-2db">
         <name>.debug_line</name>
         <load_address>0xb9c</load_address>
         <run_address>0xb9c</run_address>
         <size>0x142</size>
         <input_file_ref idref="fl-4"/>
      </object_component>
      <object_component id="oc-1cc">
         <name>.debug_line</name>
         <load_address>0xcde</load_address>
         <run_address>0xcde</run_address>
         <size>0x12d</size>
         <input_file_ref idref="fl-4"/>
      </object_component>
      <object_component id="oc-28b">
         <name>.debug_line</name>
         <load_address>0xe0b</load_address>
         <run_address>0xe0b</run_address>
         <size>0x1b9</size>
         <input_file_ref idref="fl-5"/>
      </object_component>
      <object_component id="oc-285">
         <name>.debug_line</name>
         <load_address>0xfc4</load_address>
         <run_address>0xfc4</run_address>
         <size>0x5f</size>
         <input_file_ref idref="fl-5"/>
      </object_component>
      <object_component id="oc-289">
         <name>.debug_line</name>
         <load_address>0x1023</load_address>
         <run_address>0x1023</run_address>
         <size>0x5f</size>
         <input_file_ref idref="fl-5"/>
      </object_component>
      <object_component id="oc-144">
         <name>.debug_line</name>
         <load_address>0x1082</load_address>
         <run_address>0x1082</run_address>
         <size>0x25c</size>
         <input_file_ref idref="fl-5"/>
      </object_component>
      <object_component id="oc-1e6">
         <name>.debug_line</name>
         <load_address>0x12de</load_address>
         <run_address>0x12de</run_address>
         <size>0x5f</size>
         <input_file_ref idref="fl-5"/>
      </object_component>
      <object_component id="oc-1dc">
         <name>.debug_line</name>
         <load_address>0x133d</load_address>
         <run_address>0x133d</run_address>
         <size>0x61</size>
         <input_file_ref idref="fl-5"/>
      </object_component>
      <object_component id="oc-1e1">
         <name>.debug_line</name>
         <load_address>0x139e</load_address>
         <run_address>0x139e</run_address>
         <size>0x5f</size>
         <input_file_ref idref="fl-5"/>
      </object_component>
      <object_component id="oc-294">
         <name>.debug_line</name>
         <load_address>0x13fd</load_address>
         <run_address>0x13fd</run_address>
         <size>0x1b2</size>
         <input_file_ref idref="fl-6"/>
      </object_component>
      <object_component id="oc-2aa">
         <name>.debug_line</name>
         <load_address>0x15af</load_address>
         <run_address>0x15af</run_address>
         <size>0x5f</size>
         <input_file_ref idref="fl-6"/>
      </object_component>
      <object_component id="oc-2ac">
         <name>.debug_line</name>
         <load_address>0x160e</load_address>
         <run_address>0x160e</run_address>
         <size>0x5f</size>
         <input_file_ref idref="fl-6"/>
      </object_component>
      <object_component id="oc-2b6">
         <name>.debug_line</name>
         <load_address>0x166d</load_address>
         <run_address>0x166d</run_address>
         <size>0x5f</size>
         <input_file_ref idref="fl-6"/>
      </object_component>
      <object_component id="oc-2ae">
         <name>.debug_line</name>
         <load_address>0x16cc</load_address>
         <run_address>0x16cc</run_address>
         <size>0x5f</size>
         <input_file_ref idref="fl-6"/>
      </object_component>
      <object_component id="oc-287">
         <name>.debug_line</name>
         <load_address>0x172b</load_address>
         <run_address>0x172b</run_address>
         <size>0x5f</size>
         <input_file_ref idref="fl-6"/>
      </object_component>
      <object_component id="oc-1c6">
         <name>.debug_line</name>
         <load_address>0x178a</load_address>
         <run_address>0x178a</run_address>
         <size>0x86c</size>
         <input_file_ref idref="fl-6"/>
      </object_component>
      <object_component id="oc-232">
         <name>.debug_line</name>
         <load_address>0x1ff6</load_address>
         <run_address>0x1ff6</run_address>
         <size>0x5f</size>
         <input_file_ref idref="fl-6"/>
      </object_component>
      <object_component id="oc-2a4">
         <name>.debug_line</name>
         <load_address>0x2055</load_address>
         <run_address>0x2055</run_address>
         <size>0x12f</size>
         <input_file_ref idref="fl-9"/>
      </object_component>
      <object_component id="oc-2a2">
         <name>.debug_line</name>
         <load_address>0x2184</load_address>
         <run_address>0x2184</run_address>
         <size>0x5f</size>
         <input_file_ref idref="fl-9"/>
      </object_component>
      <object_component id="oc-15c">
         <name>.debug_line</name>
         <load_address>0x21e3</load_address>
         <run_address>0x21e3</run_address>
         <size>0x48f</size>
         <input_file_ref idref="fl-9"/>
      </object_component>
      <object_component id="oc-20f">
         <name>.debug_line</name>
         <load_address>0x2672</load_address>
         <run_address>0x2672</run_address>
         <size>0x5f</size>
         <input_file_ref idref="fl-9"/>
      </object_component>
      <object_component id="oc-2a0">
         <name>.debug_line</name>
         <load_address>0x26d1</load_address>
         <run_address>0x26d1</run_address>
         <size>0x5f</size>
         <input_file_ref idref="fl-a"/>
      </object_component>
      <object_component id="oc-29e">
         <name>.debug_line</name>
         <load_address>0x2730</load_address>
         <run_address>0x2730</run_address>
         <size>0x5f</size>
         <input_file_ref idref="fl-a"/>
      </object_component>
      <object_component id="oc-156">
         <name>.debug_line</name>
         <load_address>0x278f</load_address>
         <run_address>0x278f</run_address>
         <size>0xbf</size>
         <input_file_ref idref="fl-a"/>
      </object_component>
      <object_component id="oc-205">
         <name>.debug_line</name>
         <load_address>0x284e</load_address>
         <run_address>0x284e</run_address>
         <size>0x5f</size>
         <input_file_ref idref="fl-a"/>
      </object_component>
      <object_component id="oc-296">
         <name>.debug_line</name>
         <load_address>0x28ad</load_address>
         <run_address>0x28ad</run_address>
         <size>0x5f</size>
         <input_file_ref idref="fl-b"/>
      </object_component>
      <object_component id="oc-28d">
         <name>.debug_line</name>
         <load_address>0x290c</load_address>
         <run_address>0x290c</run_address>
         <size>0x5e</size>
         <input_file_ref idref="fl-b"/>
      </object_component>
      <object_component id="oc-14a">
         <name>.debug_line</name>
         <load_address>0x296a</load_address>
         <run_address>0x296a</run_address>
         <size>0x124</size>
         <input_file_ref idref="fl-b"/>
      </object_component>
      <object_component id="oc-291">
         <name>.debug_line</name>
         <load_address>0x2a8e</load_address>
         <run_address>0x2a8e</run_address>
         <size>0x5e</size>
         <input_file_ref idref="fl-b"/>
      </object_component>
      <object_component id="oc-2f7">
         <name>.debug_line</name>
         <load_address>0x2aec</load_address>
         <run_address>0x2aec</run_address>
         <size>0xa2</size>
         <input_file_ref idref="fl-c"/>
      </object_component>
      <object_component id="oc-2f3">
         <name>.debug_line</name>
         <load_address>0x2b8e</load_address>
         <run_address>0x2b8e</run_address>
         <size>0x5f</size>
         <input_file_ref idref="fl-c"/>
      </object_component>
      <object_component id="oc-2f5">
         <name>.debug_line</name>
         <load_address>0x2bed</load_address>
         <run_address>0x2bed</run_address>
         <size>0x5f</size>
         <input_file_ref idref="fl-c"/>
      </object_component>
      <object_component id="oc-2b3">
         <name>.debug_line</name>
         <load_address>0x2c4c</load_address>
         <run_address>0x2c4c</run_address>
         <size>0x59a</size>
         <input_file_ref idref="fl-c"/>
      </object_component>
      <object_component id="oc-2e7">
         <name>.debug_line</name>
         <load_address>0x31e6</load_address>
         <run_address>0x31e6</run_address>
         <size>0x5f</size>
         <input_file_ref idref="fl-c"/>
      </object_component>
      <object_component id="oc-29c">
         <name>.debug_line</name>
         <load_address>0x3245</load_address>
         <run_address>0x3245</run_address>
         <size>0xa2</size>
         <input_file_ref idref="fl-e"/>
      </object_component>
      <object_component id="oc-29a">
         <name>.debug_line</name>
         <load_address>0x32e7</load_address>
         <run_address>0x32e7</run_address>
         <size>0x5d</size>
         <input_file_ref idref="fl-e"/>
      </object_component>
      <object_component id="oc-298">
         <name>.debug_line</name>
         <load_address>0x3344</load_address>
         <run_address>0x3344</run_address>
         <size>0x5d</size>
         <input_file_ref idref="fl-e"/>
      </object_component>
[...]
         <object_component_ref idref="oc-2af"/>
      </symbol>
      <symbol id="sm-571">
         <name>_SlSockSocketCmdCtrl</name>
         <value>0x65bc</value>
         <object_component_ref idref="oc-2df"/>
      </symbol>
      <symbol id="sm-572">
         <name>_SlRecvfomCmdCtrl</name>
         <value>0x65c4</value>
         <object_component_ref idref="oc-2df"/>
      </symbol>
      <symbol id="sm-573">
         <name>_SlSetSockOptCmdCtrl</name>
         <value>0x65d8</value>
         <object_component_ref idref="oc-2df"/>
      </symbol>
      <symbol id="sm-574">
         <name>_SlAcceptCmdCtrl</name>
         <value>0x65d0</value>
         <object_component_ref idref="oc-2df"/>
      </symbol>
      <symbol id="sm-575">
         <name>_SlPayloadByProtocolLUT</name>
         <value>0x6688</value>
         <object_component_ref idref="oc-2dc"/>
      </symbol>
      <symbol id="sm-576">
         <name>_SlListenCmdCtrl</name>
         <value>0x65cc</value>
         <object_component_ref idref="oc-2df"/>
      </symbol>
      <symbol id="sm-577">
         <name>_SlRecvCmdCtrl</name>
         <value>0x65d4</value>
         <object_component_ref idref="oc-2df"/>
      </symbol>
      <symbol id="sm-578">
         <name>SL_FD_CLR</name>
         <value>0x2ae9</value>
         <object_component_ref idref="oc-2af"/>
      </symbol>
      <symbol id="sm-579">
         <name>_SlGetSockOptCmdCtrl</name>
         <value>0x65dc</value>
         <object_component_ref idref="oc-2df"/>
      </symbol>
      <symbol id="sm-57a">
         <name>_sl_TruncatePayloadByProtocol</name>
         <value>0x1e59</value>
         <object_component_ref idref="oc-2af"/>
      </symbol>
      <symbol id="sm-57b">
         <name>sl_Close</name>
         <value>0x1f51</value>
         <object_component_ref idref="oc-2af"/>
      </symbol>
      <symbol id="sm-57c">
         <name>_sl_HandleAsync_Accept</name>
         <value>0x2739</value>
         <object_component_ref idref="oc-2af"/>
      </symbol>
      <symbol id="sm-57d">
         <name>sl_GetSockOpt</name>
         <value>0x28d9</value>
         <object_component_ref idref="oc-2af"/>
      </symbol>
      <symbol id="sm-57e">
         <name>sl_SetSockOpt</name>
         <value>0x2871</value>
         <object_component_ref idref="oc-2af"/>
      </symbol>
      <symbol id="sm-57f">
         <name>_sl_ParseAddress</name>
         <value>0x1e91</value>
         <object_component_ref idref="oc-2af"/>
      </symbol>
      <symbol id="sm-580">
         <name>sl_Listen</name>
         <value>0x2511</value>
         <object_component_ref idref="oc-2af"/>
      </symbol>
      <symbol id="sm-581">
         <name>SL_FD_ISSET</name>
         <value>0x2b11</value>
         <object_component_ref idref="oc-2af"/>
      </symbol>
      <symbol id="sm-582">
         <name>sl_Bind</name>
         <value>0x1f89</value>
         <object_component_ref idref="oc-2af"/>
      </symbol>
      <symbol id="sm-63e">
         <name>sl_WlanSmartConfigStop</name>
         <value>0x3501</value>
         <object_component_ref idref="oc-14c"/>
      </symbol>
      <symbol id="sm-63f">
         <name>sl_WlanProfileAdd</name>
         <value>0x2f01</value>
         <object_component_ref idref="oc-14c"/>
      </symbol>
      <symbol id="sm-640">
         <name>sl_WlanDisconnect</name>
         <value>0x2dd1</value>
         <object_component_ref idref="oc-14c"/>
      </symbol>
      <symbol id="sm-641">
         <name>_SlPolicyGetCmdCtrl</name>
         <value>0x6518</value>
         <object_component_ref idref="oc-1f3"/>
      </symbol>
      <symbol id="sm-642">
         <name>_SlPolicySetCmdCtrl</name>
         <value>0x6514</value>
         <object_component_ref idref="oc-1f3"/>
      </symbol>
      <symbol id="sm-643">
         <name>_SlRxFilterGetCmdCtrl</name>
         <value>0x6530</value>
         <object_component_ref idref="oc-1f3"/>
      </symbol>
      <symbol id="sm-644">
         <name>_SlRxFilterSetCmdCtrl</name>
         <value>0x652c</value>
         <object_component_ref idref="oc-1f3"/>
      </symbol>
      <symbol id="sm-645">
         <name>sl_WlanRxFilterGet</name>
         <value>0x3421</value>
         <object_component_ref idref="oc-14c"/>
      </symbol>
      <symbol id="sm-646">
         <name>_SlProfileGetCmdCtrl</name>
         <value>0x651c</value>
         <object_component_ref idref="oc-1f3"/>
      </symbol>
      <symbol id="sm-647">
         <name>sl_WlanRxStatGet</name>
         <value>0x34c1</value>
         <object_component_ref idref="oc-14c"/>
      </symbol>
      <symbol id="sm-648">
         <name>_SlWlanGetNetworkListCtrl</name>
         <value>0x6524</value>
         <object_component_ref idref="oc-1f3"/>
      </symbol>
      <symbol id="sm-649">
         <name>sl_WlanPolicySet</name>
         <value>0x2de1</value>
         <object_component_ref idref="oc-14c"/>
      </symbol>
      <symbol id="sm-64a">
         <name>_SlProfileDelCmdCtrl</name>
         <value>0x6520</value>
         <object_component_ref idref="oc-1f3"/>
      </symbol>
      <symbol id="sm-64b">
         <name>sl_WlanRxStatStart</name>
         <value>0x34a1</value>
         <object_component_ref idref="oc-14c"/>
      </symbol>
      <symbol id="sm-64c">
         <name>sl_WlanProfileGet</name>
         <value>0x31b1</value>
         <object_component_ref idref="oc-14c"/>
      </symbol>
      <symbol id="sm-64d">
         <name>_SlWlanSetModeCmdCtrl</name>
         <value>0x6538</value>
         <object_component_ref idref="oc-1f3"/>
      </symbol>
      <symbol id="sm-64e">
         <name>sl_WlanPolicyGet</name>
         <value>0x2e59</value>
         <object_component_ref idref="oc-14c"/>
      </symbol>
      <symbol id="sm-64f">
         <name>_SlWlanCfgSetCmdCtrl</name>
         <value>0x653c</value>
         <object_component_ref idref="oc-1f3"/>
      </symbol>
      <symbol id="sm-650">
         <name>_SlWlanCfgGetCmdCtrl</name>
         <value>0x6540</value>
         <object_component_ref idref="oc-1f3"/>
      </symbol>
      <symbol id="sm-651">
         <name>sl_WlanGet</name>
         <value>0x3659</value>
         <object_component_ref idref="oc-14c"/>
      </symbol>
      <symbol id="sm-652">
         <name>sl_WlanRxStatStop</name>
         <value>0x34b1</value>
         <object_component_ref idref="oc-14c"/>
      </symbol>
      <symbol id="sm-653">
         <name>sl_WlanSmartConfigStart</name>
         <value>0x3511</value>
         <object_component_ref idref="oc-14c"/>
      </symbol>
      <symbol id="sm-654">
         <name>sl_WlanRxFilterAdd</name>
         <value>0x3351</value>
         <object_component_ref idref="oc-14c"/>
      </symbol>
      <symbol id="sm-655">
         <name>sl_WlanProfileDel</name>
         <value>0x32a1</value>
         <object_component_ref idref="oc-14c"/>
      </symbol>
      <symbol id="sm-656">
         <name>_SlRxFilterAddtCmdCtrl</name>
         <value>0x6528</value>
         <object_component_ref idref="oc-1f3"/>
      </symbol>
      <symbol id="sm-657">
         <name>sl_WlanRxFilterSet</name>
         <value>0x33c9</value>
         <object_component_ref idref="oc-14c"/>
      </symbol>
      <symbol id="sm-658">
         <name>sl_WlanConnect</name>
         <value>0x2b61</value>
         <object_component_ref idref="oc-14c"/>
      </symbol>
      <symbol id="sm-659">
         <name>sl_WlanSet</name>
         <value>0x35e9</value>
         <object_component_ref idref="oc-14c"/>
      </symbol>
      <symbol id="sm-65a">
         <name>_SlSmartConfigStartCmdCtrl</name>
         <value>0x6534</value>
         <object_component_ref idref="oc-1f3"/>
      </symbol>
      <symbol id="sm-65b">
         <name>sl_WlanGetNetworkList</name>
         <value>0x32d9</value>
         <object_component_ref idref="oc-14c"/>
      </symbol>
      <symbol id="sm-65c">
         <name>sl_WlanSetMode</name>
         <value>0x35a9</value>
         <object_component_ref idref="oc-14c"/>
      </symbol>
      <symbol id="sm-686">
         <name>g_ucUARTBuffer</name>
         <value>0x200003ec</value>
      </symbol>
      <symbol id="sm-687">
         <name>CLI_Read</name>
         <value>0x54f9</value>
         <object_component_ref idref="oc-137"/>
      </symbol>
      <symbol id="sm-688">
         <name>CLI_Configure</name>
         <value>0x55b1</value>
         <object_component_ref idref="oc-137"/>
      </symbol>
      <symbol id="sm-689">
         <name>CLI_Write</name>
         <value>0x5551</value>
         <object_component_ref idref="oc-137"/>
      </symbol>
      <symbol id="sm-6b1">
         <name>IntIsMasked</name>
         <value>0x200003f0</value>
      </symbol>
      <symbol id="sm-6b2">
         <name>g_SysClock</name>
         <value>0x200003e8</value>
      </symbol>
      <symbol id="sm-6b3">
         <name>CC3100_InterruptDisable</name>
         <value>0x5a81</value>
         <object_component_ref idref="oc-30"/>
      </symbol>
      <symbol id="sm-6b4">
         <name>CC3100_disable</name>
         <value>0x5a41</value>
         <object_component_ref idref="oc-30"/>
      </symbol>
      <symbol id="sm-6b5">
         <name>CC3100_InterruptEnable</name>
         <value>0x5a71</value>
         <object_component_ref idref="oc-30"/>
      </symbol>
      <symbol id="sm-6b6">
         <name>UARTRxTxHandler</name>
         <value>0x5aa1</value>
         <object_component_ref idref="oc-30"/>
      </symbol>
      <symbol id="sm-6b7">
         <name>CC3100_enable</name>
         <value>0x5a59</value>
         <object_component_ref idref="oc-30"/>
      </symbol>
      <symbol id="sm-6b8">
         <name>registerInterruptHandler</name>
         <value>0x5a29</value>
         <object_component_ref idref="oc-30"/>
      </symbol>
      <symbol id="sm-6b9">
         <name>UnMaskIntHdlr</name>
         <value>0x5a99</value>
         <object_component_ref idref="oc-30"/>
      </symbol>
      <symbol id="sm-6ba">
         <name>stopWDT</name>
         <value>0x5a21</value>
         <object_component_ref idref="oc-30"/>
      </symbol>
      <symbol id="sm-6bb">
         <name>MaskIntHdlr</name>
         <value>0x5a91</value>
         <object_component_ref idref="oc-30"/>
      </symbol>
      <symbol id="sm-6bc">
         <name>pIrqEventHandler</name>
         <value>0x2000041c</value>
         <object_component_ref idref="oc-a8"/>
      </symbol>
      <symbol id="sm-6bd">
         <name>initClk</name>
         <value>0x5a09</value>
         <object_component_ref idref="oc-30"/>
      </symbol>
      <symbol id="sm-6be">
         <name>GPIOM_intHandler</name>
         <value>0x5aa9</value>
         <object_component_ref idref="oc-30"/>
      </symbol>
      <symbol id="sm-6d0">
         <name>_c_int00</name>
         <value>0x5d9d</value>
         <object_component_ref idref="oc-24"/>
      </symbol>
      <symbol id="sm-6d1">
         <name>__stack</name>
         <value>0x20000000</value>
         <object_component_ref idref="oc-29"/>
      </symbol>
      <symbol id="sm-6e8">
         <name>__TI_decompress_none</name>
         <value>0x60af</value>
         <object_component_ref idref="oc-12"/>
      </symbol>
      <symbol id="sm-70b">
         <name>__TI_decompress_rle24</name>
         <value>0x610f</value>
         <object_component_ref idref="oc-18"/>
      </symbol>
      <symbol id="sm-71d">
         <name>__TI_zero_init</name>
         <value>0x60d5</value>
         <object_component_ref idref="oc-1e"/>
      </symbol>
      <symbol id="sm-73c">
         <name>C$$EXIT</name>
         <value>0x5ec9</value>
         <object_component_ref idref="oc-70"/>
      </symbol>
      <symbol id="sm-73d">
         <name>abort</name>
         <value>0x5ecd</value>
         <object_component_ref idref="oc-70"/>
      </symbol>
      <symbol id="sm-73e">
         <name>exit</name>
         <value>0x5ed5</value>
         <object_component_ref idref="oc-70"/>
      </symbol>
      <symbol id="sm-73f">
         <name>__TI_dtors_ptr</name>
         <value>0x20000418</value>
         <object_component_ref idref="oc-e5"/>
      </symbol>
      <symbol id="sm-740">
         <name>__TI_cleanup_ptr</name>
         <value>0x20000414</value>
         <object_component_ref idref="oc-e5"/>
      </symbol>
      <symbol id="sm-75b">
         <name>memcpy</name>
         <value>0x5af5</value>
         <object_component_ref idref="oc-39"/>
      </symbol>
      <symbol id="sm-75c">
         <name>__aeabi_memcpy</name>
         <value>0x5af5</value>
         <object_component_ref idref="oc-39"/>
      </symbol>
      <symbol id="sm-75d">
         <name>__aeabi_memcpy8</name>
         <value>0x5af5</value>
         <object_component_ref idref="oc-39"/>
      </symbol>
      <symbol id="sm-75e">
         <name>__aeabi_memcpy4</name>
         <value>0x5af5</value>
         <object_component_ref idref="oc-39"/>
      </symbol>
      <symbol id="sm-76d">
         <name>__aeabi_memset</name>
         <value>0x5b93</value>
         <object_component_ref idref="oc-52"/>
      </symbol>
      <symbol id="sm-76e">
         <name>memset</name>
         <value>0x5b99</value>
         <object_component_ref idref="oc-52"/>
      </symbol>
      <symbol id="sm-76f">
         <name>__aeabi_memset8</name>
         <value>0x5b93</value>
         <object_component_ref idref="oc-52"/>
      </symbol>
      <symbol id="sm-770">
         <name>__aeabi_memset4</name>
         <value>0x5b93</value>
         <object_component_ref idref="oc-52"/>
      </symbol>
      <symbol id="sm-771">
         <name>__aeabi_memclr8</name>
         <value>0x5b91</value>
         <object_component_ref idref="oc-52"/>
      </symbol>
      <symbol id="sm-772">
         <name>__aeabi_memclr4</name>
         <value>0x5b91</value>
         <object_component_ref idref="oc-52"/>
      </symbol>
      <symbol id="sm-773">
         <name>__aeabi_memclr</name>
         <value>0x5b91</value>
         <object_component_ref idref="oc-52"/>
      </symbol>
      <symbol id="sm-77d">
         <name>_system_pre_init</name>
         <value>0x1e05</value>
         <object_component_ref idref="oc-5e"/>
      </symbol>
      <symbol id="sm-785">
         <name>main_func_sp</name>
         <value>0x20000420</value>
         <object_component_ref idref="oc-76"/>
      </symbol>
      <symbol id="sm-793">
         <name>strlen</name>
         <value>0x6019</value>
         <object_component_ref idref="oc-1ab"/>
      </symbol>
      <symbol id="sm-7ac">
         <name>_nop</name>
         <value>0x6013</value>
         <object_component_ref idref="oc-176"/>
      </symbol>
      <symbol id="sm-7ad">
         <name>_lock</name>
         <value>0x2000040c</value>
         <object_component_ref idref="oc-e2"/>
      </symbol>
      <symbol id="sm-7ae">
         <name>_unlock</name>
         <value>0x20000410</value>
         <object_component_ref idref="oc-e2"/>
      </symbol>
      <symbol id="sm-7af">
         <name>_register_lock</name>
         <value>0x600b</value>
         <object_component_ref idref="oc-176"/>
      </symbol>
      <symbol id="sm-7b0">
         <name>_register_unlock</name>
         <value>0x6005</value>
         <object_component_ref idref="oc-176"/>
      </symbol>
      <symbol id="sm-7c5">
         <name>_args_main</name>
         <value>0x5fed</value>
         <object_component_ref idref="oc-6a"/>
      </symbol>
      <symbol id="sm-7eb">
         <name>__TI_auto_init</name>
         <value>0x5c0d</value>
         <object_component_ref idref="oc-64"/>
      </symbol>
      <symbol id="sm-805">
         <name>copy_in</name>
         <value>0x5ded</value>
         <object_component_ref idref="oc-d2"/>
      </symbol>
      <symbol id="sm-887">
         <name>SysCtlDelay</name>
         <value>0x6109</value>
         <object_component_ref idref="oc-264"/>
      </symbol>
      <symbol id="sm-888">
         <name>SysCtlPeripheralEnable</name>
         <value>0x5f51</value>
         <object_component_ref idref="oc-234"/>
      </symbol>
      <symbol id="sm-889">
         <name>SysCtlClockFreqSet</name>
         <value>0x52f9</value>
         <object_component_ref idref="oc-87"/>
      </symbol>
      <symbol id="sm-8bb">
         <name>SSIDataGetNonBlocking</name>
         <value>0x6051</value>
         <object_component_ref idref="oc-271"/>
      </symbol>
      <symbol id="sm-8bc">
         <name>SSIDataPutNonBlocking</name>
         <value>0x60a1</value>
         <object_component_ref idref="oc-26b"/>
      </symbol>
      <symbol id="sm-8bd">
         <name>SSIConfigSetExpClk</name>
         <value>0x5f0d</value>
         <object_component_ref idref="oc-240"/>
      </symbol>
      <symbol id="sm-8be">
         <name>SSIEnable</name>
         <value>0x60eb</value>
         <object_component_ref idref="oc-246"/>
      </symbol>
      <symbol id="sm-8bf">
         <name>SSIBusy</name>
         <value>0x60f5</value>
         <object_component_ref idref="oc-277"/>
      </symbol>
      <symbol id="sm-8ed">
         <name>IntEnable</name>
         <value>0x5ce5</value>
         <object_component_ref idref="oc-258"/>
      </symbol>
      <symbol id="sm-8ee">
         <name>IntMasterEnable</name>
         <value>0x60e1</value>
         <object_component_ref idref="oc-25e"/>
      </symbol>
      <symbol id="sm-95e">
         <name>GPIOPinConfigure</name>
         <value>0x5e39</value>
         <object_component_ref idref="oc-1b1"/>
      </symbol>
      <symbol id="sm-95f">
         <name>GPIOIntDisable</name>
         <value>0x6085</value>
         <object_component_ref idref="oc-93"/>
      </symbol>
      <symbol id="sm-960">
         <name>GPIOIntEnable</name>
         <value>0x60c9</value>
         <object_component_ref idref="oc-8d"/>
      </symbol>
      <symbol id="sm-961">
         <name>GPIOIntTypeSet</name>
         <value>0x5d45</value>
         <object_component_ref idref="oc-252"/>
      </symbol>
      <symbol id="sm-962">
         <name>GPIOPinTypeGPIOInput</name>
         <value>0x602d</value>
         <object_component_ref idref="oc-24c"/>
      </symbol>
      <symbol id="sm-963">
         <name>GPIOIntClear</name>
         <value>0x60fd</value>
         <object_component_ref idref="oc-9f"/>
      </symbol>
      <symbol id="sm-964">
         <name>GPIOIntStatus</name>
         <value>0x6093</value>
         <object_component_ref idref="oc-99"/>
      </symbol>
      <symbol id="sm-965">
         <name>GPIODirModeSet</name>
         <value>0x5f85</value>
         <object_component_ref idref="oc-2b8"/>
      </symbol>
      <symbol id="sm-966">
         <name>GPIOPinWrite</name>
         <value>0x6103</value>
         <object_component_ref idref="oc-265"/>
      </symbol>
      <symbol id="sm-967">
         <name>GPIOPadConfigSet</name>
         <value>0x57ad</value>
         <object_component_ref idref="oc-2be"/>
      </symbol>
      <symbol id="sm-968">
         <name>GPIOPinTypeSSI</name>
         <value>0x603f</value>
         <object_component_ref idref="oc-23a"/>
      </symbol>
      <symbol id="sm-97e">
         <name>FPULazyStackingEnable</name>
         <value>0x6075</value>
         <object_component_ref idref="oc-81"/>
      </symbol>
      <symbol id="sm-97f">
         <name>FPUEnable</name>
         <value>0x6065</value>
         <object_component_ref idref="oc-7b"/>
      </symbol>
      <symbol id="sm-989">
         <name>CPUcpsie</name>
         <value>0x60bd</value>
         <object_component_ref idref="oc-2cf"/>
      </symbol>
      <symbol id="sm-98a">
         <name>__TI_static_base__</name>
         <value>0x0</value>
      </symbol>
      <symbol id="sm-98d">
         <name>SHT$$INIT_ARRAY$$Limit</name>
         <value>0x0</value>
      </symbol>
      <symbol id="sm-98e">
         <name>SHT$$INIT_ARRAY$$Base</name>
         <value>0x0</value>
      </symbol>
   </symbol_table>
   <title>Link successful</title>
</link_info>
