<?xml version="1.0"?>
<link_info>
   <banner>TI ARM Linker PC v5.2.2</banner>
   <copyright>Copyright (c) 1996-2015 Texas Instruments Incorporated</copyright>
   <link_time>0x5670b9c5</link_time>
   <link_errors>0x0</link_errors>
   <output_file>getting_started_with_wlan_station_exosite_write.out</output_file>
   <entry_point>
      <name>_c_int00</name>
      <address>0x8d91</address>
   </entry_point>
   <input_file_list>
      <input_file id="fl-2">
         <path>.\</path>
         <kind>object</kind>
         <file>cloud_demo.obj</file>
         <name>cloud_demo.obj</name>
      </input_file>
      <input_file id="fl-3">
         <path>.\</path>
         <kind>object</kind>
         <file>main.obj</file>
         <name>main.obj</name>
      </input_file>
      <input_file id="fl-4">
         <path>.\</path>
         <kind>object</kind>
         <file>tm4c1294ncpdt_startup_ccs.obj</file>
         <name>tm4c1294ncpdt_startup_ccs.obj</name>
      </input_file>
      <input_file id="fl-5">
         <path>.\spi\</path>
         <kind>object</kind>
         <file>spi.obj</file>
         <name>spi.obj</name>
      </input_file>
      <input_file id="fl-6">
         <path>.\simplelink\source\</path>
         <kind>object</kind>
         <file>device.obj</file>
         <name>device.obj</name>
      </input_file>
      <input_file id="fl-7">
         <path>.\simplelink\source\</path>
         <kind>object</kind>
         <file>driver.obj</file>
         <name>driver.obj</name>
      </input_file>
      <input_file id="fl-8">
         <path>.\simplelink\source\</path>
         <kind>object</kind>
         <file>flowcont.obj</file>
         <name>flowcont.obj</name>
      </input_file>
      <input_file id="fl-9">
         <path>.\simplelink\source\</path>
         <kind>object</kind>
         <file>fs.obj</file>
         <name>fs.obj</name>
      </input_file>
      <input_file id="fl-a">
         <path>.\simplelink\source\</path>
         <kind>object</kind>
         <file>netapp.obj</file>
         <name>netapp.obj</name>
      </input_file>
      <input_file id="fl-b">
         <path>.\simplelink\source\</path>
         <kind>object</kind>
         <file>netcfg.obj</file>
         <name>netcfg.obj</name>
      </input_file>
      <input_file id="fl-c">
         <path>.\simplelink\source\</path>
         <kind>object</kind>
         <file>nonos.obj</file>
         <name>nonos.obj</name>
      </input_file>
      <input_file id="fl-d">
         <path>.\simplelink\source\</path>
         <kind>object</kind>
         <file>socket.obj</file>
         <name>socket.obj</name>
      </input_file>
      <input_file id="fl-e">
         <path>.\simplelink\source\</path>
         <kind>object</kind>
         <file>spawn.obj</file>
         <name>spawn.obj</name>
      </input_file>
      <input_file id="fl-f">
         <path>.\simplelink\source\</path>
         <kind>object</kind>
         <file>wlan.obj</file>
         <name>wlan.obj</name>
      </input_file>
      <input_file id="fl-10">
         <path>.\exosite\</path>
         <kind>object</kind>
         <file>exosite.obj</file>
         <name>exosite.obj</name>
      </input_file>
      <input_file id="fl-11">
         <path>.\exosite\</path>
         <kind>object</kind>
         <file>exosite_pal.obj</file>
         <name>exosite_pal.obj</name>
      </input_file>
      <input_file id="fl-12">
         <path>.\cli_uart\</path>
         <kind>object</kind>
         <file>cli_uart.obj</file>
         <name>cli_uart.obj</name>
      </input_file>
      <input_file id="fl-13">
         <path>.\board\</path>
         <kind>object</kind>
         <file>board.obj</file>
         <name>board.obj</name>
      </input_file>
      <input_file id="fl-13a">
         <path>C:\CCSV6\ccsv6\tools\compiler\ti-cgt-arm_5.2.2\lib\</path>
         <kind>archive</kind>
         <file>rtsv7M4_T_le_v4SPD16_eabi.lib</file>
         <name>atoi.obj</name>
      </input_file>
      <input_file id="fl-13b">
         <path>C:\CCSV6\ccsv6\tools\compiler\ti-cgt-arm_5.2.2\lib\</path>
         <kind>archive</kind>
         <file>rtsv7M4_T_le_v4SPD16_eabi.lib</file>
         <name>boot.obj</name>
      </input_file>
      <input_file id="fl-13c">
         <path>C:\CCSV6\ccsv6\tools\compiler\ti-cgt-arm_5.2.2\lib\</path>
         <kind>archive</kind>
         <file>rtsv7M4_T_le_v4SPD16_eabi.lib</file>
         <name>copy_decompress_none.obj</name>
      </input_file>
      <input_file id="fl-13d">
         <path>C:\CCSV6\ccsv6\tools\compiler\ti-cgt-arm_5.2.2\lib\</path>
         <kind>archive</kind>
         <file>rtsv7M4_T_le_v4SPD16_eabi.lib</file>
         <name>copy_decompress_rle.obj</name>
      </input_file>
      <input_file id="fl-13e">
         <path>C:\CCSV6\ccsv6\tools\compiler\ti-cgt-arm_5.2.2\lib\</path>
         <kind>archive</kind>
         <file>rtsv7M4_T_le_v4SPD16_eabi.lib</file>
         <name>copy_zero_init.obj</name>
      </input_file>
      <input_file id="fl-13f">
         <path>C:\CCSV6\ccsv6\tools\compiler\ti-cgt-arm_5.2.2\lib\</path>
         <kind>archive</kind>
         <file>rtsv7M4_T_le_v4SPD16_eabi.lib</file>
         <name>ctype.obj</name>
      </input_file>
      <input_file id="fl-140">
         <path>C:\CCSV6\ccsv6\tools\compiler\ti-cgt-arm_5.2.2\lib\</path>
         <kind>archive</kind>
         <file>rtsv7M4_T_le_v4SPD16_eabi.lib</file>
         <name>exit.obj</name>
      </input_file>
      <input_file id="fl-141">
         <path>C:\CCSV6\ccsv6\tools\compiler\ti-cgt-arm_5.2.2\lib\</path>
         <kind>archive</kind>
         <file>rtsv7M4_T_le_v4SPD16_eabi.lib</file>
         <name>memcpy_t2.obj</name>
      </input_file>
      <input_file id="fl-142">
         <path>C:\CCSV6\ccsv6\tools\compiler\ti-cgt-arm_5.2.2\lib\</path>
         <kind>archive</kind>
         <file>rtsv7M4_T_le_v4SPD16_eabi.lib</file>
         <name>memset_t2.obj</name>
      </input_file>
      <input_file id="fl-143">
         <path>C:\CCSV6\ccsv6\tools\compiler\ti-cgt-arm_5.2.2\lib\</path>
         <kind>archive</kind>
         <file>rtsv7M4_T_le_v4SPD16_eabi.lib</file>
         <name>pre_init.obj</name>
      </input_file>
      <input_file id="fl-144">
         <path>C:\CCSV6\ccsv6\tools\compiler\ti-cgt-arm_5.2.2\lib\</path>
         <kind>archive</kind>
         <file>rtsv7M4_T_le_v4SPD16_eabi.lib</file>
         <name>snprintf.obj</name>
      </input_file>
      <input_file id="fl-145">
         <path>C:\CCSV6\ccsv6\tools\compiler\ti-cgt-arm_5.2.2\lib\</path>
         <kind>archive</kind>
         <file>rtsv7M4_T_le_v4SPD16_eabi.lib</file>
         <name>stkdepth_vars.obj</name>
      </input_file>
      <input_file id="fl-146">
         <path>C:\CCSV6\ccsv6\tools\compiler\ti-cgt-arm_5.2.2\lib\</path>
         <kind>archive</kind>
         <file>rtsv7M4_T_le_v4SPD16_eabi.lib</file>
         <name>strlen.obj</name>
      </input_file>
      <input_file id="fl-147">
         <path>C:\CCSV6\ccsv6\tools\compiler\ti-cgt-arm_5.2.2\lib\</path>
         <kind>archive</kind>
         <file>rtsv7M4_T_le_v4SPD16_eabi.lib</file>
         <name>strstr.obj</name>
      </input_file>
      <input_file id="fl-148">
         <path>C:\CCSV6\ccsv6\tools\compiler\ti-cgt-arm_5.2.2\lib\</path>
         <kind>archive</kind>
         <file>rtsv7M4_T_le_v4SPD16_eabi.lib</file>
         <name>_lock.obj</name>
      </input_file>
      <input_file id="fl-149">
         <path>C:\CCSV6\ccsv6\tools\compiler\ti-cgt-arm_5.2.2\lib\</path>
         <kind>archive</kind>
         <file>rtsv7M4_T_le_v4SPD16_eabi.lib</file>
         <name>_printfi.obj</name>
      </input_file>
      <input_file id="fl-14a">
         <path>C:\CCSV6\ccsv6\tools\compiler\ti-cgt-arm_5.2.2\lib\</path>
         <kind>archive</kind>
         <file>rtsv7M4_T_le_v4SPD16_eabi.lib</file>
         <name>args_main.obj</name>
      </input_file>
      <input_file id="fl-14b">
         <path>C:\CCSV6\ccsv6\tools\compiler\ti-cgt-arm_5.2.2\lib\</path>
         <kind>archive</kind>
         <file>rtsv7M4_T_le_v4SPD16_eabi.lib</file>
         <name>autoinit.obj</name>
      </input_file>
      <input_file id="fl-14c">
         <path>C:\CCSV6\ccsv6\tools\compiler\ti-cgt-arm_5.2.2\lib\</path>
         <kind>archive</kind>
         <file>rtsv7M4_T_le_v4SPD16_eabi.lib</file>
         <name>cpy_tbl.obj</name>
      </input_file>
      <input_file id="fl-14d">
         <path>C:\CCSV6\ccsv6\tools\compiler\ti-cgt-arm_5.2.2\lib\</path>
         <kind>archive</kind>
         <file>rtsv7M4_T_le_v4SPD16_eabi.lib</file>
         <name>fd_add_t2.obj</name>
      </input_file>
      <input_file id="fl-14e">
         <path>C:\CCSV6\ccsv6\tools\compiler\ti-cgt-arm_5.2.2\lib\</path>
         <kind>archive</kind>
         <file>rtsv7M4_T_le_v4SPD16_eabi.lib</file>
         <name>fd_cmp_t2.obj</name>
      </input_file>
      <input_file id="fl-14f">
         <path>C:\CCSV6\ccsv6\tools\compiler\ti-cgt-arm_5.2.2\lib\</path>
         <kind>archive</kind>
         <file>rtsv7M4_T_le_v4SPD16_eabi.lib</file>
         <name>fd_div_t2.obj</name>
      </input_file>
      <input_file id="fl-150">
         <path>C:\CCSV6\ccsv6\tools\compiler\ti-cgt-arm_5.2.2\lib\</path>
         <kind>archive</kind>
         <file>rtsv7M4_T_le_v4SPD16_eabi.lib</file>
         <name>fd_mul_t2.obj</name>
      </input_file>
      <input_file id="fl-151">
         <path>C:\CCSV6\ccsv6\tools\compiler\ti-cgt-arm_5.2.2\lib\</path>
         <kind>archive</kind>
         <file>rtsv7M4_T_le_v4SPD16_eabi.lib</file>
         <name>fd_toi_t2.obj</name>
      </input_file>
      <input_file id="fl-152">
         <path>C:\CCSV6\ccsv6\tools\compiler\ti-cgt-arm_5.2.2\lib\</path>
         <kind>archive</kind>
         <file>rtsv7M4_T_le_v4SPD16_eabi.lib</file>
         <name>frexp.obj</name>
      </input_file>
      <input_file id="fl-153">
         <path>C:\CCSV6\ccsv6\tools\compiler\ti-cgt-arm_5.2.2\lib\</path>
         <kind>archive</kind>
         <file>rtsv7M4_T_le_v4SPD16_eabi.lib</file>
         <name>i_tofd_t2.obj</name>
      </input_file>
      <input_file id="fl-154">
         <path>C:\CCSV6\ccsv6\tools\compiler\ti-cgt-arm_5.2.2\lib\</path>
         <kind>archive</kind>
         <file>rtsv7M4_T_le_v4SPD16_eabi.lib</file>
         <name>ldexp.obj</name>
      </input_file>
      <input_file id="fl-155">
         <path>C:\CCSV6\ccsv6\tools\compiler\ti-cgt-arm_5.2.2\lib\</path>
         <kind>archive</kind>
         <file>rtsv7M4_T_le_v4SPD16_eabi.lib</file>
         <name>ltoa.obj</name>
      </input_file>
      <input_file id="fl-156">
         <path>C:\CCSV6\ccsv6\tools\compiler\ti-cgt-arm_5.2.2\lib\</path>
         <kind>archive</kind>
         <file>rtsv7M4_T_le_v4SPD16_eabi.lib</file>
         <name>memccpy.obj</name>
      </input_file>
      <input_file id="fl-157">
         <path>C:\CCSV6\ccsv6\tools\compiler\ti-cgt-arm_5.2.2\lib\</path>
         <kind>archive</kind>
         <file>rtsv7M4_T_le_v4SPD16_eabi.lib</file>
         <name>strchr.obj</name>
      </input_file>
      <input_file id="fl-158">
         <path>C:\CCSV6\ccsv6\tools\compiler\ti-cgt-arm_5.2.2\lib\</path>
         <kind>archive</kind>
         <file>rtsv7M4_T_le_v4SPD16_eabi.lib</file>
         <name>ull_div_t2.obj</name>
      </input_file>
      <input_file id="fl-159">
         <path>C:\CCSV6\ccsv6\tools\compiler\ti-cgt-arm_5.2.2\lib\</path>
         <kind>archive</kind>
         <file>rtsv7M4_T_le_v4SPD16_eabi.lib</file>
         <name>xdclass.obj</name>
      </input_file>
      <input_file id="fl-15a">
         <path>C:\CCSV6\ccsv6\tools\compiler\ti-cgt-arm_5.2.2\lib\</path>
         <kind>archive</kind>
         <file>rtsv7M4_T_le_v4SPD16_eabi.lib</file>
         <name>xdscale.obj</name>
      </input_file>
      <input_file id="fl-15b">
         <path>C:\CCSV6\ccsv6\tools\compiler\ti-cgt-arm_5.2.2\lib\</path>
         <kind>archive</kind>
         <file>rtsv7M4_T_le_v4SPD16_eabi.lib</file>
         <name>xdunscal.obj</name>
      </input_file>
      <input_file id="fl-15c">
         <path>C:\CCSV6\ccsv6\tools\compiler\ti-cgt-arm_5.2.2\lib\</path>
         <kind>archive</kind>
         <file>rtsv7M4_T_le_v4SPD16_eabi.lib</file>
         <name>xferaise.obj</name>
      </input_file>
      <input_file id="fl-15d">
         <path>C:\CCSV6\ccsv6\tools\compiler\ti-cgt-arm_5.2.2\lib\</path>
         <kind>archive</kind>
         <file>rtsv7M4_T_le_v4SPD16_eabi.lib</file>
         <name>xvalues.obj</name>
      </input_file>
      <input_file id="fl-15e">
         <path>C:\CCSV6\ccsv6\tools\compiler\ti-cgt-arm_5.2.2\lib\</path>
         <kind>archive</kind>
         <file>rtsv7M4_T_le_v4SPD16_eabi.lib</file>
         <name>errno.obj</name>
      </input_file>
      <input_file id="fl-15f">
         <path>C:\CCSV6\ccsv6\tools\compiler\ti-cgt-arm_5.2.2\lib\</path>
         <kind>archive</kind>
         <file>rtsv7M4_T_le_v4SPD16_eabi.lib</file>
         <name>feraiseexcept.obj</name>
      </input_file>
      <input_file id="fl-160">
         <path>C:\CCSV6\ccsv6\tools\compiler\ti-cgt-arm_5.2.2\lib\</path>
         <kind>archive</kind>
         <file>rtsv7M4_T_le_v4SPD16_eabi.lib</file>
         <name>raise.obj</name>
      </input_file>
      <input_file id="fl-161">
         <path>C:\CCSV6\ccsv6\tools\compiler\ti-cgt-arm_5.2.2\lib\</path>
         <kind>archive</kind>
         <file>rtsv7M4_T_le_v4SPD16_eabi.lib</file>
         <name>signal.obj</name>
      </input_file>
      <input_file id="fl-162">
         <path>C:\CCSV6\ccsv6\tools\compiler\ti-cgt-arm_5.2.2\lib\</path>
         <kind>archive</kind>
         <file>rtsv7M4_T_le_v4SPD16_eabi.lib</file>
         <name>xdnorm.obj</name>
      </input_file>
      <input_file id="fl-163">
         <path>C:\EK-TM4C129\driverlib\ccs\Debug\</path>
         <kind>archive</kind>
         <file>driverlib.lib</file>
         <name>sysctl.obj</name>
      </input_file>
      <input_file id="fl-164">
         <path>C:\EK-TM4C129\driverlib\ccs\Debug\</path>
         <kind>archive</kind>
         <file>driverlib.lib</file>
         <name>ssi.obj</name>
      </input_file>
      <input_file id="fl-165">
         <path>C:\EK-TM4C129\driverlib\ccs\Debug\</path>
         <kind>archive</kind>
         <file>driverlib.lib</file>
         <name>interrupt.obj</name>
      </input_file>
      <input_file id="fl-166">
         <path>C:\EK-TM4C129\driverlib\ccs\Debug\</path>
         <kind>archive</kind>
         <file>driverlib.lib</file>
         <name>gpio.obj</name>
      </input_file>
      <input_file id="fl-167">
         <path>C:\EK-TM4C129\driverlib\ccs\Debug\</path>
         <kind>archive</kind>
         <file>driverlib.lib</file>
         <name>fpu.obj</name>
      </input_file>
      <input_file id="fl-168">
         <path>C:\EK-TM4C129\driverlib\ccs\Debug\</path>
         <kind>archive</kind>
         <file>driverlib.lib</file>
         <name>cpu.obj</name>
      </input_file>
   </input_file_list>
   <object_component_list>
      <object_component id="oc-f">
         <name>.intvecs</name>
         <load_address>0x0</load_address>
         <run_address>0x0</run_address>
         <size>0x208</size>
         <input_file_ref idref="fl-4"/>
      </object_component>
      <object_component id="oc-1c8">
         <name>.text</name>
         <load_address>0x208</load_address>
         <run_address>0x208</run_address>
         <size>0x1bfc</size>
         <input_file_ref idref="fl-7"/>
      </object_component>
      <object_component id="oc-36f">
         <name>.text</name>
         <load_address>0x1e04</load_address>
         <run_address>0x1e04</run_address>
         <size>0x10ba</size>
         <input_file_ref idref="fl-149"/>
      </object_component>
      <object_component id="oc-2ef">
         <name>.text</name>
         <load_address>0x2ec0</load_address>
         <run_address>0x2ec0</run_address>
         <size>0xd58</size>
         <input_file_ref idref="fl-d"/>
      </object_component>
      <object_component id="oc-1ee">
         <name>.text</name>
         <load_address>0x3c18</load_address>
         <run_address>0x3c18</run_address>
         <size>0xcfc</size>
         <input_file_ref idref="fl-10"/>
      </object_component>
      <object_component id="oc-5e">
         <name>.text</name>
         <load_address>0x4914</load_address>
         <run_address>0x4914</run_address>
         <size>0x4</size>
         <input_file_ref idref="fl-143"/>
      </object_component>
      <object_component id="oc-152">
         <name>.text</name>
         <load_address>0x4918</load_address>
         <run_address>0x4918</run_address>
         <size>0xbb4</size>
         <input_file_ref idref="fl-f"/>
      </object_component>
      <object_component id="oc-15e">
         <name>.text</name>
         <load_address>0x54d0</load_address>
         <run_address>0x54d0</run_address>
         <size>0xaa8</size>
         <input_file_ref idref="fl-a"/>
      </object_component>
      <object_component id="oc-da">
         <name>.text</name>
         <load_address>0x5f78</load_address>
         <run_address>0x5f78</run_address>
         <size>0x93c</size>
         <input_file_ref idref="fl-3"/>
      </object_component>
      <object_component id="oc-31c">
         <name>.text</name>
         <load_address>0x68b8</load_address>
         <run_address>0x68b8</run_address>
         <size>0x4b8</size>
         <input_file_ref idref="fl-9"/>
      </object_component>
      <object_component id="oc-140">
         <name>.text</name>
         <load_address>0x6d70</load_address>
         <run_address>0x6d70</run_address>
         <size>0x4b0</size>
         <input_file_ref idref="fl-6"/>
      </object_component>
      <object_component id="oc-29d">
         <name>.text</name>
         <load_address>0x7220</load_address>
         <run_address>0x7220</run_address>
         <size>0x43e</size>
         <input_file_ref idref="fl-11"/>
      </object_component>
      <object_component id="oc-1ce">
         <name>.text</name>
         <load_address>0x7660</load_address>
         <run_address>0x7660</run_address>
         <size>0x230</size>
         <input_file_ref idref="fl-5"/>
      </object_component>
      <object_component id="oc-87">
         <name>.text:SysCtlClockFreqSet</name>
         <load_address>0x7890</load_address>
         <run_address>0x7890</run_address>
         <size>0x1fc</size>
         <input_file_ref idref="fl-163"/>
      </object_component>
      <object_component id="oc-3a3">
         <name>.text</name>
         <load_address>0x7a8c</load_address>
         <run_address>0x7a8c</run_address>
         <size>0x1f4</size>
         <input_file_ref idref="fl-158"/>
      </object_component>
      <object_component id="oc-3cc">
         <name>.text</name>
         <load_address>0x7c80</load_address>
         <run_address>0x7c80</run_address>
         <size>0x1b6</size>
         <input_file_ref idref="fl-14d"/>
      </object_component>
      <object_component id="oc-137">
         <name>.text</name>
         <load_address>0x7e38</load_address>
         <run_address>0x7e38</run_address>
         <size>0x170</size>
         <input_file_ref idref="fl-12"/>
      </object_component>
      <object_component id="oc-14c">
         <name>.text</name>
         <load_address>0x7fa8</load_address>
         <run_address>0x7fa8</run_address>
         <size>0x144</size>
         <input_file_ref idref="fl-c"/>
      </object_component>
      <object_component id="oc-3b2">
         <name>.text</name>
         <load_address>0x80ec</load_address>
         <run_address>0x80ec</run_address>
         <size>0x136</size>
         <input_file_ref idref="fl-14f"/>
      </object_component>
      <object_component id="oc-2fe">
         <name>.text:GPIOPadConfigSet</name>
         <load_address>0x8222</load_address>
         <run_address>0x8222</run_address>
         <size>0x130</size>
         <input_file_ref idref="fl-166"/>
      </object_component>
      <object_component id="oc-9f">
         <name>.text:GPIOIntClear</name>
         <load_address>0x8352</load_address>
         <run_address>0x8352</run_address>
         <size>0x6</size>
         <input_file_ref idref="fl-166"/>
      </object_component>
      <object_component id="oc-158">
         <name>.text</name>
         <load_address>0x8358</load_address>
         <run_address>0x8358</run_address>
         <size>0x128</size>
         <input_file_ref idref="fl-b"/>
      </object_component>
      <object_component id="oc-416">
         <name>.text</name>
         <load_address>0x8480</load_address>
         <run_address>0x8480</run_address>
         <size>0x110</size>
         <input_file_ref idref="fl-15a"/>
      </object_component>
      <object_component id="oc-3ad">
         <name>.text</name>
         <load_address>0x8590</load_address>
         <run_address>0x8590</run_address>
         <size>0xfc</size>
         <input_file_ref idref="fl-150"/>
      </object_component>
      <object_component id="oc-30">
         <name>.text</name>
         <load_address>0x8690</load_address>
         <run_address>0x8690</run_address>
         <size>0xec</size>
         <input_file_ref idref="fl-13"/>
      </object_component>
      <object_component id="oc-435">
         <name>.text</name>
         <load_address>0x877c</load_address>
         <run_address>0x877c</run_address>
         <size>0xbe</size>
         <input_file_ref idref="fl-162"/>
      </object_component>
      <object_component id="oc-39">
         <name>.text</name>
         <load_address>0x883a</load_address>
         <run_address>0x883a</run_address>
         <size>0x9c</size>
         <input_file_ref idref="fl-141"/>
      </object_component>
      <object_component id="oc-325">
         <name>.text</name>
         <load_address>0x88d8</load_address>
         <run_address>0x88d8</run_address>
         <size>0x94</size>
         <input_file_ref idref="fl-144"/>
      </object_component>
      <object_component id="oc-3a8">
         <name>.text:__aeabi_cdcmple</name>
         <load_address>0x896c</load_address>
         <run_address>0x896c</run_address>
         <size>0x86</size>
         <input_file_ref idref="fl-14e"/>
      </object_component>
      <object_component id="oc-3b7">
         <name>.text:__aeabi_cdrcmple</name>
         <load_address>0x89f2</load_address>
         <run_address>0x89f2</run_address>
         <size>0x86</size>
         <input_file_ref idref="fl-14e"/>
      </object_component>
      <object_component id="oc-52">
         <name>.text</name>
         <load_address>0x8a78</load_address>
         <run_address>0x8a78</run_address>
         <size>0x7a</size>
         <input_file_ref idref="fl-142"/>
      </object_component>
      <object_component id="oc-64">
         <name>.text</name>
         <load_address>0x8af4</load_address>
         <run_address>0x8af4</run_address>
         <size>0x6c</size>
         <input_file_ref idref="fl-14b"/>
      </object_component>
      <object_component id="oc-45">
         <name>.text</name>
         <load_address>0x8b60</load_address>
         <run_address>0x8b60</run_address>
         <size>0x6a</size>
         <input_file_ref idref="fl-13d"/>
      </object_component>
      <object_component id="oc-40e">
         <name>.text</name>
         <load_address>0x8bca</load_address>
         <run_address>0x8bca</run_address>
         <size>0x66</size>
         <input_file_ref idref="fl-15b"/>
      </object_component>
      <object_component id="oc-269">
         <name>.text:IntEnable</name>
         <load_address>0x8c30</load_address>
         <run_address>0x8c30</run_address>
         <size>0x60</size>
         <input_file_ref idref="fl-165"/>
      </object_component>
      <object_component id="oc-263">
         <name>.text:GPIOIntTypeSet</name>
         <load_address>0x8c90</load_address>
         <run_address>0x8c90</run_address>
         <size>0x56</size>
         <input_file_ref idref="fl-166"/>
      </object_component>
      <object_component id="oc-3c1">
         <name>.text</name>
         <load_address>0x8ce6</load_address>
         <run_address>0x8ce6</run_address>
         <size>0x56</size>
         <input_file_ref idref="fl-155"/>
      </object_component>
      <object_component id="oc-3d7">
         <name>.text</name>
         <load_address>0x8d3c</load_address>
         <run_address>0x8d3c</run_address>
         <size>0x52</size>
         <input_file_ref idref="fl-154"/>
      </object_component>
      <object_component id="oc-24">
         <name>.text</name>
         <load_address>0x8d90</load_address>
         <run_address>0x8d90</run_address>
         <size>0x50</size>
         <input_file_ref idref="fl-13b"/>
      </object_component>
      <object_component id="oc-32b">
         <name>.text</name>
         <load_address>0x8de0</load_address>
         <run_address>0x8de0</run_address>
         <size>0x4c</size>
         <input_file_ref idref="fl-13a"/>
      </object_component>
      <object_component id="oc-d2">
         <name>.text</name>
         <load_address>0x8e2c</load_address>
         <run_address>0x8e2c</run_address>
         <size>0x4c</size>
         <input_file_ref idref="fl-14c"/>
      </object_component>
      <object_component id="oc-1b7">
         <name>.text:GPIOPinConfigure</name>
         <load_address>0x8e78</load_address>
         <run_address>0x8e78</run_address>
         <size>0x48</size>
         <input_file_ref idref="fl-166"/>
      </object_component>
      <object_component id="oc-f5">
         <name>.text:_SysCtlFrequencyGet</name>
         <load_address>0x8ec0</load_address>
         <run_address>0x8ec0</run_address>
         <size>0x48</size>
         <input_file_ref idref="fl-163"/>
      </object_component>
      <object_component id="oc-3bc">
         <name>.text</name>
         <load_address>0x8f08</load_address>
         <run_address>0x8f08</run_address>
         <size>0x48</size>
         <input_file_ref idref="fl-151"/>
      </object_component>
      <object_component id="oc-70">
         <name>.text</name>
         <load_address>0x8f50</load_address>
         <run_address>0x8f50</run_address>
         <size>0x44</size>
         <input_file_ref idref="fl-140"/>
      </object_component>
      <object_component id="oc-251">
         <name>.text:SSIConfigSetExpClk</name>
         <load_address>0x8f94</load_address>
         <run_address>0x8f94</run_address>
         <size>0x42</size>
         <input_file_ref idref="fl-164"/>
      </object_component>
      <object_component id="oc-471">
         <name>.text</name>
         <load_address>0x8fd8</load_address>
         <run_address>0x8fd8</run_address>
         <size>0x40</size>
         <input_file_ref idref="fl-161"/>
      </object_component>
      <object_component id="oc-245">
         <name>.text:SysCtlPeripheralEnable</name>
         <load_address>0x9018</load_address>
         <run_address>0x9018</run_address>
         <size>0x34</size>
         <input_file_ref idref="fl-163"/>
      </object_component>
      <object_component id="oc-444">
         <name>.text</name>
         <load_address>0x904c</load_address>
         <run_address>0x904c</run_address>
         <size>0x34</size>
         <input_file_ref idref="fl-15f"/>
      </object_component>
      <object_component id="oc-331">
         <name>.text</name>
         <load_address>0x9080</load_address>
         <run_address>0x9080</run_address>
         <size>0x34</size>
         <input_file_ref idref="fl-147"/>
      </object_component>
      <object_component id="oc-3e3">
         <name>.text</name>
         <load_address>0x90b4</load_address>
         <run_address>0x90b4</run_address>
         <size>0x30</size>
         <input_file_ref idref="fl-159"/>
      </object_component>
      <object_component id="oc-41c">
         <name>.text</name>
         <load_address>0x90e4</load_address>
         <run_address>0x90e4</run_address>
         <size>0x30</size>
         <input_file_ref idref="fl-15c"/>
      </object_component>
      <object_component id="oc-3c7">
         <name>.text</name>
         <load_address>0x9114</load_address>
         <run_address>0x9114</run_address>
         <size>0x2e</size>
         <input_file_ref idref="fl-153"/>
      </object_component>
      <object_component id="oc-463">
         <name>.text</name>
         <load_address>0x9142</load_address>
         <run_address>0x9142</run_address>
         <size>0x2e</size>
         <input_file_ref idref="fl-160"/>
      </object_component>
      <object_component id="oc-2f8">
         <name>.text:GPIODirModeSet</name>
         <load_address>0x9170</load_address>
         <run_address>0x9170</run_address>
         <size>0x2a</size>
         <input_file_ref idref="fl-166"/>
      </object_component>
      <object_component id="oc-3d1">
         <name>.text</name>
         <load_address>0x919a</load_address>
         <run_address>0x919a</run_address>
         <size>0x2a</size>
         <input_file_ref idref="fl-152"/>
      </object_component>
      <object_component id="oc-146">
         <name>.text</name>
         <load_address>0x91c8</load_address>
         <run_address>0x91c8</run_address>
         <size>0x20</size>
         <input_file_ref idref="fl-2"/>
      </object_component>
      <object_component id="oc-ef">
         <name>.text:_SysCtlMemTimingGet</name>
         <load_address>0x91e8</load_address>
         <run_address>0x91e8</run_address>
         <size>0x1c</size>
         <input_file_ref idref="fl-163"/>
      </object_component>
      <object_component id="oc-3e9">
         <name>.text</name>
         <load_address>0x9204</load_address>
         <run_address>0x9204</run_address>
         <size>0x1c</size>
         <input_file_ref idref="fl-156"/>
      </object_component>
      <object_component id="oc-2a">
         <name>.text</name>
         <load_address>0x9220</load_address>
         <run_address>0x9220</run_address>
         <size>0x1a</size>
         <input_file_ref idref="fl-4"/>
      </object_component>
      <object_component id="oc-6a">
         <name>.text</name>
         <load_address>0x923c</load_address>
         <run_address>0x923c</run_address>
         <size>0x18</size>
         <input_file_ref idref="fl-14a"/>
      </object_component>
      <object_component id="oc-3dd">
         <name>.text</name>
         <load_address>0x9254</load_address>
         <run_address>0x9254</run_address>
         <size>0x16</size>
         <input_file_ref idref="fl-157"/>
      </object_component>
      <object_component id="oc-17c">
         <name>.text</name>
         <load_address>0x926c</load_address>
         <run_address>0x926c</run_address>
         <size>0x14</size>
         <input_file_ref idref="fl-148"/>
      </object_component>
      <object_component id="oc-1b1">
         <name>.text</name>
         <load_address>0x9280</load_address>
         <run_address>0x9280</run_address>
         <size>0x14</size>
         <input_file_ref idref="fl-146"/>
      </object_component>
      <object_component id="oc-25d">
         <name>.text:GPIOPinTypeGPIOInput</name>
         <load_address>0x9294</load_address>
         <run_address>0x9294</run_address>
         <size>0x12</size>
         <input_file_ref idref="fl-166"/>
      </object_component>
      <object_component id="oc-24b">
         <name>.text:GPIOPinTypeSSI</name>
         <load_address>0x92a6</load_address>
         <run_address>0x92a6</run_address>
         <size>0x12</size>
         <input_file_ref idref="fl-166"/>
      </object_component>
      <object_component id="oc-282">
         <name>.text:SSIDataGetNonBlocking</name>
         <load_address>0x92b8</load_address>
         <run_address>0x92b8</run_address>
         <size>0x12</size>
         <input_file_ref idref="fl-164"/>
      </object_component>
      <object_component id="oc-7b">
         <name>.text:FPUEnable</name>
         <load_address>0x92cc</load_address>
         <run_address>0x92cc</run_address>
         <size>0x10</size>
         <input_file_ref idref="fl-167"/>
      </object_component>
      <object_component id="oc-81">
         <name>.text:FPULazyStackingEnable</name>
         <load_address>0x92dc</load_address>
         <run_address>0x92dc</run_address>
         <size>0x10</size>
         <input_file_ref idref="fl-167"/>
      </object_component>
      <object_component id="oc-93">
         <name>.text:GPIOIntDisable</name>
         <load_address>0x92ec</load_address>
         <run_address>0x92ec</run_address>
         <size>0xe</size>
         <input_file_ref idref="fl-166"/>
      </object_component>
      <object_component id="oc-99">
         <name>.text:GPIOIntStatus</name>
         <load_address>0x92fa</load_address>
         <run_address>0x92fa</run_address>
         <size>0xe</size>
         <input_file_ref idref="fl-166"/>
      </object_component>
      <object_component id="oc-27c">
         <name>.text:SSIDataPutNonBlocking</name>
         <load_address>0x9308</load_address>
         <run_address>0x9308</run_address>
         <size>0xe</size>
         <input_file_ref idref="fl-164"/>
      </object_component>
      <object_component id="oc-12">
         <name>.text:decompress:none</name>
         <load_address>0x9316</load_address>
         <run_address>0x9316</run_address>
         <size>0xe</size>
         <input_file_ref idref="fl-13c"/>
      </object_component>
      <object_component id="oc-30f">
         <name>.text:CPUcpsie</name>
         <load_address>0x9324</load_address>
         <run_address>0x9324</run_address>
         <size>0xc</size>
         <input_file_ref idref="fl-168"/>
      </object_component>
      <object_component id="oc-8d">
         <name>.text:GPIOIntEnable</name>
         <load_address>0x9330</load_address>
         <run_address>0x9330</run_address>
         <size>0xc</size>
         <input_file_ref idref="fl-166"/>
      </object_component>
      <object_component id="oc-1e">
         <name>.text:decompress:ZI</name>
         <load_address>0x933c</load_address>
         <run_address>0x933c</run_address>
         <size>0xc</size>
         <input_file_ref idref="fl-13e"/>
      </object_component>
      <object_component id="oc-26f">
         <name>.text:IntMasterEnable</name>
         <load_address>0x9348</load_address>
         <run_address>0x9348</run_address>
         <size>0xa</size>
         <input_file_ref idref="fl-165"/>
      </object_component>
      <object_component id="oc-257">
         <name>.text:SSIEnable</name>
         <load_address>0x9352</load_address>
         <run_address>0x9352</run_address>
         <size>0xa</size>
         <input_file_ref idref="fl-164"/>
      </object_component>
      <object_component id="oc-288">
         <name>.text:SSIBusy</name>
         <load_address>0x935c</load_address>
         <run_address>0x935c</run_address>
         <size>0x8</size>
         <input_file_ref idref="fl-164"/>
      </object_component>
      <object_component id="oc-276">
         <name>.text:GPIOPinWrite</name>
         <load_address>0x9364</load_address>
         <run_address>0x9364</run_address>
         <size>0x6</size>
         <input_file_ref idref="fl-166"/>
      </object_component>
      <object_component id="oc-275">
         <name>.text:SysCtlDelay</name>
         <load_address>0x936a</load_address>
         <run_address>0x936a</run_address>
         <size>0x6</size>
         <input_file_ref idref="fl-163"/>
      </object_component>
      <object_component id="oc-18">
         <name>.text:decompress:rle24</name>
         <load_address>0x9370</load_address>
         <run_address>0x9370</run_address>
         <size>0x6</size>
         <input_file_ref idref="fl-13d"/>
      </object_component>
      <object_component id="oc-fe">
         <name>.const:g_pppui32XTALtoVCO</name>
         <load_address>0x9378</load_address>
         <run_address>0x9378</run_address>
         <size>0x120</size>
         <input_file_ref idref="fl-163"/>
      </object_component>
      <object_component id="oc-386">
         <name>.const:.string:_ctypes_</name>
         <load_address>0x9498</load_address>
         <run_address>0x9498</run_address>
         <size>0x101</size>
         <input_file_ref idref="fl-13f"/>
      </object_component>
      <object_component id="oc-1f4">
         <name>.const:.string:$P$T0$1</name>
         <load_address>0x9599</load_address>
         <run_address>0x9599</run_address>
         <size>0xc8</size>
         <input_file_ref idref="fl-2"/>
      </object_component>
      <object_component id="oc-2b0">
         <name>.const:.string</name>
         <load_address>0x9661</load_address>
         <run_address>0x9661</run_address>
         <size>0xc3</size>
         <input_file_ref idref="fl-10"/>
      </object_component>
      <object_component id="oc-201">
         <name>.const:$P$T0$1</name>
         <load_address>0x9724</load_address>
         <run_address>0x9724</run_address>
         <size>0xb0</size>
         <input_file_ref idref="fl-f"/>
      </object_component>
      <object_component id="oc-22d">
         <name>.const:g_pui32GPIOBaseAddrs</name>
         <load_address>0x97d4</load_address>
         <run_address>0x97d4</run_address>
         <size>0x90</size>
         <input_file_ref idref="fl-166"/>
      </object_component>
      <object_component id="oc-30a">
         <name>.const</name>
         <load_address>0x9864</load_address>
         <run_address>0x9864</run_address>
         <size>0x70</size>
         <input_file_ref idref="fl-165"/>
      </object_component>
      <object_component id="oc-fb">
         <name>.const:g_pui32Xtals</name>
         <load_address>0x98d4</load_address>
         <run_address>0x98d4</run_address>
         <size>0x6c</size>
         <input_file_ref idref="fl-163"/>
      </object_component>
      <object_component id="oc-167">
         <name>.const</name>
         <load_address>0x9940</load_address>
         <run_address>0x9940</run_address>
         <size>0x54</size>
         <input_file_ref idref="fl-3"/>
      </object_component>
      <object_component id="oc-2b3">
         <name>.const:.string:STR_CONTENT</name>
         <load_address>0x9994</load_address>
         <run_address>0x9994</run_address>
         <size>0x3f</size>
         <input_file_ref idref="fl-10"/>
      </object_component>
      <object_component id="oc-239">
         <name>.const:OpcodeTranslateTable</name>
         <load_address>0x99d4</load_address>
         <run_address>0x99d4</run_address>
         <size>0x3c</size>
         <input_file_ref idref="fl-7"/>
      </object_component>
      <object_component id="oc-204">
         <name>.const</name>
         <load_address>0x9a10</load_address>
         <run_address>0x9a10</run_address>
         <size>0x3c</size>
         <input_file_ref idref="fl-f"/>
      </object_component>
      <object_component id="oc-2b9">
         <name>.const:.string:STR_ACCEPT</name>
         <load_address>0x9a4c</load_address>
         <run_address>0x9a4c</run_address>
         <size>0x39</size>
         <input_file_ref idref="fl-10"/>
      </object_component>
      <object_component id="oc-23c">
         <name>.const:_SlActionLookupTable</name>
         <load_address>0x9a88</load_address>
         <run_address>0x9a88</run_address>
         <size>0x38</size>
         <input_file_ref idref="fl-7"/>
      </object_component>
      <object_component id="oc-363">
         <name>.const</name>
         <load_address>0x9ac0</load_address>
         <run_address>0x9ac0</run_address>
         <size>0x38</size>
         <input_file_ref idref="fl-9"/>
      </object_component>
      <object_component id="oc-236">
         <name>.const</name>
         <load_address>0x9af8</load_address>
         <run_address>0x9af8</run_address>
         <size>0x34</size>
         <input_file_ref idref="fl-7"/>
      </object_component>
      <object_component id="oc-350">
         <name>.const</name>
         <load_address>0x9b2c</load_address>
         <run_address>0x9b2c</run_address>
         <size>0x34</size>
         <input_file_ref idref="fl-d"/>
      </object_component>
      <object_component id="oc-18a">
         <name>.const:g_sXTALtoMEMTIM</name>
         <load_address>0x9b60</load_address>
         <run_address>0x9b60</run_address>
         <size>0x30</size>
         <input_file_ref idref="fl-163"/>
      </object_component>
      <object_component id="oc-2bc">
         <name>.const:.string:STR_CONTENT_JSON</name>
         <load_address>0x9b90</load_address>
         <run_address>0x9b90</run_address>
         <size>0x2e</size>
         <input_file_ref idref="fl-10"/>
      </object_component>
      <object_component id="oc-164">
         <name>.const:$P$T0$1</name>
         <load_address>0x9bc0</load_address>
         <run_address>0x9bc0</run_address>
         <size>0x2c</size>
         <input_file_ref idref="fl-3"/>
      </object_component>
      <object_component id="oc-2bf">
         <name>.const:.string:STR_ACCEPT_JSON</name>
         <load_address>0x9bec</load_address>
         <run_address>0x9bec</run_address>
         <size>0x28</size>
         <input_file_ref idref="fl-10"/>
      </object_component>
      <object_component id="oc-218">
         <name>.const</name>
         <load_address>0x9c14</load_address>
         <run_address>0x9c14</run_address>
         <size>0x28</size>
         <input_file_ref idref="fl-a"/>
      </object_component>
      <object_component id="oc-1da">
         <name>.const</name>
         <load_address>0x9c3c</load_address>
         <run_address>0x9c3c</run_address>
         <size>0x14</size>
         <input_file_ref idref="fl-6"/>
      </object_component>
      <object_component id="oc-34d">
         <name>.const:.string</name>
         <load_address>0x9c50</load_address>
         <run_address>0x9c50</run_address>
         <size>0x10</size>
         <input_file_ref idref="fl-d"/>
      </object_component>
      <object_component id="oc-1d4">
         <name>.const:.string</name>
         <load_address>0x9c60</load_address>
         <run_address>0x9c60</run_address>
         <size>0x8</size>
         <input_file_ref idref="fl-6"/>
      </object_component>
      <object_component id="oc-101">
         <name>.const</name>
         <load_address>0x9c68</load_address>
         <run_address>0x9c68</run_address>
         <size>0x8</size>
         <input_file_ref idref="fl-163"/>
      </object_component>
      <object_component id="oc-20e">
         <name>.const</name>
         <load_address>0x9c70</load_address>
         <run_address>0x9c70</run_address>
         <size>0x8</size>
         <input_file_ref idref="fl-b"/>
      </object_component>
      <object_component id="oc-4b7">
         <name>.cinit..data.load</name>
         <load_address>0x9c78</load_address>
         <run_address>0x9c78</run_address>
         <size>0x76</size>
      </object_component>
      <object_component id="oc-4b5">
         <name>__TI_handler_table</name>
         <load_address>0x9cf0</load_address>
         <run_address>0x9cf0</run_address>
         <size>0xc</size>
      </object_component>
      <object_component id="oc-4b8">
         <name>.cinit..bss.load</name>
         <load_address>0x9d00</load_address>
         <run_address>0x9d00</run_address>
         <size>0x8</size>
      </object_component>
      <object_component id="oc-4b6">
         <name>__TI_cinit_table</name>
         <load_address>0x9d08</load_address>
         <run_address>0x9d08</run_address>
         <size>0x10</size>
      </object_component>
      <object_component id="oc-29">
         <name>.stack</name>
         <uninitialized>true</uninitialized>
         <run_address>0x200003ec</run_address>
         <size>0x0</size>
         <input_file_ref idref="fl-13b"/>
      </object_component>
      <object_component id="oc-4b9">
         <name>.stack</name>
         <uninitialized>true</uninitialized>
         <run_address>0x200003ec</run_address>
         <size>0x0</size>
      </object_component>
      <object_component id="oc-233">
         <name>.bss:g_StatMem</name>
         <uninitialized>true</uninitialized>
         <run_address>0x20000200</run_address>
         <size>0x168</size>
         <input_file_ref idref="fl-7"/>
      </object_component>
      <object_component id="oc-1f9">
         <name>.bss:g__SlNonOsCB</name>
         <uninitialized>true</uninitialized>
         <run_address>0x20000368</run_address>
         <size>0x28</size>
         <input_file_ref idref="fl-c"/>
      </object_component>
      <object_component id="oc-2a9">
         <name>.bss:uuidBuffer</name>
         <uninitialized>true</uninitialized>
         <run_address>0x20000390</run_address>
         <size>0x28</size>
         <input_file_ref idref="fl-10"/>
      </object_component>
      <object_component id="oc-2b6">
         <name>.bss:exoPal_rxBuffer</name>
         <uninitialized>true</uninitialized>
         <run_address>0x20000000</run_address>
         <size>0x200</size>
         <input_file_ref idref="fl-11"/>
      </object_component>
      <object_component id="oc-1fc">
         <name>.common:RxIrqCnt</name>
         <uninitialized>true</uninitialized>
         <run_address>0x200003e9</run_address>
         <size>0x1</size>
      </object_component>
      <object_component id="oc-2ac">
         <name>.common:vendorBuffer</name>
         <uninitialized>true</uninitialized>
         <run_address>0x200003cc</run_address>
         <size>0x14</size>
      </object_component>
      <object_component id="oc-2af">
         <name>.common:modelBuffer</name>
         <uninitialized>true</uninitialized>
         <run_address>0x200003b8</run_address>
         <size>0x14</size>
      </object_component>
      <object_component id="oc-1bd">
         <name>.common:g_ucUARTBuffer</name>
         <uninitialized>true</uninitialized>
         <run_address>0x200003e4</run_address>
         <size>0x4</size>
      </object_component>
      <object_component id="oc-ab">
         <name>.common:IntIsMasked</name>
         <uninitialized>true</uninitialized>
         <run_address>0x200003e8</run_address>
         <size>0x1</size>
      </object_component>
      <object_component id="oc-a5">
         <name>.common:g_SysClock</name>
         <uninitialized>true</uninitialized>
         <run_address>0x200003e0</run_address>
         <size>0x4</size>
      </object_component>
      <object_component id="oc-13d">
         <name>.data</name>
         <load_address>0x200007a0</load_address>
         <run_address>0x200007a0</run_address>
         <size>0xc</size>
         <input_file_ref idref="fl-3"/>
      </object_component>
      <object_component id="oc-1d7">
         <name>.data</name>
         <load_address>0x200007ac</load_address>
         <run_address>0x200007ac</run_address>
         <size>0x9</size>
         <input_file_ref idref="fl-7"/>
      </object_component>
      <object_component id="oc-2a3">
         <name>.data:cikBuffer</name>
         <load_address>0x20000778</load_address>
         <run_address>0x20000778</run_address>
         <size>0x28</size>
         <input_file_ref idref="fl-10"/>
      </object_component>
      <object_component id="oc-2a6">
         <name>.data</name>
         <load_address>0x200007b5</load_address>
         <run_address>0x200007b5</run_address>
         <size>0x2</size>
         <input_file_ref idref="fl-10"/>
      </object_component>
      <object_component id="oc-322">
         <name>.data</name>
         <load_address>0x200007b8</load_address>
         <run_address>0x200007b8</run_address>
         <size>0x8</size>
         <input_file_ref idref="fl-11"/>
      </object_component>
      <object_component id="oc-a8">
         <name>.data</name>
         <load_address>0x200007d8</load_address>
         <run_address>0x200007d8</run_address>
         <size>0x4</size>
         <input_file_ref idref="fl-13"/>
      </object_component>
      <object_component id="oc-e5">
         <name>.data</name>
         <load_address>0x200007c8</load_address>
         <run_address>0x200007c8</run_address>
         <size>0x8</size>
         <input_file_ref idref="fl-140"/>
      </object_component>
      <object_component id="oc-76">
         <name>.data</name>
         <load_address>0x200007e0</load_address>
         <run_address>0x200007e0</run_address>
         <size>0x4</size>
         <input_file_ref idref="fl-145"/>
      </object_component>
      <object_component id="oc-e2">
         <name>.data</name>
         <load_address>0x200007c0</load_address>
         <run_address>0x200007c0</run_address>
         <size>0x8</size>
         <input_file_ref idref="fl-148"/>
      </object_component>
      <object_component id="oc-43f">
         <name>.data</name>
         <load_address>0x200006f8</load_address>
         <run_address>0x200006f8</run_address>
         <size>0x80</size>
         <input_file_ref idref="fl-15d"/>
      </object_component>
      <object_component id="oc-44a">
         <name>.data</name>
         <load_address>0x200007dc</load_address>
         <run_address>0x200007dc</run_address>
         <size>0x4</size>
         <input_file_ref idref="fl-15e"/>
      </object_component>
      <object_component id="oc-469">
         <name>.data</name>
         <load_address>0x200007d0</load_address>
         <run_address>0x200007d0</run_address>
         <size>0x8</size>
         <input_file_ref idref="fl-15f"/>
      </object_component>
      <object_component id="oc-482">
         <name>.data:sigtable</name>
         <load_address>0x20000648</load_address>
         <run_address>0x20000648</run_address>
         <size>0xb0</size>
         <input_file_ref idref="fl-161"/>
      </object_component>
      <object_component id="oc-1f8">
         <name>.debug_info</name>
         <load_address>0x0</load_address>
         <run_address>0x0</run_address>
         <size>0x13f</size>
         <input_file_ref idref="fl-2"/>
      </object_component>
      <object_component id="oc-1f5">
         <name>.debug_info</name>
         <load_address>0x13f</load_address>
         <run_address>0x13f</run_address>
         <size>0xfb</size>
         <input_file_ref idref="fl-2"/>
      </object_component>
      <object_component id="oc-147">
         <name>.debug_info</name>
         <load_address>0x23a</load_address>
         <run_address>0x23a</run_address>
         <size>0x173</size>
         <input_file_ref idref="fl-2"/>
      </object_component>
      <object_component id="oc-2c3">
         <name>.debug_info</name>
         <load_address>0x3ad</load_address>
         <run_address>0x3ad</run_address>
         <size>0x9d</size>
         <input_file_ref idref="fl-2"/>
      </object_component>
      <object_component id="oc-ad">
         <name>.debug_info</name>
         <load_address>0x44a</load_address>
         <run_address>0x44a</run_address>
         <size>0x84</size>
         <input_file_ref idref="fl-2"/>
      </object_component>
      <object_component id="oc-b9">
         <name>.debug_info</name>
         <load_address>0x4ce</load_address>
         <run_address>0x4ce</run_address>
         <size>0x18b</size>
         <input_file_ref idref="fl-2"/>
      </object_component>
      <object_component id="oc-128">
         <name>.debug_info</name>
         <load_address>0x659</load_address>
         <run_address>0x659</run_address>
         <size>0x82c</size>
         <input_file_ref idref="fl-3"/>
      </object_component>
      <object_component id="oc-13e">
         <name>.debug_info</name>
         <load_address>0xe85</load_address>
         <run_address>0xe85</run_address>
         <size>0x152</size>
         <input_file_ref idref="fl-3"/>
      </object_component>
      <object_component id="oc-165">
         <name>.debug_info</name>
         <load_address>0xfd7</load_address>
         <run_address>0xfd7</run_address>
         <size>0xf6</size>
         <input_file_ref idref="fl-3"/>
      </object_component>
      <object_component id="oc-168">
         <name>.debug_info</name>
         <load_address>0x10cd</load_address>
         <run_address>0x10cd</run_address>
         <size>0x153</size>
         <input_file_ref idref="fl-3"/>
      </object_component>
      <object_component id="oc-db">
         <name>.debug_info</name>
         <load_address>0x1220</load_address>
         <run_address>0x1220</run_address>
         <size>0xd88</size>
         <input_file_ref idref="fl-3"/>
      </object_component>
      <object_component id="oc-16b">
         <name>.debug_info</name>
         <load_address>0x1fa8</load_address>
         <run_address>0x1fa8</run_address>
         <size>0x370</size>
         <input_file_ref idref="fl-3"/>
      </object_component>
      <object_component id="oc-117">
         <name>.debug_info</name>
         <load_address>0x2318</load_address>
         <run_address>0x2318</run_address>
         <size>0xe6</size>
         <input_file_ref idref="fl-3"/>
      </object_component>
      <object_component id="oc-39e">
         <name>.debug_info</name>
         <load_address>0x23fe</load_address>
         <run_address>0x23fe</run_address>
         <size>0x164</size>
         <input_file_ref idref="fl-3"/>
      </object_component>
      <object_component id="oc-1a0">
         <name>.debug_info</name>
         <load_address>0x2562</load_address>
         <run_address>0x2562</run_address>
         <size>0x87f</size>
         <input_file_ref idref="fl-3"/>
      </object_component>
      <object_component id="oc-11c">
         <name>.debug_info</name>
         <load_address>0x2de1</load_address>
         <run_address>0x2de1</run_address>
         <size>0x611</size>
         <input_file_ref idref="fl-3"/>
      </object_component>
      <object_component id="oc-170">
         <name>.debug_info</name>
         <load_address>0x33f2</load_address>
         <run_address>0x33f2</run_address>
         <size>0x92b</size>
         <input_file_ref idref="fl-3"/>
      </object_component>
      <object_component id="oc-121">
         <name>.debug_info</name>
         <load_address>0x3d1d</load_address>
         <run_address>0x3d1d</run_address>
         <size>0x6c8</size>
         <input_file_ref idref="fl-3"/>
      </object_component>
      <object_component id="oc-b2">
         <name>.debug_info</name>
         <load_address>0x43e5</load_address>
         <run_address>0x43e5</run_address>
         <size>0x2c</size>
         <input_file_ref idref="fl-3"/>
      </object_component>
      <object_component id="oc-1a5">
         <name>.debug_info</name>
         <load_address>0x4411</load_address>
         <run_address>0x4411</run_address>
         <size>0x46</size>
         <input_file_ref idref="fl-3"/>
      </object_component>
      <object_component id="oc-28f">
         <name>.debug_info</name>
         <load_address>0x4457</load_address>
         <run_address>0x4457</run_address>
         <size>0x2c</size>
         <input_file_ref idref="fl-3"/>
      </object_component>
      <object_component id="oc-c9">
         <name>.debug_info</name>
         <load_address>0x4483</load_address>
         <run_address>0x4483</run_address>
         <size>0x2c</size>
         <input_file_ref idref="fl-3"/>
      </object_component>
      <object_component id="oc-38">
         <name>.debug_info</name>
         <load_address>0x44af</load_address>
         <run_address>0x44af</run_address>
         <size>0x158</size>
         <input_file_ref idref="fl-4"/>
      </object_component>
      <object_component id="oc-10">
         <name>.debug_info</name>
         <load_address>0x4607</load_address>
         <run_address>0x4607</run_address>
         <size>0x115</size>
         <input_file_ref idref="fl-4"/>
      </object_component>
      <object_component id="oc-2b">
         <name>.debug_info</name>
         <load_address>0x471c</load_address>
         <run_address>0x471c</run_address>
         <size>0x294</size>
         <input_file_ref idref="fl-4"/>
      </object_component>
      <object_component id="oc-294">
         <name>.debug_info</name>
         <load_address>0x49b0</load_address>
         <run_address>0x49b0</run_address>
         <size>0x7a0</size>
         <input_file_ref idref="fl-5"/>
      </object_component>
      <object_component id="oc-1cf">
         <name>.debug_info</name>
         <load_address>0x5150</load_address>
         <run_address>0x5150</run_address>
         <size>0x8d0</size>
         <input_file_ref idref="fl-5"/>
      </object_component>
      <object_component id="oc-1de">
         <name>.debug_info</name>
         <load_address>0x5a20</load_address>
         <run_address>0x5a20</run_address>
         <size>0x83d</size>
         <input_file_ref idref="fl-6"/>
      </object_component>
      <object_component id="oc-1d5">
         <name>.debug_info</name>
         <load_address>0x625d</load_address>
         <run_address>0x625d</run_address>
         <size>0x13a</size>
         <input_file_ref idref="fl-6"/>
      </object_component>
      <object_component id="oc-1db">
         <name>.debug_info</name>
         <load_address>0x6397</load_address>
         <run_address>0x6397</run_address>
         <size>0x222</size>
         <input_file_ref idref="fl-6"/>
      </object_component>
      <object_component id="oc-141">
         <name>.debug_info</name>
         <load_address>0x65b9</load_address>
         <run_address>0x65b9</run_address>
         <size>0x138e</size>
         <input_file_ref idref="fl-6"/>
      </object_component>
      <object_component id="oc-1e9">
         <name>.debug_info</name>
         <load_address>0x7947</load_address>
         <run_address>0x7947</run_address>
         <size>0x5c0</size>
         <input_file_ref idref="fl-6"/>
      </object_component>
      <object_component id="oc-1df">
         <name>.debug_info</name>
         <load_address>0x7f07</load_address>
         <run_address>0x7f07</run_address>
         <size>0x236f</size>
         <input_file_ref idref="fl-6"/>
      </object_component>
      <object_component id="oc-1e4">
         <name>.debug_info</name>
         <load_address>0xa276</load_address>
         <run_address>0xa276</run_address>
         <size>0x178</size>
         <input_file_ref idref="fl-6"/>
      </object_component>
      <object_component id="oc-1fd">
         <name>.debug_info</name>
         <load_address>0xa3ee</load_address>
         <run_address>0xa3ee</run_address>
         <size>0x927</size>
         <input_file_ref idref="fl-7"/>
      </object_component>
      <object_component id="oc-234">
         <name>.debug_info</name>
         <load_address>0xad15</load_address>
         <run_address>0xad15</run_address>
         <size>0x12d</size>
         <input_file_ref idref="fl-7"/>
      </object_component>
      <object_component id="oc-237">
         <name>.debug_info</name>
         <load_address>0xae42</load_address>
         <run_address>0xae42</run_address>
         <size>0x1b8</size>
         <input_file_ref idref="fl-7"/>
      </object_component>
      <object_component id="oc-23d">
         <name>.debug_info</name>
         <load_address>0xaffa</load_address>
         <run_address>0xaffa</run_address>
         <size>0x143</size>
         <input_file_ref idref="fl-7"/>
      </object_component>
      <object_component id="oc-23a">
         <name>.debug_info</name>
         <load_address>0xb13d</load_address>
         <run_address>0xb13d</run_address>
         <size>0x143</size>
         <input_file_ref idref="fl-7"/>
      </object_component>
      <object_component id="oc-1d8">
         <name>.debug_info</name>
         <load_address>0xb280</load_address>
         <run_address>0xb280</run_address>
         <size>0x185</size>
         <input_file_ref idref="fl-7"/>
      </object_component>
      <object_component id="oc-1c9">
         <name>.debug_info</name>
         <load_address>0xb405</load_address>
         <run_address>0xb405</run_address>
         <size>0x3644</size>
         <input_file_ref idref="fl-7"/>
      </object_component>
      <object_component id="oc-240">
         <name>.debug_info</name>
         <load_address>0xea49</load_address>
         <run_address>0xea49</run_address>
         <size>0x12d</size>
         <input_file_ref idref="fl-7"/>
      </object_component>
      <object_component id="oc-367">
         <name>.debug_info</name>
         <load_address>0xeb76</load_address>
         <run_address>0xeb76</run_address>
         <size>0x41d</size>
         <input_file_ref idref="fl-9"/>
      </object_component>
      <object_component id="oc-364">
         <name>.debug_info</name>
         <load_address>0xef93</load_address>
         <run_address>0xef93</run_address>
         <size>0x278</size>
         <input_file_ref idref="fl-9"/>
      </object_component>
      <object_component id="oc-31d">
         <name>.debug_info</name>
         <load_address>0xf20b</load_address>
         <run_address>0xf20b</run_address>
         <size>0xe77</size>
         <input_file_ref idref="fl-9"/>
      </object_component>
      <object_component id="oc-368">
         <name>.debug_info</name>
         <load_address>0x10082</load_address>
         <run_address>0x10082</run_address>
         <size>0x1b3</size>
         <input_file_ref idref="fl-9"/>
      </object_component>
      <object_component id="oc-21c">
         <name>.debug_info</name>
         <load_address>0x10235</load_address>
         <run_address>0x10235</run_address>
         <size>0x858</size>
         <input_file_ref idref="fl-a"/>
      </object_component>
      <object_component id="oc-219">
         <name>.debug_info</name>
         <load_address>0x10a8d</load_address>
         <run_address>0x10a8d</run_address>
         <size>0x343</size>
         <input_file_ref idref="fl-a"/>
      </object_component>
      <object_component id="oc-15f">
         <name>.debug_info</name>
         <load_address>0x10dd0</load_address>
         <run_address>0x10dd0</run_address>
         <size>0x25c2</size>
         <input_file_ref idref="fl-a"/>
      </object_component>
      <object_component id="oc-21d">
         <name>.debug_info</name>
         <load_address>0x13392</load_address>
         <run_address>0x13392</run_address>
         <size>0x5ca</size>
         <input_file_ref idref="fl-a"/>
      </object_component>
      <object_component id="oc-212">
         <name>.debug_info</name>
         <load_address>0x1395c</load_address>
         <run_address>0x1395c</run_address>
         <size>0x418</size>
         <input_file_ref idref="fl-b"/>
      </object_component>
      <object_component id="oc-20f">
         <name>.debug_info</name>
         <load_address>0x13d74</load_address>
         <run_address>0x13d74</run_address>
         <size>0x177</size>
         <input_file_ref idref="fl-b"/>
      </object_component>
      <object_component id="oc-159">
         <name>.debug_info</name>
         <load_address>0x13eeb</load_address>
         <run_address>0x13eeb</run_address>
         <size>0x50b</size>
         <input_file_ref idref="fl-b"/>
      </object_component>
      <object_component id="oc-213">
         <name>.debug_info</name>
         <load_address>0x143f6</load_address>
         <run_address>0x143f6</run_address>
         <size>0xaa</size>
         <input_file_ref idref="fl-b"/>
      </object_component>
      <object_component id="oc-200">
         <name>.debug_info</name>
         <load_address>0x144a0</load_address>
         <run_address>0x144a0</run_address>
         <size>0x3f4</size>
         <input_file_ref idref="fl-c"/>
      </object_component>
      <object_component id="oc-1fa">
         <name>.debug_info</name>
         <load_address>0x14894</load_address>
         <run_address>0x14894</run_address>
         <size>0x131</size>
         <input_file_ref idref="fl-c"/>
      </object_component>
      <object_component id="oc-14d">
         <name>.debug_info</name>
         <load_address>0x149c5</load_address>
         <run_address>0x149c5</run_address>
         <size>0x60d</size>
         <input_file_ref idref="fl-c"/>
      </object_component>
      <object_component id="oc-2ce">
         <name>.debug_info</name>
         <load_address>0x14fd2</load_address>
         <run_address>0x14fd2</run_address>
         <size>0x96</size>
         <input_file_ref idref="fl-c"/>
      </object_component>
      <object_component id="oc-354">
         <name>.debug_info</name>
         <load_address>0x15068</load_address>
         <run_address>0x15068</run_address>
         <size>0x6de</size>
         <input_file_ref idref="fl-d"/>
      </object_component>
      <object_component id="oc-34e">
         <name>.debug_info</name>
         <load_address>0x15746</load_address>
         <run_address>0x15746</run_address>
         <size>0x148</size>
         <input_file_ref idref="fl-d"/>
      </object_component>
      <object_component id="oc-351">
         <name>.debug_info</name>
         <load_address>0x1588e</load_address>
         <run_address>0x1588e</run_address>
         <size>0x370</size>
         <input_file_ref idref="fl-d"/>
      </object_component>
      <object_component id="oc-2f0">
         <name>.debug_info</name>
         <load_address>0x15bfe</load_address>
         <run_address>0x15bfe</run_address>
         <size>0x25f9</size>
         <input_file_ref idref="fl-d"/>
      </object_component>
      <object_component id="oc-355">
         <name>.debug_info</name>
         <load_address>0x181f7</load_address>
         <run_address>0x181f7</run_address>
         <size>0x372</size>
         <input_file_ref idref="fl-d"/>
      </object_component>
      <object_component id="oc-208">
         <name>.debug_info</name>
         <load_address>0x18569</load_address>
         <run_address>0x18569</run_address>
         <size>0x56b</size>
         <input_file_ref idref="fl-f"/>
      </object_component>
      <object_component id="oc-205">
         <name>.debug_info</name>
         <load_address>0x18ad4</load_address>
         <run_address>0x18ad4</run_address>
         <size>0x436</size>
         <input_file_ref idref="fl-f"/>
      </object_component>
      <object_component id="oc-202">
         <name>.debug_info</name>
         <load_address>0x18f0a</load_address>
         <run_address>0x18f0a</run_address>
         <size>0x125</size>
         <input_file_ref idref="fl-f"/>
      </object_component>
      <object_component id="oc-153">
         <name>.debug_info</name>
         <load_address>0x1902f</load_address>
         <run_address>0x1902f</run_address>
         <size>0x21cd</size>
         <input_file_ref idref="fl-f"/>
      </object_component>
      <object_component id="oc-209">
         <name>.debug_info</name>
         <load_address>0x1b1fc</load_address>
         <run_address>0x1b1fc</run_address>
         <size>0x49c</size>
         <input_file_ref idref="fl-f"/>
      </object_component>
      <object_component id="oc-2ad">
         <name>.debug_info</name>
         <load_address>0x1b698</load_address>
         <run_address>0x1b698</run_address>
         <size>0x55a</size>
         <input_file_ref idref="fl-10"/>
      </object_component>
      <object_component id="oc-2b1">
         <name>.debug_info</name>
         <load_address>0x1bbf2</load_address>
         <run_address>0x1bbf2</run_address>
         <size>0x2c5</size>
         <input_file_ref idref="fl-10"/>
      </object_component>
      <object_component id="oc-2ba">
         <name>.debug_info</name>
         <load_address>0x1beb7</load_address>
         <run_address>0x1beb7</run_address>
         <size>0x111</size>
         <input_file_ref idref="fl-10"/>
      </object_component>
      <object_component id="oc-2c0">
         <name>.debug_info</name>
         <load_address>0x1bfc8</load_address>
         <run_address>0x1bfc8</run_address>
         <size>0x11b</size>
         <input_file_ref idref="fl-10"/>
      </object_component>
      <object_component id="oc-2b4">
         <name>.debug_info</name>
         <load_address>0x1c0e3</load_address>
         <run_address>0x1c0e3</run_address>
         <size>0x113</size>
         <input_file_ref idref="fl-10"/>
      </object_component>
      <object_component id="oc-2bd">
         <name>.debug_info</name>
         <load_address>0x1c1f6</load_address>
         <run_address>0x1c1f6</run_address>
         <size>0x11d</size>
         <input_file_ref idref="fl-10"/>
      </object_component>
      <object_component id="oc-2a4">
         <name>.debug_info</name>
         <load_address>0x1c313</load_address>
         <run_address>0x1c313</run_address>
         <size>0x10f</size>
         <input_file_ref idref="fl-10"/>
      </object_component>
      <object_component id="oc-2aa">
         <name>.debug_info</name>
         <load_address>0x1c422</load_address>
         <run_address>0x1c422</run_address>
         <size>0x111</size>
         <input_file_ref idref="fl-10"/>
      </object_component>
      <object_component id="oc-2a7">
         <name>.debug_info</name>
         <load_address>0x1c533</load_address>
         <run_address>0x1c533</run_address>
         <size>0x135</size>
         <input_file_ref idref="fl-10"/>
      </object_component>
      <object_component id="oc-1ef">
         <name>.debug_info</name>
         <load_address>0x1c668</load_address>
         <run_address>0x1c668</run_address>
         <size>0x22e3</size>
         <input_file_ref idref="fl-10"/>
      </object_component>
      <object_component id="oc-338">
         <name>.debug_info</name>
         <load_address>0x1e94b</load_address>
         <run_address>0x1e94b</run_address>
         <size>0x804</size>
         <input_file_ref idref="fl-11"/>
      </object_component>
      <object_component id="oc-323">
         <name>.debug_info</name>
         <load_address>0x1f14f</load_address>
         <run_address>0x1f14f</run_address>
         <size>0x12b</size>
         <input_file_ref idref="fl-11"/>
      </object_component>
      <object_component id="oc-2b7">
         <name>.debug_info</name>
         <load_address>0x1f27a</load_address>
         <run_address>0x1f27a</run_address>
         <size>0x120</size>
         <input_file_ref idref="fl-11"/>
      </object_component>
      <object_component id="oc-29e">
         <name>.debug_info</name>
         <load_address>0x1f39a</load_address>
         <run_address>0x1f39a</run_address>
         <size>0x11de</size>
         <input_file_ref idref="fl-11"/>
      </object_component>
      <object_component id="oc-38f">
         <name>.debug_info</name>
         <load_address>0x20578</load_address>
         <run_address>0x20578</run_address>
         <size>0xc8</size>
         <input_file_ref idref="fl-11"/>
      </object_component>
      <object_component id="oc-37c">
         <name>.debug_info</name>
         <load_address>0x20640</load_address>
         <run_address>0x20640</run_address>
         <size>0x4e</size>
         <input_file_ref idref="fl-11"/>
      </object_component>
      <object_component id="oc-1be">
         <name>.debug_info</name>
         <load_address>0x2068e</load_address>
         <run_address>0x2068e</run_address>
         <size>0x220</size>
         <input_file_ref idref="fl-12"/>
      </object_component>
      <object_component id="oc-138">
         <name>.debug_info</name>
         <load_address>0x208ae</load_address>
         <run_address>0x208ae</run_address>
         <size>0x4b7</size>
         <input_file_ref idref="fl-12"/>
      </object_component>
      <object_component id="oc-1c1">
         <name>.debug_info</name>
         <load_address>0x20d65</load_address>
         <run_address>0x20d65</run_address>
         <size>0x8b</size>
         <input_file_ref idref="fl-12"/>
      </object_component>
      <object_component id="oc-a6">
         <name>.debug_info</name>
         <load_address>0x20df0</load_address>
         <run_address>0x20df0</run_address>
         <size>0x4fd</size>
         <input_file_ref idref="fl-13"/>
      </object_component>
      <object_component id="oc-a9">
         <name>.debug_info</name>
         <load_address>0x212ed</load_address>
         <run_address>0x212ed</run_address>
         <size>0x14b</size>
         <input_file_ref idref="fl-13"/>
      </object_component>
      <object_component id="oc-31">
         <name>.debug_info</name>
         <load_address>0x21438</load_address>
         <run_address>0x21438</run_address>
         <size>0xb97</size>
         <input_file_ref idref="fl-13"/>
      </object_component>
      <object_component id="oc-38a">
         <name>.debug_info</name>
         <load_address>0x21fcf</load_address>
         <run_address>0x21fcf</run_address>
         <size>0xf7</size>
         <input_file_ref idref="fl-13a"/>
      </object_component>
      <object_component id="oc-32d">
         <name>.debug_info</name>
         <load_address>0x220c6</load_address>
         <run_address>0x220c6</run_address>
         <size>0x154</size>
         <input_file_ref idref="fl-13a"/>
      </object_component>
      <object_component id="oc-25">
         <name>.debug_info</name>
         <load_address>0x2221a</load_address>
         <run_address>0x2221a</run_address>
         <size>0x138</size>
         <input_file_ref idref="fl-13b"/>
      </object_component>
      <object_component id="oc-44">
         <name>.debug_info</name>
         <load_address>0x22352</load_address>
         <run_address>0x22352</run_address>
         <size>0x123</size>
         <input_file_ref idref="fl-13c"/>
      </object_component>
      <object_component id="oc-16">
         <name>.debug_info</name>
         <load_address>0x22475</load_address>
         <run_address>0x22475</run_address>
         <size>0x1c2</size>
         <input_file_ref idref="fl-13c"/>
      </object_component>
      <object_component id="oc-3f">
         <name>.debug_info</name>
         <load_address>0x22637</load_address>
         <run_address>0x22637</run_address>
         <size>0x46</size>
         <input_file_ref idref="fl-13c"/>
      </object_component>
      <object_component id="oc-bf">
         <name>.debug_info</name>
         <load_address>0x2267d</load_address>
         <run_address>0x2267d</run_address>
         <size>0x2c</size>
         <input_file_ref idref="fl-13c"/>
      </object_component>
      <object_component id="oc-4c">
         <name>.debug_info</name>
         <load_address>0x226a9</load_address>
         <run_address>0x226a9</run_address>
         <size>0x117</size>
         <input_file_ref idref="fl-13d"/>
      </object_component>
      <object_component id="oc-46">
         <name>.debug_info</name>
         <load_address>0x227c0</load_address>
         <run_address>0x227c0</run_address>
         <size>0x22a</size>
         <input_file_ref idref="fl-13d"/>
      </object_component>
      <object_component id="oc-1a">
         <name>.debug_info</name>
         <load_address>0x229ea</load_address>
         <run_address>0x229ea</run_address>
         <size>0x1bc</size>
         <input_file_ref idref="fl-13d"/>
      </object_component>
      <object_component id="oc-4d">
         <name>.debug_info</name>
         <load_address>0x22ba6</load_address>
         <run_address>0x22ba6</run_address>
         <size>0x39</size>
         <input_file_ref idref="fl-13d"/>
      </object_component>
      <object_component id="oc-5d">
         <name>.debug_info</name>
         <load_address>0x22bdf</load_address>
         <run_address>0x22bdf</run_address>
         <size>0x112</size>
         <input_file_ref idref="fl-13e"/>
      </object_component>
      <object_component id="oc-20">
         <name>.debug_info</name>
         <load_address>0x22cf1</load_address>
         <run_address>0x22cf1</run_address>
         <size>0x18d</size>
         <input_file_ref idref="fl-13e"/>
      </object_component>
      <object_component id="oc-58">
         <name>.debug_info</name>
         <load_address>0x22e7e</load_address>
         <run_address>0x22e7e</run_address>
         <size>0x46</size>
         <input_file_ref idref="fl-13e"/>
      </object_component>
      <object_component id="oc-3ff">
         <name>.debug_info</name>
         <load_address>0x22ec4</load_address>
         <run_address>0x22ec4</run_address>
         <size>0xd1</size>
         <input_file_ref idref="fl-13f"/>
      </object_component>
      <object_component id="oc-387">
         <name>.debug_info</name>
         <load_address>0x22f95</load_address>
         <run_address>0x22f95</run_address>
         <size>0xdd</size>
         <input_file_ref idref="fl-13f"/>
      </object_component>
      <object_component id="oc-e9">
         <name>.debug_info</name>
         <load_address>0x23072</load_address>
         <run_address>0x23072</run_address>
         <size>0x174</size>
         <input_file_ref idref="fl-140"/>
      </object_component>
      <object_component id="oc-e6">
         <name>.debug_info</name>
         <load_address>0x231e6</load_address>
         <run_address>0x231e6</run_address>
         <size>0x119</size>
         <input_file_ref idref="fl-140"/>
      </object_component>
      <object_component id="oc-71">
         <name>.debug_info</name>
         <load_address>0x232ff</load_address>
         <run_address>0x232ff</run_address>
         <size>0x1f0</size>
         <input_file_ref idref="fl-140"/>
      </object_component>
      <object_component id="oc-3b">
         <name>.debug_info</name>
         <load_address>0x234ef</load_address>
         <run_address>0x234ef</run_address>
         <size>0xfa</size>
         <input_file_ref idref="fl-141"/>
      </object_component>
      <object_component id="oc-53">
         <name>.debug_info</name>
         <load_address>0x235e9</load_address>
         <run_address>0x235e9</run_address>
         <size>0x12a</size>
         <input_file_ref idref="fl-142"/>
      </object_component>
      <object_component id="oc-60">
         <name>.debug_info</name>
         <load_address>0x23713</load_address>
         <run_address>0x23713</run_address>
         <size>0x12b</size>
         <input_file_ref idref="fl-143"/>
      </object_component>
      <object_component id="oc-376">
         <name>.debug_info</name>
         <load_address>0x2383e</load_address>
         <run_address>0x2383e</run_address>
         <size>0x1aa</size>
         <input_file_ref idref="fl-144"/>
      </object_component>
      <object_component id="oc-329">
         <name>.debug_info</name>
         <load_address>0x239e8</load_address>
         <run_address>0x239e8</run_address>
         <size>0x350</size>
         <input_file_ref idref="fl-144"/>
      </object_component>
      <object_component id="oc-377">
         <name>.debug_info</name>
         <load_address>0x23d38</load_address>
         <run_address>0x23d38</run_address>
         <size>0x2c</size>
         <input_file_ref idref="fl-144"/>
      </object_component>
      <object_component id="oc-381">
         <name>.debug_info</name>
         <load_address>0x23d64</load_address>
         <run_address>0x23d64</run_address>
         <size>0x69</size>
         <input_file_ref idref="fl-144"/>
      </object_component>
      <object_component id="oc-77">
         <name>.debug_info</name>
         <load_address>0x23dcd</load_address>
         <run_address>0x23dcd</run_address>
         <size>0xec</size>
         <input_file_ref idref="fl-145"/>
      </object_component>
      <object_component id="oc-22c">
         <name>.debug_info</name>
         <load_address>0x23eb9</load_address>
         <run_address>0x23eb9</run_address>
         <size>0xcd</size>
         <input_file_ref idref="fl-146"/>
      </object_component>
      <object_component id="oc-1b2">
         <name>.debug_info</name>
         <load_address>0x23f86</load_address>
         <run_address>0x23f86</run_address>
         <size>0x1dd</size>
         <input_file_ref idref="fl-146"/>
      </object_component>
[...]
         <object_component_ref idref="oc-29d"/>
      </symbol>
      <symbol id="sm-842">
         <name>exoPal_tcpSocketClose</name>
         <value>0x7249</value>
         <object_component_ref idref="oc-29d"/>
      </symbol>
      <symbol id="sm-843">
         <name>exoPal_strlen</name>
         <value>0x7529</value>
         <object_component_ref idref="oc-29d"/>
      </symbol>
      <symbol id="sm-844">
         <name>exoPal_getUuid</name>
         <value>0x74a9</value>
         <object_component_ref idref="oc-29d"/>
      </symbol>
      <symbol id="sm-845">
         <name>exoPal_getVendor</name>
         <value>0x7489</value>
         <object_component_ref idref="oc-29d"/>
      </symbol>
      <symbol id="sm-846">
         <name>exoPal_socketWrite</name>
         <value>0x72f1</value>
         <object_component_ref idref="oc-29d"/>
      </symbol>
      <symbol id="sm-847">
         <name>exoPal_sendingComplete</name>
         <value>0x7369</value>
         <object_component_ref idref="oc-29d"/>
      </symbol>
      <symbol id="sm-848">
         <name>exoPal_atoi</name>
         <value>0x7601</value>
         <object_component_ref idref="oc-29d"/>
      </symbol>
      <symbol id="sm-849">
         <name>exoPal_init</name>
         <value>0x7259</value>
         <object_component_ref idref="oc-29d"/>
      </symbol>
      <symbol id="sm-84a">
         <name>exoPal_socketRead</name>
         <value>0x7331</value>
         <object_component_ref idref="oc-29d"/>
      </symbol>
      <symbol id="sm-84b">
         <name>exoPal_strstr</name>
         <value>0x7611</value>
         <object_component_ref idref="oc-29d"/>
      </symbol>
      <symbol id="sm-84c">
         <name>exoPal_tcpSocketOpen</name>
         <value>0x7261</value>
         <object_component_ref idref="oc-29d"/>
      </symbol>
      <symbol id="sm-876">
         <name>g_ucUARTBuffer</name>
         <value>0x200003e4</value>
      </symbol>
      <symbol id="sm-877">
         <name>CLI_Read</name>
         <value>0x7e39</value>
         <object_component_ref idref="oc-137"/>
      </symbol>
      <symbol id="sm-878">
         <name>CLI_Configure</name>
         <value>0x7ef1</value>
         <object_component_ref idref="oc-137"/>
      </symbol>
      <symbol id="sm-879">
         <name>CLI_Write</name>
         <value>0x7e91</value>
         <object_component_ref idref="oc-137"/>
      </symbol>
      <symbol id="sm-8a1">
         <name>IntIsMasked</name>
         <value>0x200003e8</value>
      </symbol>
      <symbol id="sm-8a2">
         <name>g_SysClock</name>
         <value>0x200003e0</value>
      </symbol>
      <symbol id="sm-8a3">
         <name>CC3100_InterruptDisable</name>
         <value>0x8709</value>
         <object_component_ref idref="oc-30"/>
      </symbol>
      <symbol id="sm-8a4">
         <name>CC3100_disable</name>
         <value>0x86c9</value>
         <object_component_ref idref="oc-30"/>
      </symbol>
      <symbol id="sm-8a5">
         <name>CC3100_InterruptEnable</name>
         <value>0x86f9</value>
         <object_component_ref idref="oc-30"/>
      </symbol>
      <symbol id="sm-8a6">
         <name>UARTRxTxHandler</name>
         <value>0x8729</value>
         <object_component_ref idref="oc-30"/>
      </symbol>
      <symbol id="sm-8a7">
         <name>CC3100_enable</name>
         <value>0x86e1</value>
         <object_component_ref idref="oc-30"/>
      </symbol>
      <symbol id="sm-8a8">
         <name>registerInterruptHandler</name>
         <value>0x86b1</value>
         <object_component_ref idref="oc-30"/>
      </symbol>
      <symbol id="sm-8a9">
         <name>UnMaskIntHdlr</name>
         <value>0x8721</value>
         <object_component_ref idref="oc-30"/>
      </symbol>
      <symbol id="sm-8aa">
         <name>stopWDT</name>
         <value>0x86a9</value>
         <object_component_ref idref="oc-30"/>
      </symbol>
      <symbol id="sm-8ab">
         <name>MaskIntHdlr</name>
         <value>0x8719</value>
         <object_component_ref idref="oc-30"/>
      </symbol>
      <symbol id="sm-8ac">
         <name>pIrqEventHandler</name>
         <value>0x200007d8</value>
         <object_component_ref idref="oc-a8"/>
      </symbol>
      <symbol id="sm-8ad">
         <name>initClk</name>
         <value>0x8691</value>
         <object_component_ref idref="oc-30"/>
      </symbol>
      <symbol id="sm-8ae">
         <name>GPIOM_intHandler</name>
         <value>0x8731</value>
         <object_component_ref idref="oc-30"/>
      </symbol>
      <symbol id="sm-8c4">
         <name>atoi</name>
         <value>0x8de1</value>
         <object_component_ref idref="oc-32b"/>
      </symbol>
      <symbol id="sm-8d6">
         <name>_c_int00</name>
         <value>0x8d91</value>
         <object_component_ref idref="oc-24"/>
      </symbol>
      <symbol id="sm-8d7">
         <name>__stack</name>
         <value>0x200003ec</value>
         <object_component_ref idref="oc-29"/>
      </symbol>
      <symbol id="sm-8ee">
         <name>__TI_decompress_none</name>
         <value>0x9317</value>
         <object_component_ref idref="oc-12"/>
      </symbol>
      <symbol id="sm-911">
         <name>__TI_decompress_rle24</name>
         <value>0x9371</value>
         <object_component_ref idref="oc-18"/>
      </symbol>
      <symbol id="sm-923">
         <name>__TI_zero_init</name>
         <value>0x933d</value>
         <object_component_ref idref="oc-1e"/>
      </symbol>
      <symbol id="sm-92e">
         <name>_ctypes_</name>
         <value>0x9498</value>
         <object_component_ref idref="oc-386"/>
      </symbol>
      <symbol id="sm-94d">
         <name>C$$EXIT</name>
         <value>0x8f51</value>
         <object_component_ref idref="oc-70"/>
      </symbol>
      <symbol id="sm-94e">
         <name>abort</name>
         <value>0x8f55</value>
         <object_component_ref idref="oc-70"/>
      </symbol>
      <symbol id="sm-94f">
         <name>exit</name>
         <value>0x8f5d</value>
         <object_component_ref idref="oc-70"/>
      </symbol>
      <symbol id="sm-950">
         <name>__TI_dtors_ptr</name>
         <value>0x200007cc</value>
         <object_component_ref idref="oc-e5"/>
      </symbol>
      <symbol id="sm-951">
         <name>__TI_cleanup_ptr</name>
         <value>0x200007c8</value>
         <object_component_ref idref="oc-e5"/>
      </symbol>
      <symbol id="sm-96c">
         <name>memcpy</name>
         <value>0x883b</value>
         <object_component_ref idref="oc-39"/>
      </symbol>
      <symbol id="sm-96d">
         <name>__aeabi_memcpy</name>
         <value>0x883b</value>
         <object_component_ref idref="oc-39"/>
      </symbol>
      <symbol id="sm-96e">
         <name>__aeabi_memcpy8</name>
         <value>0x883b</value>
         <object_component_ref idref="oc-39"/>
      </symbol>
      <symbol id="sm-96f">
         <name>__aeabi_memcpy4</name>
         <value>0x883b</value>
         <object_component_ref idref="oc-39"/>
      </symbol>
      <symbol id="sm-97e">
         <name>__aeabi_memset</name>
         <value>0x8a7b</value>
         <object_component_ref idref="oc-52"/>
      </symbol>
      <symbol id="sm-97f">
         <name>memset</name>
         <value>0x8a81</value>
         <object_component_ref idref="oc-52"/>
      </symbol>
      <symbol id="sm-980">
         <name>__aeabi_memset8</name>
         <value>0x8a7b</value>
         <object_component_ref idref="oc-52"/>
      </symbol>
      <symbol id="sm-981">
         <name>__aeabi_memset4</name>
         <value>0x8a7b</value>
         <object_component_ref idref="oc-52"/>
      </symbol>
      <symbol id="sm-982">
         <name>__aeabi_memclr8</name>
         <value>0x8a79</value>
         <object_component_ref idref="oc-52"/>
      </symbol>
      <symbol id="sm-983">
         <name>__aeabi_memclr4</name>
         <value>0x8a79</value>
         <object_component_ref idref="oc-52"/>
      </symbol>
      <symbol id="sm-984">
         <name>__aeabi_memclr</name>
         <value>0x8a79</value>
         <object_component_ref idref="oc-52"/>
      </symbol>
      <symbol id="sm-98e">
         <name>_system_pre_init</name>
         <value>0x4915</value>
         <object_component_ref idref="oc-5e"/>
      </symbol>
      <symbol id="sm-9af">
         <name>snprintf</name>
         <value>0x88d9</value>
         <object_component_ref idref="oc-325"/>
      </symbol>
      <symbol id="sm-9b7">
         <name>main_func_sp</name>
         <value>0x200007e0</value>
         <object_component_ref idref="oc-76"/>
      </symbol>
      <symbol id="sm-9c5">
         <name>strlen</name>
         <value>0x9281</value>
         <object_component_ref idref="oc-1b1"/>
      </symbol>
      <symbol id="sm-9d8">
         <name>strstr</name>
         <value>0x9081</value>
         <object_component_ref idref="oc-331"/>
      </symbol>
      <symbol id="sm-9f1">
         <name>_nop</name>
         <value>0x927b</value>
         <object_component_ref idref="oc-17c"/>
      </symbol>
      <symbol id="sm-9f2">
         <name>_lock</name>
         <value>0x200007c0</value>
         <object_component_ref idref="oc-e2"/>
      </symbol>
      <symbol id="sm-9f3">
         <name>_unlock</name>
         <value>0x200007c4</value>
         <object_component_ref idref="oc-e2"/>
      </symbol>
      <symbol id="sm-9f4">
         <name>_register_lock</name>
         <value>0x9273</value>
         <object_component_ref idref="oc-17c"/>
      </symbol>
      <symbol id="sm-9f5">
         <name>_register_unlock</name>
         <value>0x926d</value>
         <object_component_ref idref="oc-17c"/>
      </symbol>
      <symbol id="sm-afa">
         <name>__TI_printfi</name>
         <value>0x2bb9</value>
         <object_component_ref idref="oc-36f"/>
      </symbol>
      <symbol id="sm-b0f">
         <name>_args_main</name>
         <value>0x923d</value>
         <object_component_ref idref="oc-6a"/>
      </symbol>
      <symbol id="sm-b35">
         <name>__TI_auto_init</name>
         <value>0x8af5</value>
         <object_component_ref idref="oc-64"/>
      </symbol>
      <symbol id="sm-b4f">
         <name>copy_in</name>
         <value>0x8e2d</value>
         <object_component_ref idref="oc-d2"/>
      </symbol>
      <symbol id="sm-b73">
         <name>__aeabi_dsub</name>
         <value>0x7c81</value>
         <object_component_ref idref="oc-3cc"/>
      </symbol>
      <symbol id="sm-b74">
         <name>__aeabi_dadd</name>
         <value>0x7c8b</value>
         <object_component_ref idref="oc-3cc"/>
      </symbol>
      <symbol id="sm-b9b">
         <name>__aeabi_cdcmpeq</name>
         <value>0x896d</value>
         <object_component_ref idref="oc-3a8"/>
      </symbol>
      <symbol id="sm-b9c">
         <name>__aeabi_cdcmple</name>
         <value>0x896d</value>
         <object_component_ref idref="oc-3a8"/>
      </symbol>
      <symbol id="sm-b9d">
         <name>__aeabi_cdrcmple</name>
         <value>0x89f3</value>
         <object_component_ref idref="oc-3b7"/>
      </symbol>
      <symbol id="sm-bbd">
         <name>__aeabi_ddiv</name>
         <value>0x80ed</value>
         <object_component_ref idref="oc-3b2"/>
      </symbol>
      <symbol id="sm-bd4">
         <name>__aeabi_dmul</name>
         <value>0x8591</value>
         <object_component_ref idref="oc-3ad"/>
      </symbol>
      <symbol id="sm-be2">
         <name>__aeabi_d2iz</name>
         <value>0x8f09</value>
         <object_component_ref idref="oc-3bc"/>
      </symbol>
      <symbol id="sm-bef">
         <name>frexp</name>
         <value>0x919b</value>
         <object_component_ref idref="oc-3d1"/>
      </symbol>
      <symbol id="sm-bfb">
         <name>__aeabi_i2d</name>
         <value>0x9115</value>
         <object_component_ref idref="oc-3c7"/>
      </symbol>
      <symbol id="sm-c0c">
         <name>ldexp</name>
         <value>0x8d3d</value>
         <object_component_ref idref="oc-3d7"/>
      </symbol>
      <symbol id="sm-c1b">
         <name>ltoa</name>
         <value>0x8ce7</value>
         <object_component_ref idref="oc-3c1"/>
      </symbol>
      <symbol id="sm-c2b">
         <name>memccpy</name>
         <value>0x9205</value>
         <object_component_ref idref="oc-3e9"/>
      </symbol>
      <symbol id="sm-c3b">
         <name>strchr</name>
         <value>0x9255</value>
         <object_component_ref idref="oc-3dd"/>
      </symbol>
      <symbol id="sm-c65">
         <name>__aeabi_uldivmod</name>
         <value>0x7a8d</value>
         <object_component_ref idref="oc-3a3"/>
      </symbol>
      <symbol id="sm-c73">
         <name>_Dclass</name>
         <value>0x90b5</value>
         <object_component_ref idref="oc-3e3"/>
      </symbol>
      <symbol id="sm-c94">
         <name>_Dscale</name>
         <value>0x8481</value>
         <object_component_ref idref="oc-416"/>
      </symbol>
      <symbol id="sm-ca8">
         <name>_Dunscale</name>
         <value>0x8bcb</value>
         <object_component_ref idref="oc-40e"/>
      </symbol>
      <symbol id="sm-cb7">
         <name>_Feraise</name>
         <value>0x90e5</value>
         <object_component_ref idref="oc-41c"/>
      </symbol>
      <symbol id="sm-cc7">
         <name>_Rteps</name>
         <value>0x20000758</value>
         <object_component_ref idref="oc-43f"/>
      </symbol>
      <symbol id="sm-cc8">
         <name>_Zero</name>
         <value>0x20000770</value>
         <object_component_ref idref="oc-43f"/>
      </symbol>
      <symbol id="sm-cc9">
         <name>_Hugeval</name>
         <value>0x20000718</value>
         <object_component_ref idref="oc-43f"/>
      </symbol>
      <symbol id="sm-cca">
         <name>_Snan</name>
         <value>0x20000748</value>
         <object_component_ref idref="oc-43f"/>
      </symbol>
      <symbol id="sm-ccb">
         <name>_Nan</name>
         <value>0x20000738</value>
         <object_component_ref idref="oc-43f"/>
      </symbol>
      <symbol id="sm-ccc">
         <name>_Inf</name>
         <value>0x20000728</value>
         <object_component_ref idref="oc-43f"/>
      </symbol>
      <symbol id="sm-ccd">
         <name>_Xbig</name>
         <value>0x20000768</value>
         <object_component_ref idref="oc-43f"/>
      </symbol>
      <symbol id="sm-cce">
         <name>_Eps</name>
         <value>0x20000708</value>
         <object_component_ref idref="oc-43f"/>
      </symbol>
      <symbol id="sm-ccf">
         <name>_Denorm</name>
         <value>0x200006f8</value>
         <object_component_ref idref="oc-43f"/>
      </symbol>
      <symbol id="sm-cd7">
         <name>_Errno</name>
         <value>0x200007dc</value>
         <object_component_ref idref="oc-44a"/>
      </symbol>
      <symbol id="sm-cf5">
         <name>feraiseexcept</name>
         <value>0x904d</value>
         <object_component_ref idref="oc-444"/>
      </symbol>
      <symbol id="sm-cf6">
         <name>_Tls_setup__Fenv</name>
         <value>0x200007d4</value>
         <object_component_ref idref="oc-469"/>
      </symbol>
      <symbol id="sm-cf7">
         <name>_Fenv</name>
         <value>0x200007d0</value>
         <object_component_ref idref="oc-469"/>
      </symbol>
      <symbol id="sm-d0b">
         <name>raise</name>
         <value>0x9143</value>
         <object_component_ref idref="oc-463"/>
      </symbol>
      <symbol id="sm-d25">
         <name>signal</name>
         <value>0x8fd9</value>
         <object_component_ref idref="oc-471"/>
      </symbol>
      <symbol id="sm-d3a">
         <name>_Dnorm</name>
         <value>0x877d</value>
         <object_component_ref idref="oc-435"/>
      </symbol>
      <symbol id="sm-dbc">
         <name>SysCtlDelay</name>
         <value>0x936b</value>
         <object_component_ref idref="oc-275"/>
      </symbol>
      <symbol id="sm-dbd">
         <name>SysCtlPeripheralEnable</name>
         <value>0x9019</value>
         <object_component_ref idref="oc-245"/>
      </symbol>
      <symbol id="sm-dbe">
         <name>SysCtlClockFreqSet</name>
         <value>0x7891</value>
         <object_component_ref idref="oc-87"/>
      </symbol>
      <symbol id="sm-df0">
         <name>SSIDataGetNonBlocking</name>
         <value>0x92b9</value>
         <object_component_ref idref="oc-282"/>
      </symbol>
      <symbol id="sm-df1">
         <name>SSIDataPutNonBlocking</name>
         <value>0x9309</value>
         <object_component_ref idref="oc-27c"/>
      </symbol>
      <symbol id="sm-df2">
         <name>SSIConfigSetExpClk</name>
         <value>0x8f95</value>
         <object_component_ref idref="oc-251"/>
      </symbol>
      <symbol id="sm-df3">
         <name>SSIEnable</name>
         <value>0x9353</value>
         <object_component_ref idref="oc-257"/>
      </symbol>
      <symbol id="sm-df4">
         <name>SSIBusy</name>
         <value>0x935d</value>
         <object_component_ref idref="oc-288"/>
      </symbol>
      <symbol id="sm-e22">
         <name>IntEnable</name>
         <value>0x8c31</value>
         <object_component_ref idref="oc-269"/>
      </symbol>
      <symbol id="sm-e23">
         <name>IntMasterEnable</name>
         <value>0x9349</value>
         <object_component_ref idref="oc-26f"/>
      </symbol>
      <symbol id="sm-e93">
         <name>GPIOPinConfigure</name>
         <value>0x8e79</value>
         <object_component_ref idref="oc-1b7"/>
      </symbol>
      <symbol id="sm-e94">
         <name>GPIOIntDisable</name>
         <value>0x92ed</value>
         <object_component_ref idref="oc-93"/>
      </symbol>
      <symbol id="sm-e95">
         <name>GPIOIntEnable</name>
         <value>0x9331</value>
         <object_component_ref idref="oc-8d"/>
      </symbol>
      <symbol id="sm-e96">
         <name>GPIOIntTypeSet</name>
         <value>0x8c91</value>
         <object_component_ref idref="oc-263"/>
      </symbol>
      <symbol id="sm-e97">
         <name>GPIOPinTypeGPIOInput</name>
         <value>0x9295</value>
         <object_component_ref idref="oc-25d"/>
      </symbol>
      <symbol id="sm-e98">
         <name>GPIOIntClear</name>
         <value>0x8353</value>
         <object_component_ref idref="oc-9f"/>
      </symbol>
      <symbol id="sm-e99">
         <name>GPIOIntStatus</name>
         <value>0x92fb</value>
         <object_component_ref idref="oc-99"/>
      </symbol>
      <symbol id="sm-e9a">
         <name>GPIODirModeSet</name>
         <value>0x9171</value>
         <object_component_ref idref="oc-2f8"/>
      </symbol>
      <symbol id="sm-e9b">
         <name>GPIOPinWrite</name>
         <value>0x9365</value>
         <object_component_ref idref="oc-276"/>
      </symbol>
      <symbol id="sm-e9c">
         <name>GPIOPadConfigSet</name>
         <value>0x8223</value>
         <object_component_ref idref="oc-2fe"/>
      </symbol>
      <symbol id="sm-e9d">
         <name>GPIOPinTypeSSI</name>
         <value>0x92a7</value>
         <object_component_ref idref="oc-24b"/>
      </symbol>
      <symbol id="sm-eb3">
         <name>FPULazyStackingEnable</name>
         <value>0x92dd</value>
         <object_component_ref idref="oc-81"/>
      </symbol>
      <symbol id="sm-eb4">
         <name>FPUEnable</name>
         <value>0x92cd</value>
         <object_component_ref idref="oc-7b"/>
      </symbol>
      <symbol id="sm-ebe">
         <name>CPUcpsie</name>
         <value>0x9325</value>
         <object_component_ref idref="oc-30f"/>
      </symbol>
      <symbol id="sm-ebf">
         <name>__TI_static_base__</name>
         <value>0x0</value>
      </symbol>
      <symbol id="sm-ec2">
         <name>SHT$$INIT_ARRAY$$Limit</name>
         <value>0x0</value>
      </symbol>
      <symbol id="sm-ec3">
         <name>SHT$$INIT_ARRAY$$Base</name>
         <value>0x0</value>
      </symbol>
   </symbol_table>
   <title>Link successful</title>
</link_info>
