<?xml version="1.0"?>
<link_info>
   <banner>TI ARM Linker PC v5.2.2</banner>
   <copyright>Copyright (c) 1996-2015 Texas Instruments Incorporated</copyright>
   <link_time>0x567530a6</link_time>
   <link_errors>0x0</link_errors>
   <output_file>wlan_station_exosite_write_read.out</output_file>
   <entry_point>
      <name>_c_int00</name>
      <address>0xaae5</address>
   </entry_point>
   <input_file_list>
      <input_file id="fl-2">
         <path>.\</path>
         <kind>object</kind>
         <file>cloud_demo.obj</file>
         <name>cloud_demo.obj</name>
      </input_file>
      <input_file id="fl-3">
         <path>.\</path>
         <kind>object</kind>
         <file>main.obj</file>
         <name>main.obj</name>
      </input_file>
      <input_file id="fl-4">
         <path>.\</path>
         <kind>object</kind>
         <file>tm4c1294ncpdt_startup_ccs.obj</file>
         <name>tm4c1294ncpdt_startup_ccs.obj</name>
      </input_file>
      <input_file id="fl-5">
         <path>.\utils\</path>
         <kind>object</kind>
         <file>uartstdio.obj</file>
         <name>uartstdio.obj</name>
      </input_file>
      <input_file id="fl-6">
         <path>.\spi\</path>
         <kind>object</kind>
         <file>spi.obj</file>
         <name>spi.obj</name>
      </input_file>
      <input_file id="fl-7">
         <path>.\simplelink\source\</path>
         <kind>object</kind>
         <file>device.obj</file>
         <name>device.obj</name>
      </input_file>
      <input_file id="fl-8">
         <path>.\simplelink\source\</path>
         <kind>object</kind>
         <file>driver.obj</file>
         <name>driver.obj</name>
      </input_file>
      <input_file id="fl-9">
         <path>.\simplelink\source\</path>
         <kind>object</kind>
         <file>flowcont.obj</file>
         <name>flowcont.obj</name>
      </input_file>
      <input_file id="fl-a">
         <path>.\simplelink\source\</path>
         <kind>object</kind>
         <file>fs.obj</file>
         <name>fs.obj</name>
      </input_file>
      <input_file id="fl-b">
         <path>.\simplelink\source\</path>
         <kind>object</kind>
         <file>netapp.obj</file>
         <name>netapp.obj</name>
      </input_file>
      <input_file id="fl-c">
         <path>.\simplelink\source\</path>
         <kind>object</kind>
         <file>netcfg.obj</file>
         <name>netcfg.obj</name>
      </input_file>
      <input_file id="fl-d">
         <path>.\simplelink\source\</path>
         <kind>object</kind>
         <file>nonos.obj</file>
         <name>nonos.obj</name>
      </input_file>
      <input_file id="fl-e">
         <path>.\simplelink\source\</path>
         <kind>object</kind>
         <file>socket.obj</file>
         <name>socket.obj</name>
      </input_file>
      <input_file id="fl-f">
         <path>.\simplelink\source\</path>
         <kind>object</kind>
         <file>spawn.obj</file>
         <name>spawn.obj</name>
      </input_file>
      <input_file id="fl-10">
         <path>.\simplelink\source\</path>
         <kind>object</kind>
         <file>wlan.obj</file>
         <name>wlan.obj</name>
      </input_file>
      <input_file id="fl-11">
         <path>.\exosite\</path>
         <kind>object</kind>
         <file>exosite.obj</file>
         <name>exosite.obj</name>
      </input_file>
      <input_file id="fl-12">
         <path>.\exosite\</path>
         <kind>object</kind>
         <file>exosite_pal.obj</file>
         <name>exosite_pal.obj</name>
      </input_file>
      <input_file id="fl-13">
         <path>.\drivers\</path>
         <kind>object</kind>
         <file>buttons.obj</file>
         <name>buttons.obj</name>
      </input_file>
      <input_file id="fl-14">
         <path>.\drivers\</path>
         <kind>object</kind>
         <file>pinout.obj</file>
         <name>pinout.obj</name>
      </input_file>
      <input_file id="fl-15">
         <path>.\board\</path>
         <kind>object</kind>
         <file>board.obj</file>
         <name>board.obj</name>
      </input_file>
      <input_file id="fl-13d">
         <path>C:\CCSV6\ccsv6\tools\compiler\ti-cgt-arm_5.2.2\lib\</path>
         <kind>archive</kind>
         <file>rtsv7M4_T_le_v4SPD16_eabi.lib</file>
         <name>atoi.obj</name>
      </input_file>
      <input_file id="fl-13e">
         <path>C:\CCSV6\ccsv6\tools\compiler\ti-cgt-arm_5.2.2\lib\</path>
         <kind>archive</kind>
         <file>rtsv7M4_T_le_v4SPD16_eabi.lib</file>
         <name>boot.obj</name>
      </input_file>
      <input_file id="fl-13f">
         <path>C:\CCSV6\ccsv6\tools\compiler\ti-cgt-arm_5.2.2\lib\</path>
         <kind>archive</kind>
         <file>rtsv7M4_T_le_v4SPD16_eabi.lib</file>
         <name>copy_decompress_none.obj</name>
      </input_file>
      <input_file id="fl-140">
         <path>C:\CCSV6\ccsv6\tools\compiler\ti-cgt-arm_5.2.2\lib\</path>
         <kind>archive</kind>
         <file>rtsv7M4_T_le_v4SPD16_eabi.lib</file>
         <name>copy_decompress_rle.obj</name>
      </input_file>
      <input_file id="fl-141">
         <path>C:\CCSV6\ccsv6\tools\compiler\ti-cgt-arm_5.2.2\lib\</path>
         <kind>archive</kind>
         <file>rtsv7M4_T_le_v4SPD16_eabi.lib</file>
         <name>copy_zero_init.obj</name>
      </input_file>
      <input_file id="fl-142">
         <path>C:\CCSV6\ccsv6\tools\compiler\ti-cgt-arm_5.2.2\lib\</path>
         <kind>archive</kind>
         <file>rtsv7M4_T_le_v4SPD16_eabi.lib</file>
         <name>ctype.obj</name>
      </input_file>
      <input_file id="fl-143">
         <path>C:\CCSV6\ccsv6\tools\compiler\ti-cgt-arm_5.2.2\lib\</path>
         <kind>archive</kind>
         <file>rtsv7M4_T_le_v4SPD16_eabi.lib</file>
         <name>exit.obj</name>
      </input_file>
      <input_file id="fl-144">
         <path>C:\CCSV6\ccsv6\tools\compiler\ti-cgt-arm_5.2.2\lib\</path>
         <kind>archive</kind>
         <file>rtsv7M4_T_le_v4SPD16_eabi.lib</file>
         <name>memcpy_t2.obj</name>
      </input_file>
      <input_file id="fl-145">
         <path>C:\CCSV6\ccsv6\tools\compiler\ti-cgt-arm_5.2.2\lib\</path>
         <kind>archive</kind>
         <file>rtsv7M4_T_le_v4SPD16_eabi.lib</file>
         <name>memset_t2.obj</name>
      </input_file>
      <input_file id="fl-146">
         <path>C:\CCSV6\ccsv6\tools\compiler\ti-cgt-arm_5.2.2\lib\</path>
         <kind>archive</kind>
         <file>rtsv7M4_T_le_v4SPD16_eabi.lib</file>
         <name>pre_init.obj</name>
      </input_file>
      <input_file id="fl-147">
         <path>C:\CCSV6\ccsv6\tools\compiler\ti-cgt-arm_5.2.2\lib\</path>
         <kind>archive</kind>
         <file>rtsv7M4_T_le_v4SPD16_eabi.lib</file>
         <name>snprintf.obj</name>
      </input_file>
      <input_file id="fl-148">
         <path>C:\CCSV6\ccsv6\tools\compiler\ti-cgt-arm_5.2.2\lib\</path>
         <kind>archive</kind>
         <file>rtsv7M4_T_le_v4SPD16_eabi.lib</file>
         <name>sprintf.obj</name>
      </input_file>
      <input_file id="fl-149">
         <path>C:\CCSV6\ccsv6\tools\compiler\ti-cgt-arm_5.2.2\lib\</path>
         <kind>archive</kind>
         <file>rtsv7M4_T_le_v4SPD16_eabi.lib</file>
         <name>stkdepth_vars.obj</name>
      </input_file>
      <input_file id="fl-14a">
         <path>C:\CCSV6\ccsv6\tools\compiler\ti-cgt-arm_5.2.2\lib\</path>
         <kind>archive</kind>
         <file>rtsv7M4_T_le_v4SPD16_eabi.lib</file>
         <name>strlen.obj</name>
      </input_file>
      <input_file id="fl-14b">
         <path>C:\CCSV6\ccsv6\tools\compiler\ti-cgt-arm_5.2.2\lib\</path>
         <kind>archive</kind>
         <file>rtsv7M4_T_le_v4SPD16_eabi.lib</file>
         <name>strstr.obj</name>
      </input_file>
      <input_file id="fl-14c">
         <path>C:\CCSV6\ccsv6\tools\compiler\ti-cgt-arm_5.2.2\lib\</path>
         <kind>archive</kind>
         <file>rtsv7M4_T_le_v4SPD16_eabi.lib</file>
         <name>u_divt2.obj</name>
      </input_file>
      <input_file id="fl-14d">
         <path>C:\CCSV6\ccsv6\tools\compiler\ti-cgt-arm_5.2.2\lib\</path>
         <kind>archive</kind>
         <file>rtsv7M4_T_le_v4SPD16_eabi.lib</file>
         <name>_lock.obj</name>
      </input_file>
      <input_file id="fl-14e">
         <path>C:\CCSV6\ccsv6\tools\compiler\ti-cgt-arm_5.2.2\lib\</path>
         <kind>archive</kind>
         <file>rtsv7M4_T_le_v4SPD16_eabi.lib</file>
         <name>_printfi.obj</name>
      </input_file>
      <input_file id="fl-14f">
         <path>C:\CCSV6\ccsv6\tools\compiler\ti-cgt-arm_5.2.2\lib\</path>
         <kind>archive</kind>
         <file>rtsv7M4_T_le_v4SPD16_eabi.lib</file>
         <name>args_main.obj</name>
      </input_file>
      <input_file id="fl-150">
         <path>C:\CCSV6\ccsv6\tools\compiler\ti-cgt-arm_5.2.2\lib\</path>
         <kind>archive</kind>
         <file>rtsv7M4_T_le_v4SPD16_eabi.lib</file>
         <name>autoinit.obj</name>
      </input_file>
      <input_file id="fl-151">
         <path>C:\CCSV6\ccsv6\tools\compiler\ti-cgt-arm_5.2.2\lib\</path>
         <kind>archive</kind>
         <file>rtsv7M4_T_le_v4SPD16_eabi.lib</file>
         <name>cpy_tbl.obj</name>
      </input_file>
      <input_file id="fl-152">
         <path>C:\CCSV6\ccsv6\tools\compiler\ti-cgt-arm_5.2.2\lib\</path>
         <kind>archive</kind>
         <file>rtsv7M4_T_le_v4SPD16_eabi.lib</file>
         <name>fd_add_t2.obj</name>
      </input_file>
      <input_file id="fl-153">
         <path>C:\CCSV6\ccsv6\tools\compiler\ti-cgt-arm_5.2.2\lib\</path>
         <kind>archive</kind>
         <file>rtsv7M4_T_le_v4SPD16_eabi.lib</file>
         <name>fd_cmp_t2.obj</name>
      </input_file>
      <input_file id="fl-154">
         <path>C:\CCSV6\ccsv6\tools\compiler\ti-cgt-arm_5.2.2\lib\</path>
         <kind>archive</kind>
         <file>rtsv7M4_T_le_v4SPD16_eabi.lib</file>
         <name>fd_div_t2.obj</name>
      </input_file>
      <input_file id="fl-155">
         <path>C:\CCSV6\ccsv6\tools\compiler\ti-cgt-arm_5.2.2\lib\</path>
         <kind>archive</kind>
         <file>rtsv7M4_T_le_v4SPD16_eabi.lib</file>
         <name>fd_mul_t2.obj</name>
      </input_file>
      <input_file id="fl-156">
         <path>C:\CCSV6\ccsv6\tools\compiler\ti-cgt-arm_5.2.2\lib\</path>
         <kind>archive</kind>
         <file>rtsv7M4_T_le_v4SPD16_eabi.lib</file>
         <name>fd_toi_t2.obj</name>
      </input_file>
      <input_file id="fl-157">
         <path>C:\CCSV6\ccsv6\tools\compiler\ti-cgt-arm_5.2.2\lib\</path>
         <kind>archive</kind>
         <file>rtsv7M4_T_le_v4SPD16_eabi.lib</file>
         <name>frexp.obj</name>
      </input_file>
      <input_file id="fl-158">
         <path>C:\CCSV6\ccsv6\tools\compiler\ti-cgt-arm_5.2.2\lib\</path>
         <kind>archive</kind>
         <file>rtsv7M4_T_le_v4SPD16_eabi.lib</file>
         <name>i_tofd_t2.obj</name>
      </input_file>
      <input_file id="fl-159">
         <path>C:\CCSV6\ccsv6\tools\compiler\ti-cgt-arm_5.2.2\lib\</path>
         <kind>archive</kind>
         <file>rtsv7M4_T_le_v4SPD16_eabi.lib</file>
         <name>ldexp.obj</name>
      </input_file>
      <input_file id="fl-15a">
         <path>C:\CCSV6\ccsv6\tools\compiler\ti-cgt-arm_5.2.2\lib\</path>
         <kind>archive</kind>
         <file>rtsv7M4_T_le_v4SPD16_eabi.lib</file>
         <name>ltoa.obj</name>
      </input_file>
      <input_file id="fl-15b">
         <path>C:\CCSV6\ccsv6\tools\compiler\ti-cgt-arm_5.2.2\lib\</path>
         <kind>archive</kind>
         <file>rtsv7M4_T_le_v4SPD16_eabi.lib</file>
         <name>memccpy.obj</name>
      </input_file>
      <input_file id="fl-15c">
         <path>C:\CCSV6\ccsv6\tools\compiler\ti-cgt-arm_5.2.2\lib\</path>
         <kind>archive</kind>
         <file>rtsv7M4_T_le_v4SPD16_eabi.lib</file>
         <name>strchr.obj</name>
      </input_file>
      <input_file id="fl-15d">
         <path>C:\CCSV6\ccsv6\tools\compiler\ti-cgt-arm_5.2.2\lib\</path>
         <kind>archive</kind>
         <file>rtsv7M4_T_le_v4SPD16_eabi.lib</file>
         <name>ull_div_t2.obj</name>
      </input_file>
      <input_file id="fl-15e">
         <path>C:\CCSV6\ccsv6\tools\compiler\ti-cgt-arm_5.2.2\lib\</path>
         <kind>archive</kind>
         <file>rtsv7M4_T_le_v4SPD16_eabi.lib</file>
         <name>xdclass.obj</name>
      </input_file>
      <input_file id="fl-15f">
         <path>C:\CCSV6\ccsv6\tools\compiler\ti-cgt-arm_5.2.2\lib\</path>
         <kind>archive</kind>
         <file>rtsv7M4_T_le_v4SPD16_eabi.lib</file>
         <name>xdscale.obj</name>
      </input_file>
      <input_file id="fl-160">
         <path>C:\CCSV6\ccsv6\tools\compiler\ti-cgt-arm_5.2.2\lib\</path>
         <kind>archive</kind>
         <file>rtsv7M4_T_le_v4SPD16_eabi.lib</file>
         <name>xdunscal.obj</name>
      </input_file>
      <input_file id="fl-161">
         <path>C:\CCSV6\ccsv6\tools\compiler\ti-cgt-arm_5.2.2\lib\</path>
         <kind>archive</kind>
         <file>rtsv7M4_T_le_v4SPD16_eabi.lib</file>
         <name>xferaise.obj</name>
      </input_file>
      <input_file id="fl-162">
         <path>C:\CCSV6\ccsv6\tools\compiler\ti-cgt-arm_5.2.2\lib\</path>
         <kind>archive</kind>
         <file>rtsv7M4_T_le_v4SPD16_eabi.lib</file>
         <name>xvalues.obj</name>
      </input_file>
      <input_file id="fl-163">
         <path>C:\CCSV6\ccsv6\tools\compiler\ti-cgt-arm_5.2.2\lib\</path>
         <kind>archive</kind>
         <file>rtsv7M4_T_le_v4SPD16_eabi.lib</file>
         <name>errno.obj</name>
      </input_file>
      <input_file id="fl-164">
         <path>C:\CCSV6\ccsv6\tools\compiler\ti-cgt-arm_5.2.2\lib\</path>
         <kind>archive</kind>
         <file>rtsv7M4_T_le_v4SPD16_eabi.lib</file>
         <name>feraiseexcept.obj</name>
      </input_file>
      <input_file id="fl-165">
         <path>C:\CCSV6\ccsv6\tools\compiler\ti-cgt-arm_5.2.2\lib\</path>
         <kind>archive</kind>
         <file>rtsv7M4_T_le_v4SPD16_eabi.lib</file>
         <name>raise.obj</name>
      </input_file>
      <input_file id="fl-166">
         <path>C:\CCSV6\ccsv6\tools\compiler\ti-cgt-arm_5.2.2\lib\</path>
         <kind>archive</kind>
         <file>rtsv7M4_T_le_v4SPD16_eabi.lib</file>
         <name>signal.obj</name>
      </input_file>
      <input_file id="fl-167">
         <path>C:\CCSV6\ccsv6\tools\compiler\ti-cgt-arm_5.2.2\lib\</path>
         <kind>archive</kind>
         <file>rtsv7M4_T_le_v4SPD16_eabi.lib</file>
         <name>xdnorm.obj</name>
      </input_file>
      <input_file id="fl-168">
         <path>C:\EK-TM4C129\sensorlib\ccs\Debug\</path>
         <kind>archive</kind>
         <file>sensorlib.lib</file>
         <name>tmp006.obj</name>
      </input_file>
      <input_file id="fl-169">
         <path>C:\EK-TM4C129\sensorlib\ccs\Debug\</path>
         <kind>archive</kind>
         <file>sensorlib.lib</file>
         <name>i2cm_drv.obj</name>
      </input_file>
      <input_file id="fl-16a">
         <path>C:\EK-TM4C129\driverlib\ccs\Debug\</path>
         <kind>archive</kind>
         <file>driverlib.lib</file>
         <name>timer.obj</name>
      </input_file>
      <input_file id="fl-16b">
         <path>C:\EK-TM4C129\driverlib\ccs\Debug\</path>
         <kind>archive</kind>
         <file>driverlib.lib</file>
         <name>sysctl.obj</name>
      </input_file>
      <input_file id="fl-16c">
         <path>C:\EK-TM4C129\driverlib\ccs\Debug\</path>
         <kind>archive</kind>
         <file>driverlib.lib</file>
         <name>ssi.obj</name>
      </input_file>
      <input_file id="fl-16d">
         <path>C:\EK-TM4C129\driverlib\ccs\Debug\</path>
         <kind>archive</kind>
         <file>driverlib.lib</file>
         <name>interrupt.obj</name>
      </input_file>
      <input_file id="fl-16e">
         <path>C:\EK-TM4C129\driverlib\ccs\Debug\</path>
         <kind>archive</kind>
         <file>driverlib.lib</file>
         <name>i2c.obj</name>
      </input_file>
      <input_file id="fl-16f">
         <path>C:\EK-TM4C129\driverlib\ccs\Debug\</path>
         <kind>archive</kind>
         <file>driverlib.lib</file>
         <name>gpio.obj</name>
      </input_file>
      <input_file id="fl-170">
         <path>C:\EK-TM4C129\driverlib\ccs\Debug\</path>
         <kind>archive</kind>
         <file>driverlib.lib</file>
         <name>fpu.obj</name>
      </input_file>
      <input_file id="fl-171">
         <path>C:\EK-TM4C129\driverlib\ccs\Debug\</path>
         <kind>archive</kind>
         <file>driverlib.lib</file>
         <name>cpu.obj</name>
      </input_file>
      <input_file id="fl-172">
         <path>C:\CCSV6\ccsv6\tools\compiler\ti-cgt-arm_5.2.2\lib\</path>
         <kind>archive</kind>
         <file>rtsv7M4_T_le_v4SPD16_eabi.lib</file>
         <name>fd_tos_t2.obj</name>
      </input_file>
      <input_file id="fl-173">
         <path>C:\CCSV6\ccsv6\tools\compiler\ti-cgt-arm_5.2.2\lib\</path>
         <kind>archive</kind>
         <file>rtsv7M4_T_le_v4SPD16_eabi.lib</file>
         <name>fs_tod_t2.obj</name>
      </input_file>
      <input_file id="fl-174">
         <path>C:\CCSV6\ccsv6\tools\compiler\ti-cgt-arm_5.2.2\lib\</path>
         <kind>archive</kind>
         <file>rtsv7M4_T_le_v4SPD16_eabi.lib</file>
         <name>sqrtf.obj</name>
      </input_file>
   </input_file_list>
   <object_component_list>
      <object_component id="oc-f">
         <name>.intvecs</name>
         <load_address>0x0</load_address>
         <run_address>0x0</run_address>
         <size>0x208</size>
         <input_file_ref idref="fl-4"/>
      </object_component>
      <object_component id="oc-2c6">
         <name>.text</name>
         <load_address>0x208</load_address>
         <run_address>0x208</run_address>
         <size>0x1bfc</size>
         <input_file_ref idref="fl-8"/>
      </object_component>
      <object_component id="oc-40a">
         <name>.text</name>
         <load_address>0x1e04</load_address>
         <run_address>0x1e04</run_address>
         <size>0x10ba</size>
         <input_file_ref idref="fl-14e"/>
      </object_component>
      <object_component id="oc-3cc">
         <name>.text</name>
         <load_address>0x2ec0</load_address>
         <run_address>0x2ec0</run_address>
         <size>0xd58</size>
         <input_file_ref idref="fl-e"/>
      </object_component>
      <object_component id="oc-36">
         <name>.text</name>
         <load_address>0x3c18</load_address>
         <run_address>0x3c18</run_address>
         <size>0xd14</size>
         <input_file_ref idref="fl-3"/>
      </object_component>
      <object_component id="oc-1ad">
         <name>.text:I2CMasterControl</name>
         <load_address>0x492c</load_address>
         <run_address>0x492c</run_address>
         <size>0x4</size>
         <input_file_ref idref="fl-16e"/>
      </object_component>
      <object_component id="oc-223">
         <name>.text</name>
         <load_address>0x4930</load_address>
         <run_address>0x4930</run_address>
         <size>0xcfc</size>
         <input_file_ref idref="fl-11"/>
      </object_component>
      <object_component id="oc-358">
         <name>.text:I2CMasterDataGet</name>
         <load_address>0x562c</load_address>
         <run_address>0x562c</run_address>
         <size>0x4</size>
         <input_file_ref idref="fl-16e"/>
      </object_component>
      <object_component id="oc-119">
         <name>.text</name>
         <load_address>0x5630</load_address>
         <run_address>0x5630</run_address>
         <size>0xbb4</size>
         <input_file_ref idref="fl-10"/>
      </object_component>
      <object_component id="oc-36a">
         <name>.text:I2CMasterDataPut</name>
         <load_address>0x61e4</load_address>
         <run_address>0x61e4</run_address>
         <size>0x4</size>
         <input_file_ref idref="fl-16e"/>
      </object_component>
      <object_component id="oc-125">
         <name>.text</name>
         <load_address>0x61e8</load_address>
         <run_address>0x61e8</run_address>
         <size>0xaa8</size>
         <input_file_ref idref="fl-b"/>
      </object_component>
      <object_component id="oc-30">
         <name>.text</name>
         <load_address>0x6c90</load_address>
         <run_address>0x6c90</run_address>
         <size>0x9a8</size>
         <input_file_ref idref="fl-5"/>
      </object_component>
      <object_component id="oc-ca">
         <name>.text</name>
         <load_address>0x7638</load_address>
         <run_address>0x7638</run_address>
         <size>0x4dc</size>
         <input_file_ref idref="fl-2"/>
      </object_component>
      <object_component id="oc-6a">
         <name>.text</name>
         <load_address>0x7b14</load_address>
         <run_address>0x7b14</run_address>
         <size>0x4</size>
         <input_file_ref idref="fl-146"/>
      </object_component>
      <object_component id="oc-3d2">
         <name>.text</name>
         <load_address>0x7b18</load_address>
         <run_address>0x7b18</run_address>
         <size>0x4b8</size>
         <input_file_ref idref="fl-a"/>
      </object_component>
      <object_component id="oc-10d">
         <name>.text</name>
         <load_address>0x7fd0</load_address>
         <run_address>0x7fd0</run_address>
         <size>0x4b0</size>
         <input_file_ref idref="fl-7"/>
      </object_component>
      <object_component id="oc-229">
         <name>.text</name>
         <load_address>0x8480</load_address>
         <run_address>0x8480</run_address>
         <size>0x43e</size>
         <input_file_ref idref="fl-12"/>
      </object_component>
      <object_component id="oc-e3">
         <name>.text</name>
         <load_address>0x88c0</load_address>
         <run_address>0x88c0</run_address>
         <size>0x378</size>
         <input_file_ref idref="fl-14"/>
      </object_component>
      <object_component id="oc-2cc">
         <name>.text</name>
         <load_address>0x8c38</load_address>
         <run_address>0x8c38</run_address>
         <size>0x230</size>
         <input_file_ref idref="fl-6"/>
      </object_component>
      <object_component id="oc-22f">
         <name>.text:TMP006DataTemperatureGetFloat</name>
         <load_address>0x8e68</load_address>
         <run_address>0x8e68</run_address>
         <size>0x204</size>
         <input_file_ref idref="fl-168"/>
      </object_component>
      <object_component id="oc-dd">
         <name>.text:SysCtlClockFreqSet</name>
         <load_address>0x906c</load_address>
         <run_address>0x906c</run_address>
         <size>0x1fc</size>
         <input_file_ref idref="fl-16b"/>
      </object_component>
      <object_component id="oc-52e">
         <name>.text</name>
         <load_address>0x9268</load_address>
         <run_address>0x9268</run_address>
         <size>0x1f4</size>
         <input_file_ref idref="fl-15d"/>
      </object_component>
      <object_component id="oc-3f9">
         <name>.text</name>
         <load_address>0x945c</load_address>
         <run_address>0x945c</run_address>
         <size>0x1b6</size>
         <input_file_ref idref="fl-152"/>
      </object_component>
      <object_component id="oc-b8">
         <name>.text:GPIOIntClear</name>
         <load_address>0x9612</load_address>
         <run_address>0x9612</run_address>
         <size>0x6</size>
         <input_file_ref idref="fl-16f"/>
      </object_component>
      <object_component id="oc-113">
         <name>.text</name>
         <load_address>0x9618</load_address>
         <run_address>0x9618</run_address>
         <size>0x144</size>
         <input_file_ref idref="fl-d"/>
      </object_component>
      <object_component id="oc-538">
         <name>.text</name>
         <load_address>0x975c</load_address>
         <run_address>0x975c</run_address>
         <size>0x136</size>
         <input_file_ref idref="fl-154"/>
      </object_component>
      <object_component id="oc-217">
         <name>.text:GPIOPadConfigSet</name>
         <load_address>0x9892</load_address>
         <run_address>0x9892</run_address>
         <size>0x130</size>
         <input_file_ref idref="fl-16f"/>
      </object_component>
      <object_component id="oc-28d">
         <name>.text:GPIOPinRead</name>
         <load_address>0x99c2</load_address>
         <run_address>0x99c2</run_address>
         <size>0x6</size>
         <input_file_ref idref="fl-16f"/>
      </object_component>
      <object_component id="oc-11f">
         <name>.text</name>
         <load_address>0x99c8</load_address>
         <run_address>0x99c8</run_address>
         <size>0x128</size>
         <input_file_ref idref="fl-c"/>
      </object_component>
      <object_component id="oc-5e1">
         <name>.text</name>
         <load_address>0x9af0</load_address>
         <run_address>0x9af0</run_address>
         <size>0x110</size>
         <input_file_ref idref="fl-15f"/>
      </object_component>
      <object_component id="oc-c4">
         <name>.text</name>
         <load_address>0x9c00</load_address>
         <run_address>0x9c00</run_address>
         <size>0x104</size>
         <input_file_ref idref="fl-13"/>
      </object_component>
      <object_component id="oc-3f4">
         <name>.text</name>
         <load_address>0x9d04</load_address>
         <run_address>0x9d04</run_address>
         <size>0xfc</size>
         <input_file_ref idref="fl-155"/>
      </object_component>
      <object_component id="oc-ac">
         <name>.text:I2CMIntHandler</name>
         <load_address>0x9e00</load_address>
         <run_address>0x9e00</run_address>
         <size>0xf2</size>
         <input_file_ref idref="fl-169"/>
      </object_component>
      <object_component id="oc-287">
         <name>.text:GPIOPinWrite</name>
         <load_address>0x9ef2</load_address>
         <run_address>0x9ef2</run_address>
         <size>0x6</size>
         <input_file_ref idref="fl-16f"/>
      </object_component>
      <object_component id="oc-3c">
         <name>.text</name>
         <load_address>0x9ef8</load_address>
         <run_address>0x9ef8</run_address>
         <size>0xec</size>
         <input_file_ref idref="fl-15"/>
      </object_component>
      <object_component id="oc-60b">
         <name>.text</name>
         <load_address>0x9fe4</load_address>
         <run_address>0x9fe4</run_address>
         <size>0xbe</size>
         <input_file_ref idref="fl-167"/>
      </object_component>
      <object_component id="oc-45">
         <name>.text</name>
         <load_address>0xa0a2</load_address>
         <run_address>0xa0a2</run_address>
         <size>0x9c</size>
         <input_file_ref idref="fl-144"/>
      </object_component>
      <object_component id="oc-1ef">
         <name>.text:I2CMStateIdle</name>
         <load_address>0xa13e</load_address>
         <run_address>0xa13e</run_address>
         <size>0x98</size>
         <input_file_ref idref="fl-169"/>
      </object_component>
      <object_component id="oc-241">
         <name>.text</name>
         <load_address>0xa1d8</load_address>
         <run_address>0xa1d8</run_address>
         <size>0x94</size>
         <input_file_ref idref="fl-147"/>
      </object_component>
      <object_component id="oc-533">
         <name>.text:__aeabi_cdcmple</name>
         <load_address>0xa26c</load_address>
         <run_address>0xa26c</run_address>
         <size>0x86</size>
         <input_file_ref idref="fl-153"/>
      </object_component>
      <object_component id="oc-53d">
         <name>.text:__aeabi_cdrcmple</name>
         <load_address>0xa2f2</load_address>
         <run_address>0xa2f2</run_address>
         <size>0x86</size>
         <input_file_ref idref="fl-153"/>
      </object_component>
      <object_component id="oc-209">
         <name>.text:I2CMCommand</name>
         <load_address>0xa378</load_address>
         <run_address>0xa378</run_address>
         <size>0x84</size>
         <input_file_ref idref="fl-169"/>
      </object_component>
      <object_component id="oc-5e">
         <name>.text</name>
         <load_address>0xa3fc</load_address>
         <run_address>0xa3fc</run_address>
         <size>0x7a</size>
         <input_file_ref idref="fl-145"/>
      </object_component>
      <object_component id="oc-2bf">
         <name>.text:I2CMReadModifyWrite16LE</name>
         <load_address>0xa478</load_address>
         <run_address>0xa478</run_address>
         <size>0x74</size>
         <input_file_ref idref="fl-169"/>
      </object_component>
      <object_component id="oc-456">
         <name>.text:I2CMReadModifyWrite16LECallback</name>
         <load_address>0xa4ec</load_address>
         <run_address>0xa4ec</run_address>
         <size>0x6c</size>
         <input_file_ref idref="fl-169"/>
      </object_component>
      <object_component id="oc-70">
         <name>.text</name>
         <load_address>0xa558</load_address>
         <run_address>0xa558</run_address>
         <size>0x6c</size>
         <input_file_ref idref="fl-150"/>
      </object_component>
      <object_component id="oc-51">
         <name>.text</name>
         <load_address>0xa5c4</load_address>
         <run_address>0xa5c4</run_address>
         <size>0x6a</size>
         <input_file_ref idref="fl-140"/>
      </object_component>
      <object_component id="oc-5d9">
         <name>.text</name>
         <load_address>0xa62e</load_address>
         <run_address>0xa62e</run_address>
         <size>0x66</size>
         <input_file_ref idref="fl-160"/>
      </object_component>
      <object_component id="oc-382">
         <name>.text:IntIsEnabled</name>
         <load_address>0xa694</load_address>
         <run_address>0xa694</run_address>
         <size>0x64</size>
         <input_file_ref idref="fl-16d"/>
      </object_component>
      <object_component id="oc-388">
         <name>.text:IntDisable</name>
         <load_address>0xa6f8</load_address>
         <run_address>0xa6f8</run_address>
         <size>0x60</size>
         <input_file_ref idref="fl-16d"/>
      </object_component>
      <object_component id="oc-2a9">
         <name>.text:IntEnable</name>
         <load_address>0xa758</load_address>
         <run_address>0xa758</run_address>
         <size>0x60</size>
         <input_file_ref idref="fl-16d"/>
      </object_component>
      <object_component id="oc-107">
         <name>.text:TMP006ReadModifyWrite</name>
         <load_address>0xa7b8</load_address>
         <run_address>0xa7b8</run_address>
         <size>0x60</size>
         <input_file_ref idref="fl-168"/>
      </object_component>
      <object_component id="oc-235">
         <name>.text</name>
         <load_address>0xa818</load_address>
         <run_address>0xa818</run_address>
         <size>0x60</size>
         <input_file_ref idref="fl-148"/>
      </object_component>
      <object_component id="oc-1dd">
         <name>.text:I2CMStateWritePause</name>
         <load_address>0xa878</load_address>
         <run_address>0xa878</run_address>
         <size>0x5e</size>
         <input_file_ref idref="fl-169"/>
      </object_component>
      <object_component id="oc-20f">
         <name>.text:TMP006Callback</name>
         <load_address>0xa8d8</load_address>
         <run_address>0xa8d8</run_address>
         <size>0x5c</size>
         <input_file_ref idref="fl-168"/>
      </object_component>
      <object_component id="oc-101">
         <name>.text:TMP006Init</name>
         <load_address>0xa934</load_address>
         <run_address>0xa934</run_address>
         <size>0x5c</size>
         <input_file_ref idref="fl-168"/>
      </object_component>
      <object_component id="oc-493">
         <name>.text:GPIOIntTypeSet</name>
         <load_address>0xa990</load_address>
         <run_address>0xa990</run_address>
         <size>0x56</size>
         <input_file_ref idref="fl-16f"/>
      </object_component>
      <object_component id="oc-547">
         <name>.text</name>
         <load_address>0xa9e6</load_address>
         <run_address>0xa9e6</run_address>
         <size>0x56</size>
         <input_file_ref idref="fl-15a"/>
      </object_component>
      <object_component id="oc-be">
         <name>.text:TMP006DataRead</name>
         <load_address>0xaa3c</load_address>
         <run_address>0xaa3c</run_address>
         <size>0x54</size>
         <input_file_ref idref="fl-168"/>
      </object_component>
      <object_component id="oc-558">
         <name>.text</name>
         <load_address>0xaa90</load_address>
         <run_address>0xaa90</run_address>
         <size>0x52</size>
         <input_file_ref idref="fl-159"/>
      </object_component>
      <object_component id="oc-24">
         <name>.text</name>
         <load_address>0xaae4</load_address>
         <run_address>0xaae4</run_address>
         <size>0x50</size>
         <input_file_ref idref="fl-13e"/>
      </object_component>
      <object_component id="oc-1e3">
         <name>.text:I2CMStateWriteFinal</name>
         <load_address>0xab34</load_address>
         <run_address>0xab34</run_address>
         <size>0x4e</size>
         <input_file_ref idref="fl-169"/>
      </object_component>
      <object_component id="oc-29d">
         <name>.text:_TimerIntNumberGet</name>
         <load_address>0xab84</load_address>
         <run_address>0xab84</run_address>
         <size>0x4c</size>
         <input_file_ref idref="fl-16a"/>
      </object_component>
      <object_component id="oc-3db">
         <name>.text</name>
         <load_address>0xabd0</load_address>
         <run_address>0xabd0</run_address>
         <size>0x4c</size>
         <input_file_ref idref="fl-13d"/>
      </object_component>
      <object_component id="oc-185">
         <name>.text</name>
         <load_address>0xac1c</load_address>
         <run_address>0xac1c</run_address>
         <size>0x4c</size>
         <input_file_ref idref="fl-151"/>
      </object_component>
      <object_component id="oc-3fe">
         <name>.text</name>
         <load_address>0xac68</load_address>
         <run_address>0xac68</run_address>
         <size>0x4a</size>
         <input_file_ref idref="fl-172"/>
      </object_component>
      <object_component id="oc-475">
         <name>.text:GPIOPinConfigure</name>
         <load_address>0xacb4</load_address>
         <run_address>0xacb4</run_address>
         <size>0x48</size>
         <input_file_ref idref="fl-16f"/>
      </object_component>
      <object_component id="oc-1cb">
         <name>.text:I2CMStateReadNext</name>
         <load_address>0xacfc</load_address>
         <run_address>0xacfc</run_address>
         <size>0x48</size>
         <input_file_ref idref="fl-169"/>
      </object_component>
      <object_component id="oc-2b1">
         <name>.text:I2CMasterInitExpClk</name>
         <load_address>0xad44</load_address>
         <run_address>0xad44</run_address>
         <size>0x48</size>
         <input_file_ref idref="fl-16e"/>
      </object_component>
      <object_component id="oc-270">
         <name>.text:_SysCtlFrequencyGet</name>
         <load_address>0xad8c</load_address>
         <run_address>0xad8c</run_address>
         <size>0x48</size>
         <input_file_ref idref="fl-16b"/>
      </object_component>
      <object_component id="oc-542">
         <name>.text</name>
         <load_address>0xadd4</load_address>
         <run_address>0xadd4</run_address>
         <size>0x48</size>
         <input_file_ref idref="fl-156"/>
      </object_component>
      <object_component id="oc-1e9">
         <name>.text:I2CMStateWriteNext</name>
         <load_address>0xae1c</load_address>
         <run_address>0xae1c</run_address>
         <size>0x46</size>
         <input_file_ref idref="fl-169"/>
      </object_component>
      <object_component id="oc-1b3">
         <name>.text:I2CMStateCallback</name>
         <load_address>0xae62</load_address>
         <run_address>0xae62</run_address>
         <size>0x44</size>
         <input_file_ref idref="fl-169"/>
      </object_component>
      <object_component id="oc-7c">
         <name>.text</name>
         <load_address>0xaea8</load_address>
         <run_address>0xaea8</run_address>
         <size>0x44</size>
         <input_file_ref idref="fl-143"/>
      </object_component>
      <object_component id="oc-481">
         <name>.text:SSIConfigSetExpClk</name>
         <load_address>0xaeec</load_address>
         <run_address>0xaeec</run_address>
         <size>0x42</size>
         <input_file_ref idref="fl-16c"/>
      </object_component>
      <object_component id="oc-96">
         <name>.text</name>
         <load_address>0xaf2e</load_address>
         <run_address>0xaf2e</run_address>
         <size>0x42</size>
         <input_file_ref idref="fl-14c"/>
      </object_component>
      <object_component id="oc-622">
         <name>.text</name>
         <load_address>0xaf70</load_address>
         <run_address>0xaf70</run_address>
         <size>0x40</size>
         <input_file_ref idref="fl-166"/>
      </object_component>
      <object_component id="oc-1c5">
         <name>.text:I2CMStateReadFinal</name>
         <load_address>0xafb0</load_address>
         <run_address>0xafb0</run_address>
         <size>0x3e</size>
         <input_file_ref idref="fl-169"/>
      </object_component>
      <object_component id="oc-1bf">
         <name>.text:I2CMStateReadPause</name>
         <load_address>0xafee</load_address>
         <run_address>0xafee</run_address>
         <size>0x3e</size>
         <input_file_ref idref="fl-169"/>
      </object_component>
      <object_component id="oc-3ef">
         <name>.text</name>
         <load_address>0xb02c</load_address>
         <run_address>0xb02c</run_address>
         <size>0x38</size>
         <input_file_ref idref="fl-173"/>
      </object_component>
      <object_component id="oc-fb">
         <name>.text:I2CMInit</name>
         <load_address>0xb064</load_address>
         <run_address>0xb064</run_address>
         <size>0x34</size>
         <input_file_ref idref="fl-169"/>
      </object_component>
      <object_component id="oc-2a3">
         <name>.text:IntRegister</name>
         <load_address>0xb098</load_address>
         <run_address>0xb098</run_address>
         <size>0x34</size>
         <input_file_ref idref="fl-16d"/>
      </object_component>
      <object_component id="oc-46f">
         <name>.text:SysCtlPeripheralEnable</name>
         <load_address>0xb0cc</load_address>
         <run_address>0xb0cc</run_address>
         <size>0x34</size>
         <input_file_ref idref="fl-16b"/>
      </object_component>
      <object_component id="oc-5c5">
         <name>.text</name>
         <load_address>0xb100</load_address>
         <run_address>0xb100</run_address>
         <size>0x34</size>
         <input_file_ref idref="fl-164"/>
      </object_component>
      <object_component id="oc-3e1">
         <name>.text</name>
         <load_address>0xb134</load_address>
         <run_address>0xb134</run_address>
         <size>0x34</size>
         <input_file_ref idref="fl-14b"/>
      </object_component>
      <object_component id="oc-564">
         <name>.text</name>
         <load_address>0xb168</load_address>
         <run_address>0xb168</run_address>
         <size>0x30</size>
         <input_file_ref idref="fl-15e"/>
      </object_component>
      <object_component id="oc-526">
         <name>.text</name>
         <load_address>0xb198</load_address>
         <run_address>0xb198</run_address>
         <size>0x30</size>
         <input_file_ref idref="fl-161"/>
      </object_component>
      <object_component id="oc-54d">
         <name>.text</name>
         <load_address>0xb1c8</load_address>
         <run_address>0xb1c8</run_address>
         <size>0x2e</size>
         <input_file_ref idref="fl-158"/>
      </object_component>
      <object_component id="oc-5fd">
         <name>.text</name>
         <load_address>0xb1f6</load_address>
         <run_address>0xb1f6</run_address>
         <size>0x2e</size>
         <input_file_ref idref="fl-165"/>
      </object_component>
      <object_component id="oc-295">
         <name>.text:GPIODirModeSet</name>
         <load_address>0xb224</load_address>
         <run_address>0xb224</run_address>
         <size>0x2a</size>
         <input_file_ref idref="fl-16f"/>
      </object_component>
      <object_component id="oc-1d1">
         <name>.text:I2CMStateReadFirst</name>
         <load_address>0xb24e</load_address>
         <run_address>0xb24e</run_address>
         <size>0x2a</size>
         <input_file_ref idref="fl-169"/>
      </object_component>
      <object_component id="oc-552">
         <name>.text</name>
         <load_address>0xb278</load_address>
         <run_address>0xb278</run_address>
         <size>0x2a</size>
         <input_file_ref idref="fl-157"/>
      </object_component>
      <object_component id="oc-403">
         <name>.text</name>
         <load_address>0xb2a4</load_address>
         <run_address>0xb2a4</run_address>
         <size>0x24</size>
         <input_file_ref idref="fl-174"/>
      </object_component>
      <object_component id="oc-1d7">
         <name>.text:I2CMStateReadOne</name>
         <load_address>0xb2c8</load_address>
         <run_address>0xb2c8</run_address>
         <size>0x20</size>
         <input_file_ref idref="fl-169"/>
      </object_component>
      <object_component id="oc-26a">
         <name>.text:_SysCtlMemTimingGet</name>
         <load_address>0xb2e8</load_address>
         <run_address>0xb2e8</run_address>
         <size>0x1c</size>
         <input_file_ref idref="fl-16b"/>
      </object_component>
      <object_component id="oc-56a">
         <name>.text</name>
         <load_address>0xb304</load_address>
         <run_address>0xb304</run_address>
         <size>0x1c</size>
         <input_file_ref idref="fl-15b"/>
      </object_component>
      <object_component id="oc-2a">
         <name>.text</name>
         <load_address>0xb320</load_address>
         <run_address>0xb320</run_address>
         <size>0x1a</size>
         <input_file_ref idref="fl-4"/>
      </object_component>
      <object_component id="oc-1b9">
         <name>.text:I2CMStateReadWait</name>
         <load_address>0xb33a</load_address>
         <run_address>0xb33a</run_address>
         <size>0x18</size>
         <input_file_ref idref="fl-169"/>
      </object_component>
      <object_component id="oc-3e9">
         <name>.text:TMP006DataTemperatureGetRaw</name>
         <load_address>0xb352</load_address>
         <run_address>0xb352</run_address>
         <size>0x18</size>
         <input_file_ref idref="fl-168"/>
      </object_component>
      <object_component id="oc-f5">
         <name>.text:TimerIntRegister</name>
         <load_address>0xb36a</load_address>
         <run_address>0xb36a</run_address>
         <size>0x18</size>
         <input_file_ref idref="fl-16a"/>
      </object_component>
      <object_component id="oc-76">
         <name>.text</name>
         <load_address>0xb384</load_address>
         <run_address>0xb384</run_address>
         <size>0x18</size>
         <input_file_ref idref="fl-14f"/>
      </object_component>
      <object_component id="oc-55e">
         <name>.text</name>
         <load_address>0xb39c</load_address>
         <run_address>0xb39c</run_address>
         <size>0x16</size>
         <input_file_ref idref="fl-15c"/>
      </object_component>
      <object_component id="oc-335">
         <name>.text</name>
         <load_address>0xb3b4</load_address>
         <run_address>0xb3b4</run_address>
         <size>0x14</size>
         <input_file_ref idref="fl-14d"/>
      </object_component>
      <object_component id="oc-23b">
         <name>.text</name>
         <load_address>0xb3c8</load_address>
         <run_address>0xb3c8</run_address>
         <size>0x14</size>
         <input_file_ref idref="fl-14a"/>
      </object_component>
      <object_component id="oc-281">
         <name>.text:GPIOPinTypeEthernetLED</name>
         <load_address>0xb3dc</load_address>
         <run_address>0xb3dc</run_address>
         <size>0x12</size>
         <input_file_ref idref="fl-16f"/>
      </object_component>
      <object_component id="oc-48d">
         <name>.text:GPIOPinTypeGPIOInput</name>
         <load_address>0xb3ee</load_address>
         <run_address>0xb3ee</run_address>
         <size>0x12</size>
         <input_file_ref idref="fl-16f"/>
      </object_component>
      <object_component id="oc-e9">
         <name>.text:GPIOPinTypeI2CSCL</name>
         <load_address>0xb400</load_address>
         <run_address>0xb400</run_address>
         <size>0x12</size>
         <input_file_ref idref="fl-16f"/>
      </object_component>
      <object_component id="oc-47b">
         <name>.text:GPIOPinTypeSSI</name>
         <load_address>0xb412</load_address>
         <run_address>0xb412</run_address>
         <size>0x12</size>
         <input_file_ref idref="fl-16f"/>
      </object_component>
      <object_component id="oc-4a5">
         <name>.text:SSIDataGetNonBlocking</name>
         <load_address>0xb424</load_address>
         <run_address>0xb424</run_address>
         <size>0x12</size>
         <input_file_ref idref="fl-16c"/>
      </object_component>
      <object_component id="oc-150">
         <name>.text:FPUEnable</name>
         <load_address>0xb438</load_address>
         <run_address>0xb438</run_address>
         <size>0x10</size>
         <input_file_ref idref="fl-170"/>
      </object_component>
      <object_component id="oc-156">
         <name>.text:FPULazyStackingEnable</name>
         <load_address>0xb448</load_address>
         <run_address>0xb448</run_address>
         <size>0x10</size>
         <input_file_ref idref="fl-170"/>
      </object_component>
      <object_component id="oc-15c">
         <name>.text:GPIOIntDisable</name>
         <load_address>0xb458</load_address>
         <run_address>0xb458</run_address>
         <size>0xe</size>
         <input_file_ref idref="fl-16f"/>
      </object_component>
      <object_component id="oc-b2">
         <name>.text:GPIOIntStatus</name>
         <load_address>0xb466</load_address>
         <run_address>0xb466</run_address>
         <size>0xe</size>
         <input_file_ref idref="fl-16f"/>
      </object_component>
      <object_component id="oc-49f">
         <name>.text:SSIDataPutNonBlocking</name>
         <load_address>0xb474</load_address>
         <run_address>0xb474</run_address>
         <size>0xe</size>
         <input_file_ref idref="fl-16c"/>
      </object_component>
      <object_component id="oc-12">
         <name>.text:decompress:none</name>
         <load_address>0xb482</load_address>
         <run_address>0xb482</run_address>
         <size>0xe</size>
         <input_file_ref idref="fl-13f"/>
      </object_component>
      <object_component id="oc-5a3">
         <name>.text:CPUcpsie</name>
         <load_address>0xb490</load_address>
         <run_address>0xb490</run_address>
         <size>0xc</size>
         <input_file_ref idref="fl-171"/>
      </object_component>
      <object_component id="oc-ef">
         <name>.text:GPIOIntEnable</name>
         <load_address>0xb49c</load_address>
         <run_address>0xb49c</run_address>
         <size>0xc</size>
         <input_file_ref idref="fl-16f"/>
      </object_component>
      <object_component id="oc-38e">
         <name>.text:IntTrigger</name>
         <load_address>0xb4a8</load_address>
         <run_address>0xb4a8</run_address>
         <size>0xc</size>
         <input_file_ref idref="fl-16d"/>
      </object_component>
      <object_component id="oc-1e">
         <name>.text:decompress:ZI</name>
         <load_address>0xb4b4</load_address>
         <run_address>0xb4b4</run_address>
         <size>0xc</size>
         <input_file_ref idref="fl-141"/>
      </object_component>
      <object_component id="oc-44e">
         <name>.text:I2CMasterEnable</name>
         <load_address>0xb4c0</load_address>
         <run_address>0xb4c0</run_address>
         <size>0xa</size>
         <input_file_ref idref="fl-16e"/>
      </object_component>
      <object_component id="oc-499">
         <name>.text:IntMasterEnable</name>
         <load_address>0xb4ca</load_address>
         <run_address>0xb4ca</run_address>
         <size>0xa</size>
         <input_file_ref idref="fl-16d"/>
      </object_component>
      <object_component id="oc-487">
         <name>.text:SSIEnable</name>
         <load_address>0xb4d4</load_address>
         <run_address>0xb4d4</run_address>
         <size>0xa</size>
         <input_file_ref idref="fl-16c"/>
      </object_component>
      <object_component id="oc-1a7">
         <name>.text:I2CMasterIntClear</name>
         <load_address>0xb4de</load_address>
         <run_address>0xb4de</run_address>
         <size>0x8</size>
         <input_file_ref idref="fl-16e"/>
      </object_component>
      <object_component id="oc-2b7">
         <name>.text:I2CMasterIntEnableEx</name>
         <load_address>0xb4e6</load_address>
         <run_address>0xb4e6</run_address>
         <size>0x8</size>
         <input_file_ref idref="fl-16e"/>
      </object_component>
      <object_component id="oc-362">
         <name>.text:I2CMasterSlaveAddrSet</name>
         <load_address>0xb4ee</load_address>
         <run_address>0xb4ee</run_address>
         <size>0x8</size>
         <input_file_ref idref="fl-16e"/>
      </object_component>
      <object_component id="oc-4ab">
         <name>.text:SSIBusy</name>
         <load_address>0xb4f6</load_address>
         <run_address>0xb4f6</run_address>
         <size>0x8</size>
         <input_file_ref idref="fl-16c"/>
      </object_component>
      <object_component id="oc-222">
         <name>.text:SysCtlDelay</name>
         <load_address>0xb4fe</load_address>
         <run_address>0xb4fe</run_address>
         <size>0x6</size>
         <input_file_ref idref="fl-16b"/>
      </object_component>
      <object_component id="oc-18">
         <name>.text:decompress:rle24</name>
         <load_address>0xb504</load_address>
         <run_address>0xb504</run_address>
         <size>0x6</size>
         <input_file_ref idref="fl-140"/>
      </object_component>
      <object_component id="oc-279">
         <name>.const:g_pppui32XTALtoVCO</name>
         <load_address>0xb50c</load_address>
         <run_address>0xb50c</run_address>
         <size>0x120</size>
         <input_file_ref idref="fl-16b"/>
      </object_component>
      <object_component id="oc-518">
         <name>.const:.string:_ctypes_</name>
         <load_address>0xb62c</load_address>
         <run_address>0xb62c</run_address>
         <size>0x101</size>
         <input_file_ref idref="fl-142"/>
      </object_component>
      <object_component id="oc-3b4">
         <name>.const:.string</name>
         <load_address>0xb72d</load_address>
         <run_address>0xb72d</run_address>
         <size>0xc3</size>
         <input_file_ref idref="fl-11"/>
      </object_component>
      <object_component id="oc-2f4">
         <name>.const:$P$T0$1</name>
         <load_address>0xb7f0</load_address>
         <run_address>0xb7f0</run_address>
         <size>0xb0</size>
         <input_file_ref idref="fl-10"/>
      </object_component>
      <object_component id="oc-599">
         <name>.const:g_pui32GPIOBaseAddrs</name>
         <load_address>0xb8a0</load_address>
         <run_address>0xb8a0</run_address>
         <size>0x90</size>
         <input_file_ref idref="fl-16f"/>
      </object_component>
      <object_component id="oc-448">
         <name>.const</name>
         <load_address>0xb930</load_address>
         <run_address>0xb930</run_address>
         <size>0x70</size>
         <input_file_ref idref="fl-16d"/>
      </object_component>
      <object_component id="oc-276">
         <name>.const:g_pui32Xtals</name>
         <load_address>0xb9a0</load_address>
         <run_address>0xb9a0</run_address>
         <size>0x6c</size>
         <input_file_ref idref="fl-16b"/>
      </object_component>
      <object_component id="oc-43c">
         <name>.const:g_ppui32TimerIntMap</name>
         <load_address>0xba0c</load_address>
         <run_address>0xba0c</run_address>
         <size>0x60</size>
         <input_file_ref idref="fl-16a"/>
      </object_component>
      <object_component id="oc-12e">
         <name>.const</name>
         <load_address>0xba6c</load_address>
         <run_address>0xba6c</run_address>
         <size>0x54</size>
         <input_file_ref idref="fl-3"/>
      </object_component>
      <object_component id="oc-43f">
         <name>.const:g_ppui32TimerIntMapSnowflake</name>
         <load_address>0xbac0</load_address>
         <run_address>0xbac0</run_address>
         <size>0x40</size>
         <input_file_ref idref="fl-16a"/>
      </object_component>
      <object_component id="oc-3b7">
         <name>.const:.string:STR_CONTENT</name>
         <load_address>0xbb00</load_address>
         <run_address>0xbb00</run_address>
         <size>0x3f</size>
         <input_file_ref idref="fl-11"/>
      </object_component>
      <object_component id="oc-463">
         <name>.const:OpcodeTranslateTable</name>
         <load_address>0xbb40</load_address>
         <run_address>0xbb40</run_address>
         <size>0x3c</size>
         <input_file_ref idref="fl-8"/>
      </object_component>
      <object_component id="oc-2f7">
         <name>.const</name>
         <load_address>0xbb7c</load_address>
         <run_address>0xbb7c</run_address>
         <size>0x3c</size>
         <input_file_ref idref="fl-10"/>
      </object_component>
      <object_component id="oc-3bd">
         <name>.const:.string:STR_ACCEPT</name>
         <load_address>0xbbb8</load_address>
         <run_address>0xbbb8</run_address>
         <size>0x39</size>
         <input_file_ref idref="fl-11"/>
      </object_component>
      <object_component id="oc-466">
         <name>.const:_SlActionLookupTable</name>
         <load_address>0xbbf4</load_address>
         <run_address>0xbbf4</run_address>
         <size>0x38</size>
         <input_file_ref idref="fl-8"/>
      </object_component>
      <object_component id="oc-50c">
         <name>.const</name>
         <load_address>0xbc2c</load_address>
         <run_address>0xbc2c</run_address>
         <size>0x38</size>
         <input_file_ref idref="fl-a"/>
      </object_component>
      <object_component id="oc-460">
         <name>.const</name>
         <load_address>0xbc64</load_address>
         <run_address>0xbc64</run_address>
         <size>0x34</size>
         <input_file_ref idref="fl-8"/>
      </object_component>
      <object_component id="oc-502">
         <name>.const</name>
         <load_address>0xbc98</load_address>
         <run_address>0xbc98</run_address>
         <size>0x34</size>
         <input_file_ref idref="fl-e"/>
      </object_component>
      <object_component id="oc-424">
         <name>.const:g_sXTALtoMEMTIM</name>
         <load_address>0xbccc</load_address>
         <run_address>0xbccc</run_address>
         <size>0x30</size>
         <input_file_ref idref="fl-16b"/>
      </object_component>
      <object_component id="oc-3c0">
         <name>.const:.string:STR_CONTENT_JSON</name>
         <load_address>0xbcfc</load_address>
         <run_address>0xbcfc</run_address>
         <size>0x2e</size>
         <input_file_ref idref="fl-11"/>
      </object_component>
      <object_component id="oc-12b">
         <name>.const:$P$T0$1</name>
         <load_address>0xbd2c</load_address>
         <run_address>0xbd2c</run_address>
         <size>0x2c</size>
         <input_file_ref idref="fl-3"/>
      </object_component>
      <object_component id="oc-3c3">
         <name>.const:.string:STR_ACCEPT_JSON</name>
         <load_address>0xbd58</load_address>
         <run_address>0xbd58</run_address>
         <size>0x28</size>
         <input_file_ref idref="fl-11"/>
      </object_component>
      <object_component id="oc-30b">
         <name>.const</name>
         <load_address>0xbd80</load_address>
         <run_address>0xbd80</run_address>
         <size>0x28</size>
         <input_file_ref idref="fl-b"/>
      </object_component>
      <object_component id="oc-8a">
         <name>.const</name>
         <load_address>0xbda8</load_address>
         <run_address>0xbda8</run_address>
         <size>0x28</size>
         <input_file_ref idref="fl-5"/>
      </object_component>
      <object_component id="oc-2d8">
         <name>.const</name>
         <load_address>0xbdd0</load_address>
         <run_address>0xbdd0</run_address>
         <size>0x14</size>
         <input_file_ref idref="fl-7"/>
      </object_component>
      <object_component id="oc-19c">
         <name>.const:.string</name>
         <load_address>0xbde4</load_address>
         <run_address>0xbde4</run_address>
         <size>0x12</size>
         <input_file_ref idref="fl-5"/>
      </object_component>
      <object_component id="oc-4ff">
         <name>.const:.string</name>
         <load_address>0xbdf6</load_address>
         <run_address>0xbdf6</run_address>
         <size>0x10</size>
         <input_file_ref idref="fl-e"/>
      </object_component>
      <object_component id="oc-24a">
         <name>.const:.string</name>
         <load_address>0xbe06</load_address>
         <run_address>0xbe06</run_address>
         <size>0xa</size>
         <input_file_ref idref="fl-2"/>
      </object_component>
      <object_component id="oc-2d2">
         <name>.const:.string</name>
         <load_address>0xbe10</load_address>
         <run_address>0xbe10</run_address>
         <size>0x8</size>
         <input_file_ref idref="fl-7"/>
      </object_component>
      <object_component id="oc-27c">
         <name>.const</name>
         <load_address>0xbe18</load_address>
         <run_address>0xbe18</run_address>
         <size>0x8</size>
         <input_file_ref idref="fl-16b"/>
      </object_component>
      <object_component id="oc-301">
         <name>.const</name>
         <load_address>0xbe20</load_address>
         <run_address>0xbe20</run_address>
         <size>0x8</size>
         <input_file_ref idref="fl-c"/>
      </object_component>
      <object_component id="oc-678">
         <name>.cinit..data.load</name>
         <load_address>0xbe28</load_address>
         <run_address>0xbe28</run_address>
         <size>0x7c</size>
      </object_component>
      <object_component id="oc-675">
         <name>__TI_handler_table</name>
         <load_address>0xbea4</load_address>
         <run_address>0xbea4</run_address>
         <size>0xc</size>
      </object_component>
      <object_component id="oc-679">
         <name>.cinit..bss.load</name>
         <load_address>0xbeb0</load_address>
         <run_address>0xbeb0</run_address>
         <size>0x8</size>
      </object_component>
      <object_component id="oc-677">
         <name>.cinit..vtable.load</name>
         <load_address>0xbeb8</load_address>
         <run_address>0xbeb8</run_address>
         <size>0x8</size>
      </object_component>
      <object_component id="oc-676">
         <name>__TI_cinit_table</name>
         <load_address>0xbec0</load_address>
         <run_address>0xbec0</run_address>
         <size>0x18</size>
      </object_component>
      <object_component id="oc-443">
         <name>.vtable</name>
         <uninitialized>true</uninitialized>
         <run_address>0x20000000</run_address>
         <size>0x26c</size>
         <input_file_ref idref="fl-16d"/>
      </object_component>
      <object_component id="oc-29">
         <name>.stack</name>
         <uninitialized>true</uninitialized>
         <run_address>0x2000026c</run_address>
         <size>0x0</size>
         <input_file_ref idref="fl-13e"/>
      </object_component>
      <object_component id="oc-67a">
         <name>.stack</name>
         <uninitialized>true</uninitialized>
         <run_address>0x2000026c</run_address>
         <size>0x0</size>
      </object_component>
      <object_component id="oc-d4">
         <name>.bss:g_sI2CInst</name>
         <uninitialized>true</uninitialized>
         <run_address>0x200019d4</run_address>
         <size>0x124</size>
         <input_file_ref idref="fl-3"/>
      </object_component>
      <object_component id="oc-d7">
         <name>.bss:g_sTMP006Inst</name>
         <uninitialized>true</uninitialized>
         <run_address>0x20001b78</run_address>
         <size>0x30</size>
         <input_file_ref idref="fl-3"/>
      </object_component>
      <object_component id="oc-90">
         <name>.bss:g_pcUARTTxBuffer</name>
         <uninitialized>true</uninitialized>
         <run_address>0x2000126c</run_address>
         <size>0x400</size>
         <input_file_ref idref="fl-5"/>
      </object_component>
      <object_component id="oc-93">
         <name>.bss:g_pcUARTRxBuffer</name>
         <uninitialized>true</uninitialized>
         <run_address>0x20001af8</run_address>
         <size>0x80</size>
         <input_file_ref idref="fl-5"/>
      </object_component>
      <object_component id="oc-45d">
         <name>.bss:g_StatMem</name>
         <uninitialized>true</uninitialized>
         <run_address>0x2000186c</run_address>
         <size>0x168</size>
         <input_file_ref idref="fl-8"/>
      </object_component>
      <object_component id="oc-2ec">
         <name>.bss:g__SlNonOsCB</name>
         <uninitialized>true</uninitialized>
         <run_address>0x20001ba8</run_address>
         <size>0x28</size>
         <input_file_ref idref="fl-d"/>
      </object_component>
      <object_component id="oc-3ad">
         <name>.bss:uuidBuffer</name>
         <uninitialized>true</uninitialized>
         <run_address>0x20001bd0</run_address>
         <size>0x28</size>
         <input_file_ref idref="fl-11"/>
      </object_component>
      <object_component id="oc-3ba">
         <name>.bss:exoPal_rxBuffer</name>
         <uninitialized>true</uninitialized>
         <run_address>0x2000166c</run_address>
         <size>0x200</size>
         <input_file_ref idref="fl-12"/>
      </object_component>
      <object_component id="oc-d0">
         <name>.common:g_vui8DataFlag</name>
         <uninitialized>true</uninitialized>
         <run_address>0x20001c28</run_address>
         <size>0x4</size>
      </object_component>
      <object_component id="oc-d3">
         <name>.common:g_vui8ErrorFlag</name>
         <uninitialized>true</uninitialized>
         <run_address>0x20001c2c</run_address>
         <size>0x4</size>
      </object_component>
      <object_component id="oc-9b">
         <name>.common:g_bDisableEcho</name>
         <uninitialized>true</uninitialized>
         <run_address>0x20001c32</run_address>
         <size>0x1</size>
      </object_component>
      <object_component id="oc-8d">
         <name>.common:g_ui32PortNum</name>
         <uninitialized>true</uninitialized>
         <run_address>0x20001c24</run_address>
         <size>0x4</size>
      </object_component>
      <object_component id="oc-2ef">
         <name>.common:RxIrqCnt</name>
         <uninitialized>true</uninitialized>
         <run_address>0x20001c31</run_address>
         <size>0x1</size>
      </object_component>
      <object_component id="oc-3b0">
         <name>.common:vendorBuffer</name>
         <uninitialized>true</uninitialized>
         <run_address>0x20001c0c</run_address>
         <size>0x14</size>
      </object_component>
      <object_component id="oc-3b3">
         <name>.common:modelBuffer</name>
         <uninitialized>true</uninitialized>
         <run_address>0x20001bf8</run_address>
         <size>0x14</size>
      </object_component>
      <object_component id="oc-168">
         <name>.common:IntIsMasked</name>
         <uninitialized>true</uninitialized>
         <run_address>0x20001c30</run_address>
         <size>0x1</size>
      </object_component>
      <object_component id="oc-162">
         <name>.common:g_SysClock</name>
         <uninitialized>true</uninitialized>
         <run_address>0x20001c20</run_address>
         <size>0x4</size>
      </object_component>
      <object_component id="oc-247">
         <name>.data</name>
         <load_address>0x20001dc8</load_address>
         <run_address>0x20001dc8</run_address>
         <size>0x8</size>
         <input_file_ref idref="fl-2"/>
      </object_component>
      <object_component id="oc-da">
         <name>.data</name>
         <load_address>0x20001da8</load_address>
         <run_address>0x20001da8</run_address>
         <size>0x12</size>
         <input_file_ref idref="fl-3"/>
      </object_component>
      <object_component id="oc-87">
         <name>.data</name>
         <load_address>0x20001d90</load_address>
         <run_address>0x20001d90</run_address>
         <size>0x15</size>
         <input_file_ref idref="fl-5"/>
      </object_component>
      <object_component id="oc-2d5">
         <name>.data</name>
         <load_address>0x20001dbc</load_address>
         <run_address>0x20001dbc</run_address>
         <size>0x9</size>
         <input_file_ref idref="fl-8"/>
      </object_component>
      <object_component id="oc-3a7">
         <name>.data:cikBuffer</name>
         <load_address>0x20001d68</load_address>
         <run_address>0x20001d68</run_address>
         <size>0x28</size>
         <input_file_ref idref="fl-11"/>
      </object_component>
      <object_component id="oc-3aa">
         <name>.data</name>
         <load_address>0x20001dba</load_address>
         <run_address>0x20001dba</run_address>
         <size>0x2</size>
         <input_file_ref idref="fl-11"/>
      </object_component>
      <object_component id="oc-3d8">
         <name>.data</name>
         <load_address>0x20001dd0</load_address>
         <run_address>0x20001dd0</run_address>
         <size>0x8</size>
         <input_file_ref idref="fl-12"/>
      </object_component>
      <object_component id="oc-21d">
         <name>.data</name>
         <load_address>0x20001da5</load_address>
         <run_address>0x20001da5</run_address>
         <size>0x3</size>
         <input_file_ref idref="fl-13"/>
      </object_component>
      <object_component id="oc-165">
         <name>.data</name>
         <load_address>0x20001df0</load_address>
         <run_address>0x20001df0</run_address>
         <size>0x4</size>
         <input_file_ref idref="fl-15"/>
      </object_component>
      <object_component id="oc-192">
         <name>.data</name>
         <load_address>0x20001de0</load_address>
         <run_address>0x20001de0</run_address>
         <size>0x8</size>
         <input_file_ref idref="fl-143"/>
      </object_component>
      <object_component id="oc-82">
         <name>.data</name>
         <load_address>0x20001df8</load_address>
         <run_address>0x20001df8</run_address>
         <size>0x4</size>
         <input_file_ref idref="fl-149"/>
      </object_component>
      <object_component id="oc-18f">
         <name>.data</name>
         <load_address>0x20001dd8</load_address>
         <run_address>0x20001dd8</run_address>
         <size>0x8</size>
         <input_file_ref idref="fl-14d"/>
      </object_component>
      <object_component id="oc-615">
         <name>.data</name>
         <load_address>0x20001ce8</load_address>
         <run_address>0x20001ce8</run_address>
         <size>0x80</size>
         <input_file_ref idref="fl-162"/>
      </object_component>
      <object_component id="oc-5cb">
         <name>.data</name>
         <load_address>0x20001df4</load_address>
         <run_address>0x20001df4</run_address>
         <size>0x4</size>
         <input_file_ref idref="fl-163"/>
      </object_component>
      <object_component id="oc-603">
         <name>.data</name>
         <load_address>0x20001de8</load_address>
         <run_address>0x20001de8</run_address>
         <size>0x8</size>
         <input_file_ref idref="fl-164"/>
      </object_component>
      <object_component id="oc-640">
         <name>.data:sigtable</name>
         <load_address>0x20001c38</load_address>
         <run_address>0x20001c38</run_address>
         <size>0xb0</size>
         <input_file_ref idref="fl-166"/>
      </object_component>
      <object_component id="oc-1a6">
         <name>.debug_info</name>
         <load_address>0x0</load_address>
         <run_address>0x0</run_address>
         <size>0x5cc</size>
         <input_file_ref idref="fl-2"/>
      </object_component>
      <object_component id="oc-248">
         <name>.debug_info</name>
         <load_address>0x5cc</load_address>
         <run_address>0x5cc</run_address>
         <size>0x123</size>
         <input_file_ref idref="fl-2"/>
      </object_component>
      <object_component id="oc-24b">
         <name>.debug_info</name>
         <load_address>0x6ef</load_address>
         <run_address>0x6ef</run_address>
         <size>0xeb</size>
         <input_file_ref idref="fl-2"/>
      </object_component>
      <object_component id="oc-cb">
         <name>.debug_info</name>
         <load_address>0x7da</load_address>
         <run_address>0x7da</run_address>
         <size>0x81e</size>
         <input_file_ref idref="fl-2"/>
      </object_component>
      <object_component id="oc-345">
         <name>.debug_info</name>
         <load_address>0xff8</load_address>
         <run_address>0xff8</run_address>
         <size>0x4e6</size>
         <input_file_ref idref="fl-2"/>
      </object_component>
      <object_component id="oc-34a">
         <name>.debug_info</name>
         <load_address>0x14de</load_address>
         <run_address>0x14de</run_address>
         <size>0x130</size>
         <input_file_ref idref="fl-2"/>
      </object_component>
      <object_component id="oc-34f">
         <name>.debug_info</name>
         <load_address>0x160e</load_address>
         <run_address>0x160e</run_address>
         <size>0xc8</size>
         <input_file_ref idref="fl-2"/>
      </object_component>
      <object_component id="oc-3c7">
         <name>.debug_info</name>
         <load_address>0x16d6</load_address>
         <run_address>0x16d6</run_address>
         <size>0x9d</size>
         <input_file_ref idref="fl-2"/>
      </object_component>
      <object_component id="oc-137">
         <name>.debug_info</name>
         <load_address>0x1773</load_address>
         <run_address>0x1773</run_address>
         <size>0x84</size>
         <input_file_ref idref="fl-2"/>
      </object_component>
      <object_component id="oc-a2">
         <name>.debug_info</name>
         <load_address>0x17f7</load_address>
         <run_address>0x17f7</run_address>
         <size>0x18b</size>
         <input_file_ref idref="fl-2"/>
      </object_component>
      <object_component id="oc-a7">
         <name>.debug_info</name>
         <load_address>0x1982</load_address>
         <run_address>0x1982</run_address>
         <size>0x4e</size>
         <input_file_ref idref="fl-2"/>
      </object_component>
      <object_component id="oc-d1">
         <name>.debug_info</name>
         <load_address>0x19d0</load_address>
         <run_address>0x19d0</run_address>
         <size>0xca1</size>
         <input_file_ref idref="fl-3"/>
      </object_component>
      <object_component id="oc-db">
         <name>.debug_info</name>
         <load_address>0x2671</load_address>
         <run_address>0x2671</run_address>
         <size>0x1c3</size>
         <input_file_ref idref="fl-3"/>
      </object_component>
      <object_component id="oc-d5">
         <name>.debug_info</name>
         <load_address>0x2834</load_address>
         <run_address>0x2834</run_address>
         <size>0xec</size>
         <input_file_ref idref="fl-3"/>
      </object_component>
      <object_component id="oc-d8">
         <name>.debug_info</name>
         <load_address>0x2920</load_address>
         <run_address>0x2920</run_address>
         <size>0xf2</size>
         <input_file_ref idref="fl-3"/>
      </object_component>
      <object_component id="oc-12c">
         <name>.debug_info</name>
         <load_address>0x2a12</load_address>
         <run_address>0x2a12</run_address>
         <size>0xe6</size>
         <input_file_ref idref="fl-3"/>
      </object_component>
      <object_component id="oc-12f">
         <name>.debug_info</name>
         <load_address>0x2af8</load_address>
         <run_address>0x2af8</run_address>
         <size>0x143</size>
         <input_file_ref idref="fl-3"/>
      </object_component>
      <object_component id="oc-37">
         <name>.debug_info</name>
         <load_address>0x2c3b</load_address>
         <run_address>0x2c3b</run_address>
         <size>0x12c1</size>
         <input_file_ref idref="fl-3"/>
      </object_component>
      <object_component id="oc-13c">
         <name>.debug_info</name>
         <load_address>0x3efc</load_address>
         <run_address>0x3efc</run_address>
         <size>0x370</size>
         <input_file_ref idref="fl-3"/>
      </object_component>
      <object_component id="oc-132">
         <name>.debug_info</name>
         <load_address>0x426c</load_address>
         <run_address>0x426c</run_address>
         <size>0xe6</size>
         <input_file_ref idref="fl-3"/>
      </object_component>
      <object_component id="oc-5b9">
         <name>.debug_info</name>
         <load_address>0x4352</load_address>
         <run_address>0x4352</run_address>
         <size>0x164</size>
         <input_file_ref idref="fl-3"/>
      </object_component>
      <object_component id="oc-25a">
         <name>.debug_info</name>
         <load_address>0x44b6</load_address>
         <run_address>0x44b6</run_address>
         <size>0x87f</size>
         <input_file_ref idref="fl-3"/>
      </object_component>
      <object_component id="oc-14b">
         <name>.debug_info</name>
         <load_address>0x4d35</load_address>
         <run_address>0x4d35</run_address>
         <size>0x611</size>
         <input_file_ref idref="fl-3"/>
      </object_component>
      <object_component id="oc-146">
         <name>.debug_info</name>
         <load_address>0x5346</load_address>
         <run_address>0x5346</run_address>
         <size>0x92b</size>
         <input_file_ref idref="fl-3"/>
      </object_component>
      <object_component id="oc-250">
         <name>.debug_info</name>
         <load_address>0x5c71</load_address>
         <run_address>0x5c71</run_address>
         <size>0x4e6</size>
         <input_file_ref idref="fl-3"/>
      </object_component>
      <object_component id="oc-255">
         <name>.debug_info</name>
         <load_address>0x6157</load_address>
         <run_address>0x6157</run_address>
         <size>0x130</size>
         <input_file_ref idref="fl-3"/>
      </object_component>
      <object_component id="oc-141">
         <name>.debug_info</name>
         <load_address>0x6287</load_address>
         <run_address>0x6287</run_address>
         <size>0x6c8</size>
         <input_file_ref idref="fl-3"/>
      </object_component>
      <object_component id="oc-16a">
         <name>.debug_info</name>
         <load_address>0x694f</load_address>
         <run_address>0x694f</run_address>
         <size>0x2c</size>
         <input_file_ref idref="fl-3"/>
      </object_component>
      <object_component id="oc-25f">
         <name>.debug_info</name>
         <load_address>0x697b</load_address>
         <run_address>0x697b</run_address>
         <size>0x46</size>
         <input_file_ref idref="fl-3"/>
      </object_component>
      <object_component id="oc-4b2">
         <name>.debug_info</name>
         <load_address>0x69c1</load_address>
         <run_address>0x69c1</run_address>
         <size>0x2c</size>
         <input_file_ref idref="fl-3"/>
      </object_component>
      <object_component id="oc-17c">
         <name>.debug_info</name>
         <load_address>0x69ed</load_address>
         <run_address>0x69ed</run_address>
         <size>0x2c</size>
         <input_file_ref idref="fl-3"/>
      </object_component>
      <object_component id="oc-44">
         <name>.debug_info</name>
         <load_address>0x6a19</load_address>
         <run_address>0x6a19</run_address>
         <size>0x1d2</size>
         <input_file_ref idref="fl-4"/>
      </object_component>
      <object_component id="oc-10">
         <name>.debug_info</name>
         <load_address>0x6beb</load_address>
         <run_address>0x6beb</run_address>
         <size>0x105</size>
         <input_file_ref idref="fl-4"/>
      </object_component>
      <object_component id="oc-2b">
         <name>.debug_info</name>
         <load_address>0x6cf0</load_address>
         <run_address>0x6cf0</run_address>
         <size>0x286</size>
         <input_file_ref idref="fl-4"/>
      </object_component>
      <object_component id="oc-8e">
         <name>.debug_info</name>
         <load_address>0x6f76</load_address>
         <run_address>0x6f76</run_address>
         <size>0x199</size>
         <input_file_ref idref="fl-5"/>
      </object_component>
      <object_component id="oc-91">
         <name>.debug_info</name>
         <load_address>0x710f</load_address>
         <run_address>0x710f</run_address>
         <size>0x10d</size>
         <input_file_ref idref="fl-5"/>
      </object_component>
      <object_component id="oc-88">
         <name>.debug_info</name>
         <load_address>0x721c</load_address>
         <run_address>0x721c</run_address>
         <size>0x1ed</size>
         <input_file_ref idref="fl-5"/>
      </object_component>
      <object_component id="oc-94">
         <name>.debug_info</name>
         <load_address>0x7409</load_address>
         <run_address>0x7409</run_address>
         <size>0x10d</size>
         <input_file_ref idref="fl-5"/>
      </object_component>
      <object_component id="oc-8b">
         <name>.debug_info</name>
         <load_address>0x7516</load_address>
         <run_address>0x7516</run_address>
         <size>0x181</size>
         <input_file_ref idref="fl-5"/>
      </object_component>
      <object_component id="oc-31">
         <name>.debug_info</name>
         <load_address>0x7697</load_address>
         <run_address>0x7697</run_address>
         <size>0x134d</size>
         <input_file_ref idref="fl-5"/>
      </object_component>
      <object_component id="oc-9d">
         <name>.debug_info</name>
         <load_address>0x89e4</load_address>
         <run_address>0x89e4</run_address>
         <size>0x8b</size>
         <input_file_ref idref="fl-5"/>
      </object_component>
      <object_component id="oc-4b7">
         <name>.debug_info</name>
         <load_address>0x8a6f</load_address>
         <run_address>0x8a6f</run_address>
         <size>0x794</size>
         <input_file_ref idref="fl-6"/>
      </object_component>
      <object_component id="oc-2cd">
         <name>.debug_info</name>
         <load_address>0x9203</load_address>
         <run_address>0x9203</run_address>
         <size>0x8c0</size>
         <input_file_ref idref="fl-6"/>
      </object_component>
      <object_component id="oc-2dc">
         <name>.debug_info</name>
         <load_address>0x9ac3</load_address>
         <run_address>0x9ac3</run_address>
         <size>0x82d</size>
         <input_file_ref idref="fl-7"/>
      </object_component>
      <object_component id="oc-2d3">
         <name>.debug_info</name>
         <load_address>0xa2f0</load_address>
         <run_address>0xa2f0</run_address>
         <size>0x12a</size>
         <input_file_ref idref="fl-7"/>
      </object_component>
      <object_component id="oc-2d9">
         <name>.debug_info</name>
         <load_address>0xa41a</load_address>
         <run_address>0xa41a</run_address>
         <size>0x212</size>
         <input_file_ref idref="fl-7"/>
      </object_component>
      <object_component id="oc-10e">
         <name>.debug_info</name>
         <load_address>0xa62c</load_address>
         <run_address>0xa62c</run_address>
         <size>0x137e</size>
[...]
      </symbol>
      <symbol id="sm-ad3">
         <name>__TI_decompress_rle24</name>
         <value>0xb505</value>
         <object_component_ref idref="oc-18"/>
      </symbol>
      <symbol id="sm-ae5">
         <name>__TI_zero_init</name>
         <value>0xb4b5</value>
         <object_component_ref idref="oc-1e"/>
      </symbol>
      <symbol id="sm-af0">
         <name>_ctypes_</name>
         <value>0xb62c</value>
         <object_component_ref idref="oc-518"/>
      </symbol>
      <symbol id="sm-b0f">
         <name>C$$EXIT</name>
         <value>0xaea9</value>
         <object_component_ref idref="oc-7c"/>
      </symbol>
      <symbol id="sm-b10">
         <name>abort</name>
         <value>0xaead</value>
         <object_component_ref idref="oc-7c"/>
      </symbol>
      <symbol id="sm-b11">
         <name>exit</name>
         <value>0xaeb5</value>
         <object_component_ref idref="oc-7c"/>
      </symbol>
      <symbol id="sm-b12">
         <name>__TI_dtors_ptr</name>
         <value>0x20001de4</value>
         <object_component_ref idref="oc-192"/>
      </symbol>
      <symbol id="sm-b13">
         <name>__TI_cleanup_ptr</name>
         <value>0x20001de0</value>
         <object_component_ref idref="oc-192"/>
      </symbol>
      <symbol id="sm-b2e">
         <name>memcpy</name>
         <value>0xa0a3</value>
         <object_component_ref idref="oc-45"/>
      </symbol>
      <symbol id="sm-b2f">
         <name>__aeabi_memcpy</name>
         <value>0xa0a3</value>
         <object_component_ref idref="oc-45"/>
      </symbol>
      <symbol id="sm-b30">
         <name>__aeabi_memcpy8</name>
         <value>0xa0a3</value>
         <object_component_ref idref="oc-45"/>
      </symbol>
      <symbol id="sm-b31">
         <name>__aeabi_memcpy4</name>
         <value>0xa0a3</value>
         <object_component_ref idref="oc-45"/>
      </symbol>
      <symbol id="sm-b40">
         <name>__aeabi_memset</name>
         <value>0xa3ff</value>
         <object_component_ref idref="oc-5e"/>
      </symbol>
      <symbol id="sm-b41">
         <name>memset</name>
         <value>0xa405</value>
         <object_component_ref idref="oc-5e"/>
      </symbol>
      <symbol id="sm-b42">
         <name>__aeabi_memset8</name>
         <value>0xa3ff</value>
         <object_component_ref idref="oc-5e"/>
      </symbol>
      <symbol id="sm-b43">
         <name>__aeabi_memset4</name>
         <value>0xa3ff</value>
         <object_component_ref idref="oc-5e"/>
      </symbol>
      <symbol id="sm-b44">
         <name>__aeabi_memclr8</name>
         <value>0xa3fd</value>
         <object_component_ref idref="oc-5e"/>
      </symbol>
      <symbol id="sm-b45">
         <name>__aeabi_memclr4</name>
         <value>0xa3fd</value>
         <object_component_ref idref="oc-5e"/>
      </symbol>
      <symbol id="sm-b46">
         <name>__aeabi_memclr</name>
         <value>0xa3fd</value>
         <object_component_ref idref="oc-5e"/>
      </symbol>
      <symbol id="sm-b50">
         <name>_system_pre_init</name>
         <value>0x7b15</value>
         <object_component_ref idref="oc-6a"/>
      </symbol>
      <symbol id="sm-b71">
         <name>snprintf</name>
         <value>0xa1d9</value>
         <object_component_ref idref="oc-241"/>
      </symbol>
      <symbol id="sm-b85">
         <name>sprintf</name>
         <value>0xa819</value>
         <object_component_ref idref="oc-235"/>
      </symbol>
      <symbol id="sm-b8d">
         <name>main_func_sp</name>
         <value>0x20001df8</value>
         <object_component_ref idref="oc-82"/>
      </symbol>
      <symbol id="sm-b9b">
         <name>strlen</name>
         <value>0xb3c9</value>
         <object_component_ref idref="oc-23b"/>
      </symbol>
      <symbol id="sm-bae">
         <name>strstr</name>
         <value>0xb135</value>
         <object_component_ref idref="oc-3e1"/>
      </symbol>
      <symbol id="sm-bc1">
         <name>__aeabi_uidivmod</name>
         <value>0xaf2f</value>
         <object_component_ref idref="oc-96"/>
      </symbol>
      <symbol id="sm-bc2">
         <name>__aeabi_uidiv</name>
         <value>0xaf2f</value>
         <object_component_ref idref="oc-96"/>
      </symbol>
      <symbol id="sm-bdb">
         <name>_nop</name>
         <value>0xb3c3</value>
         <object_component_ref idref="oc-335"/>
      </symbol>
      <symbol id="sm-bdc">
         <name>_lock</name>
         <value>0x20001dd8</value>
         <object_component_ref idref="oc-18f"/>
      </symbol>
      <symbol id="sm-bdd">
         <name>_unlock</name>
         <value>0x20001ddc</value>
         <object_component_ref idref="oc-18f"/>
      </symbol>
      <symbol id="sm-bde">
         <name>_register_lock</name>
         <value>0xb3bb</value>
         <object_component_ref idref="oc-335"/>
      </symbol>
      <symbol id="sm-bdf">
         <name>_register_unlock</name>
         <value>0xb3b5</value>
         <object_component_ref idref="oc-335"/>
      </symbol>
      <symbol id="sm-ce4">
         <name>__TI_printfi</name>
         <value>0x2bb9</value>
         <object_component_ref idref="oc-40a"/>
      </symbol>
      <symbol id="sm-cf9">
         <name>_args_main</name>
         <value>0xb385</value>
         <object_component_ref idref="oc-76"/>
      </symbol>
      <symbol id="sm-d1f">
         <name>__TI_auto_init</name>
         <value>0xa559</value>
         <object_component_ref idref="oc-70"/>
      </symbol>
      <symbol id="sm-d39">
         <name>copy_in</name>
         <value>0xac1d</value>
         <object_component_ref idref="oc-185"/>
      </symbol>
      <symbol id="sm-d5d">
         <name>__aeabi_dsub</name>
         <value>0x945d</value>
         <object_component_ref idref="oc-3f9"/>
      </symbol>
      <symbol id="sm-d5e">
         <name>__aeabi_dadd</name>
         <value>0x9467</value>
         <object_component_ref idref="oc-3f9"/>
      </symbol>
      <symbol id="sm-d85">
         <name>__aeabi_cdcmpeq</name>
         <value>0xa26d</value>
         <object_component_ref idref="oc-533"/>
      </symbol>
      <symbol id="sm-d86">
         <name>__aeabi_cdcmple</name>
         <value>0xa26d</value>
         <object_component_ref idref="oc-533"/>
      </symbol>
      <symbol id="sm-d87">
         <name>__aeabi_cdrcmple</name>
         <value>0xa2f3</value>
         <object_component_ref idref="oc-53d"/>
      </symbol>
      <symbol id="sm-da7">
         <name>__aeabi_ddiv</name>
         <value>0x975d</value>
         <object_component_ref idref="oc-538"/>
      </symbol>
      <symbol id="sm-dbe">
         <name>__aeabi_dmul</name>
         <value>0x9d05</value>
         <object_component_ref idref="oc-3f4"/>
      </symbol>
      <symbol id="sm-dcc">
         <name>__aeabi_d2iz</name>
         <value>0xadd5</value>
         <object_component_ref idref="oc-542"/>
      </symbol>
      <symbol id="sm-dd9">
         <name>frexp</name>
         <value>0xb279</value>
         <object_component_ref idref="oc-552"/>
      </symbol>
      <symbol id="sm-de5">
         <name>__aeabi_i2d</name>
         <value>0xb1c9</value>
         <object_component_ref idref="oc-54d"/>
      </symbol>
      <symbol id="sm-df6">
         <name>ldexp</name>
         <value>0xaa91</value>
         <object_component_ref idref="oc-558"/>
      </symbol>
      <symbol id="sm-e05">
         <name>ltoa</name>
         <value>0xa9e7</value>
         <object_component_ref idref="oc-547"/>
      </symbol>
      <symbol id="sm-e15">
         <name>memccpy</name>
         <value>0xb305</value>
         <object_component_ref idref="oc-56a"/>
      </symbol>
      <symbol id="sm-e25">
         <name>strchr</name>
         <value>0xb39d</value>
         <object_component_ref idref="oc-55e"/>
      </symbol>
      <symbol id="sm-e4f">
         <name>__aeabi_uldivmod</name>
         <value>0x9269</value>
         <object_component_ref idref="oc-52e"/>
      </symbol>
      <symbol id="sm-e5d">
         <name>_Dclass</name>
         <value>0xb169</value>
         <object_component_ref idref="oc-564"/>
      </symbol>
      <symbol id="sm-e7e">
         <name>_Dscale</name>
         <value>0x9af1</value>
         <object_component_ref idref="oc-5e1"/>
      </symbol>
      <symbol id="sm-e92">
         <name>_Dunscale</name>
         <value>0xa62f</value>
         <object_component_ref idref="oc-5d9"/>
      </symbol>
      <symbol id="sm-ea1">
         <name>_Feraise</name>
         <value>0xb199</value>
         <object_component_ref idref="oc-526"/>
      </symbol>
      <symbol id="sm-eb1">
         <name>_Rteps</name>
         <value>0x20001d48</value>
         <object_component_ref idref="oc-615"/>
      </symbol>
      <symbol id="sm-eb2">
         <name>_Zero</name>
         <value>0x20001d60</value>
         <object_component_ref idref="oc-615"/>
      </symbol>
      <symbol id="sm-eb3">
         <name>_Hugeval</name>
         <value>0x20001d08</value>
         <object_component_ref idref="oc-615"/>
      </symbol>
      <symbol id="sm-eb4">
         <name>_Snan</name>
         <value>0x20001d38</value>
         <object_component_ref idref="oc-615"/>
      </symbol>
      <symbol id="sm-eb5">
         <name>_Nan</name>
         <value>0x20001d28</value>
         <object_component_ref idref="oc-615"/>
      </symbol>
      <symbol id="sm-eb6">
         <name>_Inf</name>
         <value>0x20001d18</value>
         <object_component_ref idref="oc-615"/>
      </symbol>
      <symbol id="sm-eb7">
         <name>_Xbig</name>
         <value>0x20001d58</value>
         <object_component_ref idref="oc-615"/>
      </symbol>
      <symbol id="sm-eb8">
         <name>_Eps</name>
         <value>0x20001cf8</value>
         <object_component_ref idref="oc-615"/>
      </symbol>
      <symbol id="sm-eb9">
         <name>_Denorm</name>
         <value>0x20001ce8</value>
         <object_component_ref idref="oc-615"/>
      </symbol>
      <symbol id="sm-ec1">
         <name>_Errno</name>
         <value>0x20001df4</value>
         <object_component_ref idref="oc-5cb"/>
      </symbol>
      <symbol id="sm-edf">
         <name>feraiseexcept</name>
         <value>0xb101</value>
         <object_component_ref idref="oc-5c5"/>
      </symbol>
      <symbol id="sm-ee0">
         <name>_Tls_setup__Fenv</name>
         <value>0x20001dec</value>
         <object_component_ref idref="oc-603"/>
      </symbol>
      <symbol id="sm-ee1">
         <name>_Fenv</name>
         <value>0x20001de8</value>
         <object_component_ref idref="oc-603"/>
      </symbol>
      <symbol id="sm-ef5">
         <name>raise</name>
         <value>0xb1f7</value>
         <object_component_ref idref="oc-5fd"/>
      </symbol>
      <symbol id="sm-f0f">
         <name>signal</name>
         <value>0xaf71</value>
         <object_component_ref idref="oc-622"/>
      </symbol>
      <symbol id="sm-f24">
         <name>_Dnorm</name>
         <value>0x9fe5</value>
         <object_component_ref idref="oc-60b"/>
      </symbol>
      <symbol id="sm-f89">
         <name>TMP006DataTemperatureGetRaw</name>
         <value>0xb353</value>
         <object_component_ref idref="oc-3e9"/>
      </symbol>
      <symbol id="sm-f8a">
         <name>TMP006Init</name>
         <value>0xa935</value>
         <object_component_ref idref="oc-101"/>
      </symbol>
      <symbol id="sm-f8b">
         <name>TMP006DataTemperatureGetFloat</name>
         <value>0x8e69</value>
         <object_component_ref idref="oc-22f"/>
      </symbol>
      <symbol id="sm-f8c">
         <name>TMP006DataRead</name>
         <value>0xaa3d</value>
         <object_component_ref idref="oc-be"/>
      </symbol>
      <symbol id="sm-f8d">
         <name>TMP006ReadModifyWrite</name>
         <value>0xa7b9</value>
         <object_component_ref idref="oc-107"/>
      </symbol>
      <symbol id="sm-1071">
         <name>I2CMCommand</name>
         <value>0xa379</value>
         <object_component_ref idref="oc-209"/>
      </symbol>
      <symbol id="sm-1072">
         <name>I2CMReadModifyWrite16LE</name>
         <value>0xa479</value>
         <object_component_ref idref="oc-2bf"/>
      </symbol>
      <symbol id="sm-1073">
         <name>I2CMInit</name>
         <value>0xb065</value>
         <object_component_ref idref="oc-fb"/>
      </symbol>
      <symbol id="sm-1074">
         <name>I2CMIntHandler</name>
         <value>0x9e01</value>
         <object_component_ref idref="oc-ac"/>
      </symbol>
      <symbol id="sm-10ae">
         <name>TimerIntRegister</name>
         <value>0xb36b</value>
         <object_component_ref idref="oc-f5"/>
      </symbol>
      <symbol id="sm-1126">
         <name>SysCtlDelay</name>
         <value>0xb4ff</value>
         <object_component_ref idref="oc-222"/>
      </symbol>
      <symbol id="sm-1127">
         <name>SysCtlPeripheralEnable</name>
         <value>0xb0cd</value>
         <object_component_ref idref="oc-46f"/>
      </symbol>
      <symbol id="sm-1128">
         <name>SysCtlClockFreqSet</name>
         <value>0x906d</value>
         <object_component_ref idref="oc-dd"/>
      </symbol>
      <symbol id="sm-115a">
         <name>SSIDataGetNonBlocking</name>
         <value>0xb425</value>
         <object_component_ref idref="oc-4a5"/>
      </symbol>
      <symbol id="sm-115b">
         <name>SSIDataPutNonBlocking</name>
         <value>0xb475</value>
         <object_component_ref idref="oc-49f"/>
      </symbol>
      <symbol id="sm-115c">
         <name>SSIConfigSetExpClk</name>
         <value>0xaeed</value>
         <object_component_ref idref="oc-481"/>
      </symbol>
      <symbol id="sm-115d">
         <name>SSIEnable</name>
         <value>0xb4d5</value>
         <object_component_ref idref="oc-487"/>
      </symbol>
      <symbol id="sm-115e">
         <name>SSIBusy</name>
         <value>0xb4f7</value>
         <object_component_ref idref="oc-4ab"/>
      </symbol>
      <symbol id="sm-11cd">
         <name>IntIsEnabled</name>
         <value>0xa695</value>
         <object_component_ref idref="oc-382"/>
      </symbol>
      <symbol id="sm-11ce">
         <name>IntEnable</name>
         <value>0xa759</value>
         <object_component_ref idref="oc-2a9"/>
      </symbol>
      <symbol id="sm-11cf">
         <name>IntTrigger</name>
         <value>0xb4a9</value>
         <object_component_ref idref="oc-38e"/>
      </symbol>
      <symbol id="sm-11d0">
         <name>IntDisable</name>
         <value>0xa6f9</value>
         <object_component_ref idref="oc-388"/>
      </symbol>
      <symbol id="sm-11d1">
         <name>IntRegister</name>
         <value>0xb099</value>
         <object_component_ref idref="oc-2a3"/>
      </symbol>
      <symbol id="sm-11d2">
         <name>g_pfnRAMVectors</name>
         <value>0x20000000</value>
         <object_component_ref idref="oc-443"/>
      </symbol>
      <symbol id="sm-11d3">
         <name>IntMasterEnable</name>
         <value>0xb4cb</value>
         <object_component_ref idref="oc-499"/>
      </symbol>
      <symbol id="sm-121c">
         <name>I2CMasterDataPut</name>
         <value>0x61e5</value>
         <object_component_ref idref="oc-36a"/>
      </symbol>
      <symbol id="sm-121d">
         <name>I2CMasterInitExpClk</name>
         <value>0xad45</value>
         <object_component_ref idref="oc-2b1"/>
      </symbol>
      <symbol id="sm-121e">
         <name>I2CMasterSlaveAddrSet</name>
         <value>0xb4ef</value>
         <object_component_ref idref="oc-362"/>
      </symbol>
      <symbol id="sm-121f">
         <name>I2CMasterDataGet</name>
         <value>0x562d</value>
         <object_component_ref idref="oc-358"/>
      </symbol>
      <symbol id="sm-1220">
         <name>I2CMasterIntEnableEx</name>
         <value>0xb4e7</value>
         <object_component_ref idref="oc-2b7"/>
      </symbol>
      <symbol id="sm-1221">
         <name>I2CMasterControl</name>
         <value>0x492d</value>
         <object_component_ref idref="oc-1ad"/>
      </symbol>
      <symbol id="sm-1222">
         <name>I2CMasterEnable</name>
         <value>0xb4c1</value>
         <object_component_ref idref="oc-44e"/>
      </symbol>
      <symbol id="sm-1223">
         <name>I2CMasterIntClear</name>
         <value>0xb4df</value>
         <object_component_ref idref="oc-1a7"/>
      </symbol>
      <symbol id="sm-12ab">
         <name>GPIOPinConfigure</name>
         <value>0xacb5</value>
         <object_component_ref idref="oc-475"/>
      </symbol>
      <symbol id="sm-12ac">
         <name>GPIOPinTypeI2CSCL</name>
         <value>0xb401</value>
         <object_component_ref idref="oc-e9"/>
      </symbol>
      <symbol id="sm-12ad">
         <name>GPIOIntDisable</name>
         <value>0xb459</value>
         <object_component_ref idref="oc-15c"/>
      </symbol>
      <symbol id="sm-12ae">
         <name>GPIOIntEnable</name>
         <value>0xb49d</value>
         <object_component_ref idref="oc-ef"/>
      </symbol>
      <symbol id="sm-12af">
         <name>GPIOIntTypeSet</name>
         <value>0xa991</value>
         <object_component_ref idref="oc-493"/>
      </symbol>
      <symbol id="sm-12b0">
         <name>GPIOPinTypeGPIOInput</name>
         <value>0xb3ef</value>
         <object_component_ref idref="oc-48d"/>
      </symbol>
      <symbol id="sm-12b1">
         <name>GPIOIntClear</name>
         <value>0x9613</value>
         <object_component_ref idref="oc-b8"/>
      </symbol>
      <symbol id="sm-12b2">
         <name>GPIOIntStatus</name>
         <value>0xb467</value>
         <object_component_ref idref="oc-b2"/>
      </symbol>
      <symbol id="sm-12b3">
         <name>GPIOPinRead</name>
         <value>0x99c3</value>
         <object_component_ref idref="oc-28d"/>
      </symbol>
      <symbol id="sm-12b4">
         <name>GPIODirModeSet</name>
         <value>0xb225</value>
         <object_component_ref idref="oc-295"/>
      </symbol>
      <symbol id="sm-12b5">
         <name>GPIOPinWrite</name>
         <value>0x9ef3</value>
         <object_component_ref idref="oc-287"/>
      </symbol>
      <symbol id="sm-12b6">
         <name>GPIOPadConfigSet</name>
         <value>0x9893</value>
         <object_component_ref idref="oc-217"/>
      </symbol>
      <symbol id="sm-12b7">
         <name>GPIOPinTypeSSI</name>
         <value>0xb413</value>
         <object_component_ref idref="oc-47b"/>
      </symbol>
      <symbol id="sm-12b8">
         <name>GPIOPinTypeEthernetLED</name>
         <value>0xb3dd</value>
         <object_component_ref idref="oc-281"/>
      </symbol>
      <symbol id="sm-12ce">
         <name>FPULazyStackingEnable</name>
         <value>0xb449</value>
         <object_component_ref idref="oc-156"/>
      </symbol>
      <symbol id="sm-12cf">
         <name>FPUEnable</name>
         <value>0xb439</value>
         <object_component_ref idref="oc-150"/>
      </symbol>
      <symbol id="sm-12d9">
         <name>CPUcpsie</name>
         <value>0xb491</value>
         <object_component_ref idref="oc-5a3"/>
      </symbol>
      <symbol id="sm-12e5">
         <name>__aeabi_d2f</name>
         <value>0xac69</value>
         <object_component_ref idref="oc-3fe"/>
      </symbol>
      <symbol id="sm-12f3">
         <name>__aeabi_f2d</name>
         <value>0xb02d</value>
         <object_component_ref idref="oc-3ef"/>
      </symbol>
      <symbol id="sm-1303">
         <name>sqrtf</name>
         <value>0xb2a5</value>
         <object_component_ref idref="oc-403"/>
      </symbol>
      <symbol id="sm-1304">
         <name>__TI_static_base__</name>
         <value>0x0</value>
      </symbol>
      <symbol id="sm-1307">
         <name>SHT$$INIT_ARRAY$$Limit</name>
         <value>0x0</value>
      </symbol>
      <symbol id="sm-1308">
         <name>SHT$$INIT_ARRAY$$Base</name>
         <value>0x0</value>
      </symbol>
   </symbol_table>
   <title>Link successful</title>
</link_info>
